---
http_interactions:
- request:
    method: post
    uri: https://api.stripe.com/v1/customers/cus_JLuXayeaSs6A0w
    body:
      encoding: UTF-8
      string: card=tok_0IjEqHm0T0GBfX0vQsTgdvAf
    headers:
      User-Agent:
      - Stripe/v1 RubyBindings/3.3.2
      Content-Type:
      - application/x-www-form-urlencoded
      Accept-Encoding:
      - gzip;q=1.0,deflate;q=0.6,identity;q=0.3
      Accept:
      - "*/*"
  response:
    status:
      code: 200
      message: OK
    headers:
      Server:
      - nginx
      Date:
      - Fri, 23 Apr 2021 02:34:07 GMT
      Content-Type:
      - application/json
      Content-Length:
      - '2872'
      Connection:
      - keep-alive
      Access-Control-Allow-Credentials:
      - 'true'
      Access-Control-Allow-Methods:
      - GET, POST, HEAD, OPTIONS, DELETE
      Access-Control-Allow-Origin:
      - "*"
      Access-Control-Expose-Headers:
      - Request-Id, Stripe-Manage-Version, X-Stripe-External-Auth-Required, X-Stripe-Privileged-Session-Required
      Access-Control-Max-Age:
      - '300'
      Cache-Control:
      - no-cache, no-store
      Request-Id:
      - req_Cj4fnFBjJCNWB7
      Stripe-Version:
      - '2014-12-08'
      X-Stripe-C-Cost:
      - '3'
      Strict-Transport-Security:
      - max-age=31556926; includeSubDomains; preload
    body:
      encoding: UTF-8
      string: |
        {
          "id": "cus_JLuXayeaSs6A0w",
          "object": "customer",
          "account_balance": 0,
          "address": null,
          "balance": 0,
          "cards": {
            "object": "list",
            "data": [
              {
                "id": "card_0IjEqGm0T0GBfX0vBm0pX13l",
                "object": "card",
                "address_city": null,
                "address_country": null,
                "address_line1": null,
                "address_line1_check": null,
                "address_line2": null,
                "address_state": null,
                "address_zip": null,
                "address_zip_check": null,
                "brand": "Visa",
                "country": "US",
                "customer": "cus_JLuXayeaSs6A0w",
                "cvc_check": "pass",
                "dynamic_last4": null,
                "exp_month": 12,
                "exp_year": 2025,
                "fingerprint": "70B1BgindTYnDA3n",
                "funding": "credit",
                "last4": "4242",
                "metadata": {
                },
                "name": null,
                "tokenization_method": null
              }
            ],
            "has_more": false,
            "total_count": 1,
            "url": "/v1/customers/cus_JLuXayeaSs6A0w/cards"
          },
          "created": 1619137096,
          "currency": null,
          "default_card": "card_0IjEqGm0T0GBfX0vBm0pX13l",
          "default_source": "card_0IjEqGm0T0GBfX0vBm0pX13l",
          "delinquent": false,
          "description": null,
          "discount": null,
          "email": "test_user@test.com",
          "invoice_prefix": "845CD1B5",
          "invoice_settings": {
            "custom_fields": null,
            "default_payment_method": null,
            "footer": null
          },
          "livemode": false,
          "metadata": {
          },
          "name": null,
          "next_invoice_sequence": 1,
          "phone": null,
          "preferred_locales": [

          ],
          "shipping": null,
          "sources": {
            "object": "list",
            "data": [
              {
                "id": "card_0IjEqGm0T0GBfX0vBm0pX13l",
                "object": "card",
                "address_city": null,
                "address_country": null,
                "address_line1": null,
                "address_line1_check": null,
                "address_line2": null,
                "address_state": null,
                "address_zip": null,
                "address_zip_check": null,
                "brand": "Visa",
                "country": "US",
                "customer": "cus_JLuXayeaSs6A0w",
                "cvc_check": "pass",
                "dynamic_last4": null,
                "exp_month": 12,
                "exp_year": 2025,
                "fingerprint": "70B1BgindTYnDA3n",
                "funding": "credit",
                "last4": "4242",
                "metadata": {
                },
                "name": null,
                "tokenization_method": null
              }
            ],
            "has_more": false,
            "total_count": 1,
            "url": "/v1/customers/cus_JLuXayeaSs6A0w/sources"
          },
          "subscriptions": {
            "object": "list",
            "data": [

            ],
            "has_more": false,
            "total_count": 0,
            "url": "/v1/customers/cus_JLuXayeaSs6A0w/subscriptions"
          },
          "tax_exempt": "none",
          "tax_ids": {
            "object": "list",
            "data": [

            ],
            "has_more": false,
            "total_count": 0,
            "url": "/v1/customers/cus_JLuXayeaSs6A0w/tax_ids"
          },
          "tax_info": null,
          "tax_info_verification": null
        }
    http_version:
  recorded_at: Fri, 23 Apr 2021 02:34:07 GMT
- request:
    method: post
    uri: https://api.stripe.com/v1/customers/cus_JLwzsq4uYFP4cF
    body:
      encoding: UTF-8
      string: card=tok_0IjSOem0T0GBfX0v1tkTRLnN
    headers:
      User-Agent:
      - Stripe/v1 RubyBindings/3.3.2
      Content-Type:
      - application/x-www-form-urlencoded
      Accept-Encoding:
      - gzip;q=1.0,deflate;q=0.6,identity;q=0.3
      Accept:
      - "*/*"
  response:
    status:
      code: 200
      message: OK
    headers:
      Server:
      - nginx
      Date:
      - Fri, 23 Apr 2021 17:02:29 GMT
      Content-Type:
      - application/json
      Content-Length:
      - '2872'
      Connection:
      - keep-alive
      Access-Control-Allow-Credentials:
      - 'true'
      Access-Control-Allow-Methods:
      - GET, POST, HEAD, OPTIONS, DELETE
      Access-Control-Allow-Origin:
      - "*"
      Access-Control-Expose-Headers:
      - Request-Id, Stripe-Manage-Version, X-Stripe-External-Auth-Required, X-Stripe-Privileged-Session-Required
      Access-Control-Max-Age:
      - '300'
      Cache-Control:
      - no-cache, no-store
      Request-Id:
      - req_BEQuZfrIxjsvOn
      Stripe-Version:
      - '2014-12-08'
      X-Stripe-C-Cost:
      - '3'
      Strict-Transport-Security:
      - max-age=31556926; includeSubDomains; preload
    body:
      encoding: UTF-8
      string: |
        {
          "id": "cus_JLwzsq4uYFP4cF",
          "object": "customer",
          "account_balance": 0,
          "address": null,
          "balance": 0,
          "cards": {
            "object": "list",
            "data": [
              {
                "id": "card_0IjSOdm0T0GBfX0vl1TwBLFJ",
                "object": "card",
                "address_city": null,
                "address_country": null,
                "address_line1": null,
                "address_line1_check": null,
                "address_line2": null,
                "address_state": null,
                "address_zip": null,
                "address_zip_check": null,
                "brand": "Visa",
                "country": "US",
                "customer": "cus_JLwzsq4uYFP4cF",
                "cvc_check": "pass",
                "dynamic_last4": null,
                "exp_month": 12,
                "exp_year": 2025,
                "fingerprint": "70B1BgindTYnDA3n",
                "funding": "credit",
                "last4": "4242",
                "metadata": {
                },
                "name": null,
                "tokenization_method": null
              }
            ],
            "has_more": false,
            "total_count": 1,
            "url": "/v1/customers/cus_JLwzsq4uYFP4cF/cards"
          },
          "created": 1619146176,
          "currency": null,
          "default_card": "card_0IjSOdm0T0GBfX0vl1TwBLFJ",
          "default_source": "card_0IjSOdm0T0GBfX0vl1TwBLFJ",
          "delinquent": false,
          "description": null,
          "discount": null,
          "email": "test_user@test.com",
          "invoice_prefix": "95CEB03E",
          "invoice_settings": {
            "custom_fields": null,
            "default_payment_method": null,
            "footer": null
          },
          "livemode": false,
          "metadata": {
          },
          "name": null,
          "next_invoice_sequence": 1,
          "phone": null,
          "preferred_locales": [

          ],
          "shipping": null,
          "sources": {
            "object": "list",
            "data": [
              {
                "id": "card_0IjSOdm0T0GBfX0vl1TwBLFJ",
                "object": "card",
                "address_city": null,
                "address_country": null,
                "address_line1": null,
                "address_line1_check": null,
                "address_line2": null,
                "address_state": null,
                "address_zip": null,
                "address_zip_check": null,
                "brand": "Visa",
                "country": "US",
                "customer": "cus_JLwzsq4uYFP4cF",
                "cvc_check": "pass",
                "dynamic_last4": null,
                "exp_month": 12,
                "exp_year": 2025,
                "fingerprint": "70B1BgindTYnDA3n",
                "funding": "credit",
                "last4": "4242",
                "metadata": {
                },
                "name": null,
                "tokenization_method": null
              }
            ],
            "has_more": false,
            "total_count": 1,
            "url": "/v1/customers/cus_JLwzsq4uYFP4cF/sources"
          },
          "subscriptions": {
            "object": "list",
            "data": [

            ],
            "has_more": false,
            "total_count": 0,
            "url": "/v1/customers/cus_JLwzsq4uYFP4cF/subscriptions"
          },
          "tax_exempt": "none",
          "tax_ids": {
            "object": "list",
            "data": [

            ],
            "has_more": false,
            "total_count": 0,
            "url": "/v1/customers/cus_JLwzsq4uYFP4cF/tax_ids"
          },
          "tax_info": null,
          "tax_info_verification": null
        }
    http_version:
  recorded_at: Fri, 23 Apr 2021 17:02:29 GMT
- request:
    method: post
    uri: https://api.stripe.com/v1/customers/cus_JeWSO2j1efT9ah
    body:
      encoding: UTF-8
      string: card=tok_0J1FEYm0T0GBfX0vyz2PeT3U
    headers:
      User-Agent:
      - Stripe/v1 RubyBindings/3.3.2
      Content-Type:
      - application/x-www-form-urlencoded
      Accept-Encoding:
      - gzip;q=1.0,deflate;q=0.6,identity;q=0.3
      Accept:
      - "*/*"
  response:
    status:
      code: 200
      message: OK
    headers:
      Server:
      - nginx
      Date:
      - Fri, 11 Jun 2021 18:37:35 GMT
      Content-Type:
      - application/json
      Content-Length:
      - '2872'
      Connection:
      - keep-alive
      Access-Control-Allow-Credentials:
      - 'true'
      Access-Control-Allow-Methods:
      - GET, POST, HEAD, OPTIONS, DELETE
      Access-Control-Allow-Origin:
      - "*"
      Access-Control-Expose-Headers:
      - Request-Id, Stripe-Manage-Version, X-Stripe-External-Auth-Required, X-Stripe-Privileged-Session-Required
      Access-Control-Max-Age:
      - '300'
      Cache-Control:
      - no-cache, no-store
      Request-Id:
      - req_TvuWUHIGfluuYO
      Stripe-Version:
      - '2014-12-08'
      X-Stripe-C-Cost:
      - '3'
      Strict-Transport-Security:
      - max-age=31556926; includeSubDomains; preload
    body:
      encoding: UTF-8
      string: |
        {
          "id": "cus_JeWSO2j1efT9ah",
          "object": "customer",
          "account_balance": 0,
          "address": null,
          "balance": 0,
          "cards": {
            "object": "list",
            "data": [
              {
                "id": "card_0J1FEYm0T0GBfX0v7u4qSCfO",
                "object": "card",
                "address_city": null,
                "address_country": null,
                "address_line1": null,
                "address_line1_check": null,
                "address_line2": null,
                "address_state": null,
                "address_zip": null,
                "address_zip_check": null,
                "brand": "Visa",
                "country": "US",
                "customer": "cus_JeWSO2j1efT9ah",
                "cvc_check": "pass",
                "dynamic_last4": null,
                "exp_month": 12,
                "exp_year": 2025,
                "fingerprint": "70B1BgindTYnDA3n",
                "funding": "credit",
                "last4": "4242",
                "metadata": {
                },
                "name": null,
                "tokenization_method": null
              }
            ],
            "has_more": false,
            "total_count": 1,
            "url": "/v1/customers/cus_JeWSO2j1efT9ah/cards"
          },
          "created": 1623429678,
          "currency": null,
          "default_card": "card_0J1FEYm0T0GBfX0v7u4qSCfO",
          "default_source": "card_0J1FEYm0T0GBfX0v7u4qSCfO",
          "delinquent": false,
          "description": null,
          "discount": null,
          "email": "test_user@test.com",
          "invoice_prefix": "D9D827C8",
          "invoice_settings": {
            "custom_fields": null,
            "default_payment_method": null,
            "footer": null
          },
          "livemode": false,
          "metadata": {
          },
          "name": null,
          "next_invoice_sequence": 1,
          "phone": null,
          "preferred_locales": [

          ],
          "shipping": null,
          "sources": {
            "object": "list",
            "data": [
              {
                "id": "card_0J1FEYm0T0GBfX0v7u4qSCfO",
                "object": "card",
                "address_city": null,
                "address_country": null,
                "address_line1": null,
                "address_line1_check": null,
                "address_line2": null,
                "address_state": null,
                "address_zip": null,
                "address_zip_check": null,
                "brand": "Visa",
                "country": "US",
                "customer": "cus_JeWSO2j1efT9ah",
                "cvc_check": "pass",
                "dynamic_last4": null,
                "exp_month": 12,
                "exp_year": 2025,
                "fingerprint": "70B1BgindTYnDA3n",
                "funding": "credit",
                "last4": "4242",
                "metadata": {
                },
                "name": null,
                "tokenization_method": null
              }
            ],
            "has_more": false,
            "total_count": 1,
            "url": "/v1/customers/cus_JeWSO2j1efT9ah/sources"
          },
          "subscriptions": {
            "object": "list",
            "data": [

            ],
            "has_more": false,
            "total_count": 0,
            "url": "/v1/customers/cus_JeWSO2j1efT9ah/subscriptions"
          },
          "tax_exempt": "none",
          "tax_ids": {
            "object": "list",
            "data": [

            ],
            "has_more": false,
            "total_count": 0,
            "url": "/v1/customers/cus_JeWSO2j1efT9ah/tax_ids"
          },
          "tax_info": null,
          "tax_info_verification": null
        }
    http_version:
  recorded_at: Fri, 11 Jun 2021 18:37:35 GMT
- request:
    method: post
    uri: https://api.stripe.com/v1/customers/cus_JeYMuvVYdzegGc
    body:
      encoding: UTF-8
      string: card=tok_0J1FHvm0T0GBfX0vN96LixZl
    headers:
      User-Agent:
      - Stripe/v1 RubyBindings/3.3.2
      Content-Type:
      - application/x-www-form-urlencoded
      Accept-Encoding:
      - gzip;q=1.0,deflate;q=0.6,identity;q=0.3
      Accept:
      - "*/*"
  response:
    status:
      code: 200
      message: OK
    headers:
      Server:
      - nginx
      Date:
      - Fri, 11 Jun 2021 18:41:05 GMT
      Content-Type:
      - application/json
      Content-Length:
      - '2872'
      Connection:
      - keep-alive
      Access-Control-Allow-Credentials:
      - 'true'
      Access-Control-Allow-Methods:
      - GET, POST, HEAD, OPTIONS, DELETE
      Access-Control-Allow-Origin:
      - "*"
      Access-Control-Expose-Headers:
      - Request-Id, Stripe-Manage-Version, X-Stripe-External-Auth-Required, X-Stripe-Privileged-Session-Required
      Access-Control-Max-Age:
      - '300'
      Cache-Control:
      - no-cache, no-store
      Request-Id:
      - req_gGiwZ9uT1rSBu9
      Stripe-Version:
      - '2014-12-08'
      X-Stripe-C-Cost:
      - '3'
      Strict-Transport-Security:
      - max-age=31556926; includeSubDomains; preload
    body:
      encoding: UTF-8
      string: |
        {
          "id": "cus_JeYMuvVYdzegGc",
          "object": "customer",
          "account_balance": 0,
          "address": null,
          "balance": 0,
          "cards": {
            "object": "list",
            "data": [
              {
                "id": "card_0J1FHvm0T0GBfX0vY0PQIffa",
                "object": "card",
                "address_city": null,
                "address_country": null,
                "address_line1": null,
                "address_line1_check": null,
                "address_line2": null,
                "address_state": null,
                "address_zip": null,
                "address_zip_check": null,
                "brand": "Visa",
                "country": "US",
                "customer": "cus_JeYMuvVYdzegGc",
                "cvc_check": "pass",
                "dynamic_last4": null,
                "exp_month": 12,
                "exp_year": 2025,
                "fingerprint": "70B1BgindTYnDA3n",
                "funding": "credit",
                "last4": "4242",
                "metadata": {
                },
                "name": null,
                "tokenization_method": null
              }
            ],
            "has_more": false,
            "total_count": 1,
            "url": "/v1/customers/cus_JeYMuvVYdzegGc/cards"
          },
          "created": 1623436743,
          "currency": null,
          "default_card": "card_0J1FHvm0T0GBfX0vY0PQIffa",
          "default_source": "card_0J1FHvm0T0GBfX0vY0PQIffa",
          "delinquent": false,
          "description": null,
          "discount": null,
          "email": "test_user@test.com",
          "invoice_prefix": "94DDD989",
          "invoice_settings": {
            "custom_fields": null,
            "default_payment_method": null,
            "footer": null
          },
          "livemode": false,
          "metadata": {
          },
          "name": null,
          "next_invoice_sequence": 1,
          "phone": null,
          "preferred_locales": [

          ],
          "shipping": null,
          "sources": {
            "object": "list",
            "data": [
              {
                "id": "card_0J1FHvm0T0GBfX0vY0PQIffa",
                "object": "card",
                "address_city": null,
                "address_country": null,
                "address_line1": null,
                "address_line1_check": null,
                "address_line2": null,
                "address_state": null,
                "address_zip": null,
                "address_zip_check": null,
                "brand": "Visa",
                "country": "US",
                "customer": "cus_JeYMuvVYdzegGc",
                "cvc_check": "pass",
                "dynamic_last4": null,
                "exp_month": 12,
                "exp_year": 2025,
                "fingerprint": "70B1BgindTYnDA3n",
                "funding": "credit",
                "last4": "4242",
                "metadata": {
                },
                "name": null,
                "tokenization_method": null
              }
            ],
            "has_more": false,
            "total_count": 1,
            "url": "/v1/customers/cus_JeYMuvVYdzegGc/sources"
          },
          "subscriptions": {
            "object": "list",
            "data": [

            ],
            "has_more": false,
            "total_count": 0,
            "url": "/v1/customers/cus_JeYMuvVYdzegGc/subscriptions"
          },
          "tax_exempt": "none",
          "tax_ids": {
            "object": "list",
            "data": [

            ],
            "has_more": false,
            "total_count": 0,
            "url": "/v1/customers/cus_JeYMuvVYdzegGc/tax_ids"
          },
          "tax_info": null,
          "tax_info_verification": null
        }
    http_version:
  recorded_at: Fri, 11 Jun 2021 18:41:05 GMT
- request:
    method: post
    uri: https://api.stripe.com/v1/customers
    body:
      encoding: UTF-8
      string: email=test_user%40test.com&card=tok_0J4zX0m0T0GBfX0vJJcI19it
    headers:
      User-Agent:
      - Stripe/v1 RubyBindings/3.3.2
      Content-Type:
      - application/x-www-form-urlencoded
      Accept-Encoding:
      - gzip;q=1.0,deflate;q=0.6,identity;q=0.3
      Accept:
      - "*/*"
  response:
    status:
      code: 200
      message: OK
    headers:
      Server:
      - nginx
      Date:
      - Tue, 22 Jun 2021 02:40:08 GMT
      Content-Type:
      - application/json
      Content-Length:
      - '2872'
      Connection:
      - keep-alive
      Access-Control-Allow-Credentials:
      - 'true'
      Access-Control-Allow-Methods:
      - GET, POST, HEAD, OPTIONS, DELETE
      Access-Control-Allow-Origin:
      - "*"
      Access-Control-Expose-Headers:
      - Request-Id, Stripe-Manage-Version, X-Stripe-External-Auth-Required, X-Stripe-Privileged-Session-Required
      Access-Control-Max-Age:
      - '300'
      Cache-Control:
      - no-cache, no-store
      Request-Id:
      - req_lj8Tgq0zdz4cMk
      Stripe-Version:
      - '2014-12-08'
      X-Stripe-C-Cost:
      - '3'
      Strict-Transport-Security:
      - max-age=31556926; includeSubDomains; preload
    body:
      encoding: UTF-8
      string: |
        {
          "id": "cus_JiQNB2YGUvmTYF",
          "object": "customer",
          "account_balance": 0,
          "address": null,
          "balance": 0,
          "cards": {
            "object": "list",
            "data": [
              {
                "id": "card_0J4zX0m0T0GBfX0v90kY0E03",
                "object": "card",
                "address_city": null,
                "address_country": null,
                "address_line1": null,
                "address_line1_check": null,
                "address_line2": null,
                "address_state": null,
                "address_zip": null,
                "address_zip_check": null,
                "brand": "Visa",
                "country": "US",
                "customer": "cus_JiQNB2YGUvmTYF",
                "cvc_check": "pass",
                "dynamic_last4": null,
                "exp_month": 12,
                "exp_year": 2025,
                "fingerprint": "70B1BgindTYnDA3n",
                "funding": "credit",
                "last4": "4242",
                "metadata": {
                },
                "name": null,
                "tokenization_method": null
              }
            ],
            "has_more": false,
            "total_count": 1,
            "url": "/v1/customers/cus_JiQNB2YGUvmTYF/cards"
          },
          "created": 1624329608,
          "currency": null,
          "default_card": "card_0J4zX0m0T0GBfX0v90kY0E03",
          "default_source": "card_0J4zX0m0T0GBfX0v90kY0E03",
          "delinquent": false,
          "description": null,
          "discount": null,
          "email": "test_user@test.com",
          "invoice_prefix": "8E5A7AC3",
          "invoice_settings": {
            "custom_fields": null,
            "default_payment_method": null,
            "footer": null
          },
          "livemode": false,
          "metadata": {
          },
          "name": null,
          "next_invoice_sequence": 1,
          "phone": null,
          "preferred_locales": [

          ],
          "shipping": null,
          "sources": {
            "object": "list",
            "data": [
              {
                "id": "card_0J4zX0m0T0GBfX0v90kY0E03",
                "object": "card",
                "address_city": null,
                "address_country": null,
                "address_line1": null,
                "address_line1_check": null,
                "address_line2": null,
                "address_state": null,
                "address_zip": null,
                "address_zip_check": null,
                "brand": "Visa",
                "country": "US",
                "customer": "cus_JiQNB2YGUvmTYF",
                "cvc_check": "pass",
                "dynamic_last4": null,
                "exp_month": 12,
                "exp_year": 2025,
                "fingerprint": "70B1BgindTYnDA3n",
                "funding": "credit",
                "last4": "4242",
                "metadata": {
                },
                "name": null,
                "tokenization_method": null
              }
            ],
            "has_more": false,
            "total_count": 1,
            "url": "/v1/customers/cus_JiQNB2YGUvmTYF/sources"
          },
          "subscriptions": {
            "object": "list",
            "data": [

            ],
            "has_more": false,
            "total_count": 0,
            "url": "/v1/customers/cus_JiQNB2YGUvmTYF/subscriptions"
          },
          "tax_exempt": "none",
          "tax_ids": {
            "object": "list",
            "data": [

            ],
            "has_more": false,
            "total_count": 0,
            "url": "/v1/customers/cus_JiQNB2YGUvmTYF/tax_ids"
          },
          "tax_info": null,
          "tax_info_verification": null
        }
    http_version:
  recorded_at: Tue, 22 Jun 2021 02:40:08 GMT
- request:
    method: post
    uri: https://api.stripe.com/v1/charges
    body:
      encoding: UTF-8
      string: customer=cus_JiQNB2YGUvmTYF&amount=4000&description=Bike+Index+customer&currency=usd
    headers:
      User-Agent:
      - Stripe/v1 RubyBindings/3.3.2
      Content-Type:
      - application/x-www-form-urlencoded
      Accept-Encoding:
      - gzip;q=1.0,deflate;q=0.6,identity;q=0.3
      Accept:
      - "*/*"
  response:
    status:
      code: 200
      message: OK
    headers:
      Server:
      - nginx
      Date:
      - Tue, 22 Jun 2021 02:40:09 GMT
      Content-Type:
      - application/json
      Content-Length:
      - '3651'
      Connection:
      - keep-alive
      Access-Control-Allow-Credentials:
      - 'true'
      Access-Control-Allow-Methods:
      - GET, POST, HEAD, OPTIONS, DELETE
      Access-Control-Allow-Origin:
      - "*"
      Access-Control-Expose-Headers:
      - Request-Id, Stripe-Manage-Version, X-Stripe-External-Auth-Required, X-Stripe-Privileged-Session-Required
      Access-Control-Max-Age:
      - '300'
      Cache-Control:
      - no-cache, no-store
      Request-Id:
      - req_hoEorbP5YVNso5
      Stripe-Version:
      - '2014-12-08'
      X-Stripe-C-Cost:
      - '6'
      Strict-Transport-Security:
      - max-age=31556926; includeSubDomains; preload
    body:
      encoding: UTF-8
      string: |
        {
          "id": "ch_0J4zX2m0T0GBfX0vJJafe4E8",
          "object": "charge",
          "amount": 4000,
          "amount_captured": 4000,
          "amount_refunded": 0,
          "application": null,
          "application_fee": null,
          "application_fee_amount": null,
          "balance_transaction": "txn_0J4zX3m0T0GBfX0vo4XrjR8h",
          "billing_details": {
            "address": {
              "city": null,
              "country": null,
              "line1": null,
              "line2": null,
              "postal_code": null,
              "state": null
            },
            "email": null,
            "name": null,
            "phone": null
          },
          "calculated_statement_descriptor": "Stripe",
          "captured": true,
          "card": {
            "id": "card_0J4zX0m0T0GBfX0v90kY0E03",
            "object": "card",
            "address_city": null,
            "address_country": null,
            "address_line1": null,
            "address_line1_check": null,
            "address_line2": null,
            "address_state": null,
            "address_zip": null,
            "address_zip_check": null,
            "brand": "Visa",
            "country": "US",
            "customer": "cus_JiQNB2YGUvmTYF",
            "cvc_check": "pass",
            "dynamic_last4": null,
            "exp_month": 12,
            "exp_year": 2025,
            "fingerprint": "70B1BgindTYnDA3n",
            "funding": "credit",
            "last4": "4242",
            "metadata": {
            },
            "name": null,
            "tokenization_method": null
          },
          "created": 1624329608,
          "currency": "usd",
          "customer": "cus_JiQNB2YGUvmTYF",
          "description": "Bike Index customer",
          "destination": null,
          "dispute": null,
          "disputed": false,
          "failure_code": null,
          "failure_message": null,
          "fraud_details": {
          },
          "invoice": null,
          "livemode": false,
          "metadata": {
          },
          "on_behalf_of": null,
          "order": null,
          "outcome": {
            "network_status": "approved_by_network",
            "reason": null,
            "risk_level": "normal",
            "risk_score": 36,
            "seller_message": "Payment complete.",
            "type": "authorized"
          },
          "paid": true,
          "payment_intent": null,
          "payment_method": "card_0J4zX0m0T0GBfX0v90kY0E03",
          "payment_method_details": {
            "card": {
              "brand": "visa",
              "checks": {
                "address_line1_check": null,
                "address_postal_code_check": null,
                "cvc_check": "pass"
              },
              "country": "US",
              "exp_month": 12,
              "exp_year": 2025,
              "fingerprint": "70B1BgindTYnDA3n",
              "funding": "credit",
              "installments": null,
              "last4": "4242",
              "network": "visa",
              "three_d_secure": null,
              "wallet": null
            },
            "type": "card"
          },
          "receipt_email": null,
          "receipt_number": null,
          "receipt_url": "https://pay.stripe.com/receipts/acct_2Ksnm0T0GBfX0vyPUIxE/ch_0J4zX2m0T0GBfX0vJJafe4E8/rcpt_JiQN4rtWGhYRdRZNn5xtIXfky3h2FBM",
          "refunded": false,
          "refunds": {
            "object": "list",
            "data": [

            ],
            "has_more": false,
            "total_count": 0,
            "url": "/v1/charges/ch_0J4zX2m0T0GBfX0vJJafe4E8/refunds"
          },
          "review": null,
          "shipping": null,
          "source": {
            "id": "card_0J4zX0m0T0GBfX0v90kY0E03",
            "object": "card",
            "address_city": null,
            "address_country": null,
            "address_line1": null,
            "address_line1_check": null,
            "address_line2": null,
            "address_state": null,
            "address_zip": null,
            "address_zip_check": null,
            "brand": "Visa",
            "country": "US",
            "customer": "cus_JiQNB2YGUvmTYF",
            "cvc_check": "pass",
            "dynamic_last4": null,
            "exp_month": 12,
            "exp_year": 2025,
            "fingerprint": "70B1BgindTYnDA3n",
            "funding": "credit",
            "last4": "4242",
            "metadata": {
            },
            "name": null,
            "tokenization_method": null
          },
          "source_transfer": null,
          "statement_description": null,
          "statement_descriptor": null,
          "statement_descriptor_suffix": null,
          "status": "paid",
          "transfer_data": null,
          "transfer_group": null
        }
    http_version:
  recorded_at: Tue, 22 Jun 2021 02:40:09 GMT
- request:
    method: post
    uri: https://api.stripe.com/v1/tokens
    body:
      encoding: UTF-8
      string: card[number]=4242424242424242&card[exp_month]=12&card[exp_year]=2025&card[cvc]=314
    headers:
      User-Agent:
      - Stripe/v1 RubyBindings/3.3.2
      Content-Type:
      - application/x-www-form-urlencoded
      Accept-Encoding:
      - gzip;q=1.0,deflate;q=0.6,identity;q=0.3
      Accept:
      - "*/*"
  response:
    status:
      code: 200
      message: OK
    headers:
      Server:
      - nginx
      Date:
      - Tue, 22 Jun 2021 17:26:13 GMT
      Content-Type:
      - application/json
      Content-Length:
      - '801'
      Connection:
      - keep-alive
      Access-Control-Allow-Credentials:
      - 'true'
      Access-Control-Allow-Methods:
      - GET, POST, HEAD, OPTIONS, DELETE
      Access-Control-Allow-Origin:
      - "*"
      Access-Control-Expose-Headers:
      - Request-Id, Stripe-Manage-Version, X-Stripe-External-Auth-Required, X-Stripe-Privileged-Session-Required
      Access-Control-Max-Age:
      - '300'
      Cache-Control:
      - no-cache, no-store
      Request-Id:
      - req_KiiNarnrwFUJaV
      Stripe-Version:
      - '2014-12-08'
      X-Stripe-C-Cost:
      - '3'
      Strict-Transport-Security:
      - max-age=31556926; includeSubDomains; preload
    body:
      encoding: UTF-8
      string: |
        {
          "id": "tok_0J5DMXm0T0GBfX0vrzyy0vmd",
          "object": "token",
          "card": {
            "id": "card_0J5DMXm0T0GBfX0vyEgxppre",
            "object": "card",
            "address_city": null,
            "address_country": null,
            "address_line1": null,
            "address_line1_check": null,
            "address_line2": null,
            "address_state": null,
            "address_zip": null,
            "address_zip_check": null,
            "brand": "Visa",
            "country": "US",
            "customer": null,
            "cvc_check": null,
            "dynamic_last4": null,
            "exp_month": 12,
            "exp_year": 2025,
            "fingerprint": "70B1BgindTYnDA3n",
            "funding": "credit",
            "last4": "4242",
            "metadata": {
            },
            "name": null,
            "tokenization_method": null
          },
          "client_ip": "23.115.138.69",
          "created": 1624382773,
          "livemode": false,
          "type": "card",
          "used": false
        }
    http_version:
  recorded_at: Tue, 22 Jun 2021 17:26:13 GMT
- request:
    method: get
    uri: https://api.stripe.com/v1/customers
    body:
      encoding: US-ASCII
      string: ''
    headers:
      User-Agent:
      - Stripe/v1 RubyBindings/3.3.2
      Content-Type:
      - application/x-www-form-urlencoded
      Accept-Encoding:
      - gzip;q=1.0,deflate;q=0.6,identity;q=0.3
      Accept:
      - "*/*"
  response:
    status:
      code: 200
      message: OK
    headers:
      Server:
      - nginx
      Date:
      - Tue, 22 Jun 2021 17:26:14 GMT
      Content-Type:
      - application/json
      Content-Length:
      - '81732'
      Connection:
      - keep-alive
      Access-Control-Allow-Credentials:
      - 'true'
      Access-Control-Allow-Methods:
      - GET, POST, HEAD, OPTIONS, DELETE
      Access-Control-Allow-Origin:
      - "*"
      Access-Control-Expose-Headers:
      - Request-Id, Stripe-Manage-Version, X-Stripe-External-Auth-Required, X-Stripe-Privileged-Session-Required
      Access-Control-Max-Age:
      - '300'
      Cache-Control:
      - no-cache, no-store
      Request-Id:
      - req_uE6yS6tt0iaaye
      Stripe-Version:
      - '2014-12-08'
      X-Stripe-C-Cost:
      - '0'
      Strict-Transport-Security:
      - max-age=31556926; includeSubDomains; preload
    body:
      encoding: UTF-8
      string: |
        {
          "object": "list",
          "data": [
            {
              "id": "cus_JieYmR28kD4lJi",
              "object": "customer",
              "account_balance": 0,
              "address": null,
              "balance": 0,
              "cards": {
                "object": "list",
                "data": [
                  {
                    "id": "card_0J5DFNm0T0GBfX0vnUtjUV7s",
                    "object": "card",
                    "address_city": null,
                    "address_country": null,
                    "address_line1": null,
                    "address_line1_check": null,
                    "address_line2": null,
                    "address_state": null,
                    "address_zip": null,
                    "address_zip_check": null,
                    "brand": "Visa",
                    "country": "US",
                    "customer": "cus_JieYmR28kD4lJi",
                    "cvc_check": "pass",
                    "dynamic_last4": null,
                    "exp_month": 12,
                    "exp_year": 2025,
                    "fingerprint": "70B1BgindTYnDA3n",
                    "funding": "credit",
                    "last4": "4242",
                    "metadata": {
                    },
                    "name": null,
                    "tokenization_method": null
                  }
                ],
                "has_more": false,
                "total_count": 1,
                "url": "/v1/customers/cus_JieYmR28kD4lJi/cards"
              },
              "created": 1624382329,
              "currency": "usd",
              "default_card": "card_0J5DFNm0T0GBfX0vnUtjUV7s",
              "default_source": "card_0J5DFNm0T0GBfX0vnUtjUV7s",
              "delinquent": false,
              "description": null,
              "discount": null,
              "email": "user1536s@bikeiasdndex.org",
              "invoice_prefix": "403CD0B9",
              "invoice_settings": {
                "custom_fields": null,
                "default_payment_method": null,
                "footer": null
              },
              "livemode": false,
              "metadata": {
              },
              "name": null,
              "next_invoice_sequence": 2,
              "phone": null,
              "preferred_locales": [

              ],
              "shipping": null,
              "sources": {
                "object": "list",
                "data": [
                  {
                    "id": "card_0J5DFNm0T0GBfX0vnUtjUV7s",
                    "object": "card",
                    "address_city": null,
                    "address_country": null,
                    "address_line1": null,
                    "address_line1_check": null,
                    "address_line2": null,
                    "address_state": null,
                    "address_zip": null,
                    "address_zip_check": null,
                    "brand": "Visa",
                    "country": "US",
                    "customer": "cus_JieYmR28kD4lJi",
                    "cvc_check": "pass",
                    "dynamic_last4": null,
                    "exp_month": 12,
                    "exp_year": 2025,
                    "fingerprint": "70B1BgindTYnDA3n",
                    "funding": "credit",
                    "last4": "4242",
                    "metadata": {
                    },
                    "name": null,
                    "tokenization_method": null
                  }
                ],
                "has_more": false,
                "total_count": 1,
                "url": "/v1/customers/cus_JieYmR28kD4lJi/sources"
              },
              "subscriptions": {
                "object": "list",
                "data": [
                  {
                    "id": "sub_JieYDCjjaAk2UJ",
                    "object": "subscription",
                    "application_fee_percent": null,
                    "automatic_tax": {
                      "enabled": false
                    },
                    "billing": "charge_automatically",
                    "billing_cycle_anchor": 1624382330,
                    "billing_thresholds": null,
                    "cancel_at": null,
                    "cancel_at_period_end": false,
                    "canceled_at": null,
                    "collection_method": "charge_automatically",
                    "created": 1624382330,
                    "current_period_end": 1626974330,
                    "current_period_start": 1624382330,
                    "customer": "cus_JieYmR28kD4lJi",
                    "days_until_due": null,
                    "default_payment_method": null,
                    "default_source": null,
                    "default_tax_rates": [

                    ],
                    "discount": null,
                    "ended_at": null,
                    "invoice_customer_balance_settings": {
                      "consume_applied_balance_on_void": true
                    },
                    "items": {
                      "object": "list",
                      "data": [
                        {
                          "id": "si_JieYqutJ3lQHbp",
                          "object": "subscription_item",
                          "billing_thresholds": null,
                          "created": 1624382330,
                          "metadata": {
                          },
                          "plan": {
                            "id": "01",
                            "object": "plan",
                            "active": true,
                            "aggregate_usage": null,
                            "amount": 399,
                            "amount_decimal": "399",
                            "billing_scheme": "per_unit",
                            "created": 1418246716,
                            "currency": "usd",
                            "interval": "month",
                            "interval_count": 1,
                            "livemode": false,
                            "metadata": {
                            },
                            "name": "Bike Index membership",
                            "nickname": null,
                            "product": "prod_BTdRktWBwC9SQR",
                            "statement_description": "Membership",
                            "statement_descriptor": "Membership",
                            "tiers": null,
                            "tiers_mode": null,
                            "transform_usage": null,
                            "trial_period_days": null,
                            "usage_type": "licensed"
                          },
                          "price": {
                            "id": "01",
                            "object": "price",
                            "active": true,
                            "billing_scheme": "per_unit",
                            "created": 1418246716,
                            "currency": "usd",
                            "livemode": false,
                            "lookup_key": null,
                            "metadata": {
                            },
                            "nickname": null,
                            "product": "prod_BTdRktWBwC9SQR",
                            "recurring": {
                              "aggregate_usage": null,
                              "interval": "month",
                              "interval_count": 1,
                              "trial_period_days": null,
                              "usage_type": "licensed"
                            },
                            "tiers_mode": null,
                            "transform_quantity": null,
                            "type": "recurring",
                            "unit_amount": 399,
                            "unit_amount_decimal": "399"
                          },
                          "quantity": 1,
                          "subscription": "sub_JieYDCjjaAk2UJ",
                          "tax_rates": [

                          ]
                        }
                      ],
                      "has_more": false,
                      "total_count": 1,
                      "url": "/v1/subscription_items?subscription=sub_JieYDCjjaAk2UJ"
                    },
                    "latest_invoice": "in_0J5DFOm0T0GBfX0vxmASef0h",
                    "livemode": false,
                    "metadata": {
                    },
                    "next_pending_invoice_item_invoice": null,
                    "pause_collection": null,
                    "pending_invoice_item_interval": null,
                    "pending_setup_intent": null,
                    "pending_update": null,
                    "plan": {
                      "id": "01",
                      "object": "plan",
                      "active": true,
                      "aggregate_usage": null,
                      "amount": 399,
                      "amount_decimal": "399",
                      "billing_scheme": "per_unit",
                      "created": 1418246716,
                      "currency": "usd",
                      "interval": "month",
                      "interval_count": 1,
                      "livemode": false,
                      "metadata": {
                      },
                      "name": "Bike Index membership",
                      "nickname": null,
                      "product": "prod_BTdRktWBwC9SQR",
                      "statement_description": "Membership",
                      "statement_descriptor": "Membership",
                      "tiers": null,
                      "tiers_mode": null,
                      "transform_usage": null,
                      "trial_period_days": null,
                      "usage_type": "licensed"
                    },
                    "quantity": 1,
                    "schedule": null,
                    "start": 1624382330,
                    "start_date": 1624382330,
                    "status": "active",
                    "tax_percent": null,
                    "transfer_data": null,
                    "trial_end": null,
                    "trial_start": null
                  }
                ],
                "has_more": false,
                "total_count": 1,
                "url": "/v1/customers/cus_JieYmR28kD4lJi/subscriptions"
              },
              "tax_exempt": "none",
              "tax_ids": {
                "object": "list",
                "data": [

                ],
                "has_more": false,
                "total_count": 0,
                "url": "/v1/customers/cus_JieYmR28kD4lJi/tax_ids"
              },
              "tax_info": null,
              "tax_info_verification": null
            },
            {
              "id": "cus_JiQNB2YGUvmTYF",
              "object": "customer",
              "account_balance": 0,
              "address": null,
              "balance": 0,
              "cards": {
                "object": "list",
                "data": [
                  {
                    "id": "card_0J5DFQm0T0GBfX0vcPDaZRks",
                    "object": "card",
                    "address_city": null,
                    "address_country": null,
                    "address_line1": null,
                    "address_line1_check": null,
                    "address_line2": null,
                    "address_state": null,
                    "address_zip": null,
                    "address_zip_check": null,
                    "brand": "Visa",
                    "country": "US",
                    "customer": "cus_JiQNB2YGUvmTYF",
                    "cvc_check": "pass",
                    "dynamic_last4": null,
                    "exp_month": 12,
                    "exp_year": 2025,
                    "fingerprint": "70B1BgindTYnDA3n",
                    "funding": "credit",
                    "last4": "4242",
                    "metadata": {
                    },
                    "name": null,
                    "tokenization_method": null
                  }
                ],
                "has_more": false,
                "total_count": 1,
                "url": "/v1/customers/cus_JiQNB2YGUvmTYF/cards"
              },
              "created": 1624329608,
              "currency": null,
              "default_card": "card_0J5DFQm0T0GBfX0vcPDaZRks",
              "default_source": "card_0J5DFQm0T0GBfX0vcPDaZRks",
              "delinquent": false,
              "description": null,
              "discount": null,
              "email": "test_user@test.com",
              "invoice_prefix": "8E5A7AC3",
              "invoice_settings": {
                "custom_fields": null,
                "default_payment_method": null,
                "footer": null
              },
              "livemode": false,
              "metadata": {
              },
              "name": null,
              "next_invoice_sequence": 1,
              "phone": null,
              "preferred_locales": [

              ],
              "shipping": null,
              "sources": {
                "object": "list",
                "data": [
                  {
                    "id": "card_0J5DFQm0T0GBfX0vcPDaZRks",
                    "object": "card",
                    "address_city": null,
                    "address_country": null,
                    "address_line1": null,
                    "address_line1_check": null,
                    "address_line2": null,
                    "address_state": null,
                    "address_zip": null,
                    "address_zip_check": null,
                    "brand": "Visa",
                    "country": "US",
                    "customer": "cus_JiQNB2YGUvmTYF",
                    "cvc_check": "pass",
                    "dynamic_last4": null,
                    "exp_month": 12,
                    "exp_year": 2025,
                    "fingerprint": "70B1BgindTYnDA3n",
                    "funding": "credit",
                    "last4": "4242",
                    "metadata": {
                    },
                    "name": null,
                    "tokenization_method": null
                  }
                ],
                "has_more": false,
                "total_count": 1,
                "url": "/v1/customers/cus_JiQNB2YGUvmTYF/sources"
              },
              "subscriptions": {
                "object": "list",
                "data": [

                ],
                "has_more": false,
                "total_count": 0,
                "url": "/v1/customers/cus_JiQNB2YGUvmTYF/subscriptions"
              },
              "tax_exempt": "none",
              "tax_ids": {
                "object": "list",
                "data": [

                ],
                "has_more": false,
                "total_count": 0,
                "url": "/v1/customers/cus_JiQNB2YGUvmTYF/tax_ids"
              },
              "tax_info": null,
              "tax_info_verification": null
            },
            {
              "id": "cus_JiQNYAsXZmxjU6",
              "object": "customer",
              "account_balance": 0,
              "address": null,
              "balance": 0,
              "cards": {
                "object": "list",
                "data": [
                  {
                    "id": "card_0J4zWxm0T0GBfX0vLmWaIMZ9",
                    "object": "card",
                    "address_city": null,
                    "address_country": null,
                    "address_line1": null,
                    "address_line1_check": null,
                    "address_line2": null,
                    "address_state": null,
                    "address_zip": null,
                    "address_zip_check": null,
                    "brand": "Visa",
                    "country": "US",
                    "customer": "cus_JiQNYAsXZmxjU6",
                    "cvc_check": "pass",
                    "dynamic_last4": null,
                    "exp_month": 12,
                    "exp_year": 2025,
                    "fingerprint": "70B1BgindTYnDA3n",
                    "funding": "credit",
                    "last4": "4242",
                    "metadata": {
                    },
                    "name": null,
                    "tokenization_method": null
                  }
                ],
                "has_more": false,
                "total_count": 1,
                "url": "/v1/customers/cus_JiQNYAsXZmxjU6/cards"
              },
              "created": 1624329603,
              "currency": "usd",
              "default_card": "card_0J4zWxm0T0GBfX0vLmWaIMZ9",
              "default_source": "card_0J4zWxm0T0GBfX0vLmWaIMZ9",
              "delinquent": false,
              "description": null,
              "discount": null,
              "email": "user596s@bikeiasdndex.org",
              "invoice_prefix": "24E1F4CC",
              "invoice_settings": {
                "custom_fields": null,
                "default_payment_method": null,
                "footer": null
              },
              "livemode": false,
              "metadata": {
              },
              "name": null,
              "next_invoice_sequence": 2,
              "phone": null,
              "preferred_locales": [

              ],
              "shipping": null,
              "sources": {
                "object": "list",
                "data": [
                  {
                    "id": "card_0J4zWxm0T0GBfX0vLmWaIMZ9",
                    "object": "card",
                    "address_city": null,
                    "address_country": null,
                    "address_line1": null,
                    "address_line1_check": null,
                    "address_line2": null,
                    "address_state": null,
                    "address_zip": null,
                    "address_zip_check": null,
                    "brand": "Visa",
                    "country": "US",
                    "customer": "cus_JiQNYAsXZmxjU6",
                    "cvc_check": "pass",
                    "dynamic_last4": null,
                    "exp_month": 12,
                    "exp_year": 2025,
                    "fingerprint": "70B1BgindTYnDA3n",
                    "funding": "credit",
                    "last4": "4242",
                    "metadata": {
                    },
                    "name": null,
                    "tokenization_method": null
                  }
                ],
                "has_more": false,
                "total_count": 1,
                "url": "/v1/customers/cus_JiQNYAsXZmxjU6/sources"
              },
              "subscriptions": {
                "object": "list",
                "data": [
                  {
                    "id": "sub_JiQN1dLO9Zmg6B",
                    "object": "subscription",
                    "application_fee_percent": null,
                    "automatic_tax": {
                      "enabled": false
                    },
                    "billing": "charge_automatically",
                    "billing_cycle_anchor": 1624329604,
                    "billing_thresholds": null,
                    "cancel_at": null,
                    "cancel_at_period_end": false,
                    "canceled_at": null,
                    "collection_method": "charge_automatically",
                    "created": 1624329604,
                    "current_period_end": 1626921604,
                    "current_period_start": 1624329604,
                    "customer": "cus_JiQNYAsXZmxjU6",
                    "days_until_due": null,
                    "default_payment_method": null,
                    "default_source": null,
                    "default_tax_rates": [

                    ],
                    "discount": null,
                    "ended_at": null,
                    "invoice_customer_balance_settings": {
                      "consume_applied_balance_on_void": true
                    },
                    "items": {
                      "object": "list",
                      "data": [
                        {
                          "id": "si_JiQNI8uJ7a2Lik",
                          "object": "subscription_item",
                          "billing_thresholds": null,
                          "created": 1624329604,
                          "metadata": {
                          },
                          "plan": {
                            "id": "01",
                            "object": "plan",
                            "active": true,
                            "aggregate_usage": null,
                            "amount": 399,
                            "amount_decimal": "399",
                            "billing_scheme": "per_unit",
                            "created": 1418246716,
                            "currency": "usd",
                            "interval": "month",
                            "interval_count": 1,
                            "livemode": false,
                            "metadata": {
                            },
                            "name": "Bike Index membership",
                            "nickname": null,
                            "product": "prod_BTdRktWBwC9SQR",
                            "statement_description": "Membership",
                            "statement_descriptor": "Membership",
                            "tiers": null,
                            "tiers_mode": null,
                            "transform_usage": null,
                            "trial_period_days": null,
                            "usage_type": "licensed"
                          },
                          "price": {
                            "id": "01",
                            "object": "price",
                            "active": true,
                            "billing_scheme": "per_unit",
                            "created": 1418246716,
                            "currency": "usd",
                            "livemode": false,
                            "lookup_key": null,
                            "metadata": {
                            },
                            "nickname": null,
                            "product": "prod_BTdRktWBwC9SQR",
                            "recurring": {
                              "aggregate_usage": null,
                              "interval": "month",
                              "interval_count": 1,
                              "trial_period_days": null,
                              "usage_type": "licensed"
                            },
                            "tiers_mode": null,
                            "transform_quantity": null,
                            "type": "recurring",
                            "unit_amount": 399,
                            "unit_amount_decimal": "399"
                          },
                          "quantity": 1,
                          "subscription": "sub_JiQN1dLO9Zmg6B",
                          "tax_rates": [

                          ]
                        }
                      ],
                      "has_more": false,
                      "total_count": 1,
                      "url": "/v1/subscription_items?subscription=sub_JiQN1dLO9Zmg6B"
                    },
                    "latest_invoice": "in_0J4zWym0T0GBfX0vk62zaFoo",
                    "livemode": false,
                    "metadata": {
                    },
                    "next_pending_invoice_item_invoice": null,
                    "pause_collection": null,
                    "pending_invoice_item_interval": null,
                    "pending_setup_intent": null,
                    "pending_update": null,
                    "plan": {
                      "id": "01",
                      "object": "plan",
                      "active": true,
                      "aggregate_usage": null,
                      "amount": 399,
                      "amount_decimal": "399",
                      "billing_scheme": "per_unit",
                      "created": 1418246716,
                      "currency": "usd",
                      "interval": "month",
                      "interval_count": 1,
                      "livemode": false,
                      "metadata": {
                      },
                      "name": "Bike Index membership",
                      "nickname": null,
                      "product": "prod_BTdRktWBwC9SQR",
                      "statement_description": "Membership",
                      "statement_descriptor": "Membership",
                      "tiers": null,
                      "tiers_mode": null,
                      "transform_usage": null,
                      "trial_period_days": null,
                      "usage_type": "licensed"
                    },
                    "quantity": 1,
                    "schedule": null,
                    "start": 1624329604,
                    "start_date": 1624329604,
                    "status": "active",
                    "tax_percent": null,
                    "transfer_data": null,
                    "trial_end": null,
                    "trial_start": null
                  }
                ],
                "has_more": false,
                "total_count": 1,
                "url": "/v1/customers/cus_JiQNYAsXZmxjU6/subscriptions"
              },
              "tax_exempt": "none",
              "tax_ids": {
                "object": "list",
                "data": [

                ],
                "has_more": false,
                "total_count": 0,
                "url": "/v1/customers/cus_JiQNYAsXZmxjU6/tax_ids"
              },
              "tax_info": null,
              "tax_info_verification": null
            },
            {
              "id": "cus_JiO1RE8ebnRrD2",
              "object": "customer",
              "account_balance": 0,
              "address": null,
              "balance": 0,
              "cards": {
                "object": "list",
                "data": [
                  {
                    "id": "card_0J4xFRm0T0GBfX0vOOUWtJCJ",
                    "object": "card",
                    "address_city": null,
                    "address_country": null,
                    "address_line1": null,
                    "address_line1_check": null,
                    "address_line2": null,
                    "address_state": null,
                    "address_zip": null,
                    "address_zip_check": null,
                    "brand": "Visa",
                    "country": "US",
                    "customer": "cus_JiO1RE8ebnRrD2",
                    "cvc_check": "pass",
                    "dynamic_last4": null,
                    "exp_month": 12,
                    "exp_year": 2025,
                    "fingerprint": "70B1BgindTYnDA3n",
                    "funding": "credit",
                    "last4": "4242",
                    "metadata": {
                    },
                    "name": null,
                    "tokenization_method": null
                  }
                ],
                "has_more": false,
                "total_count": 1,
                "url": "/v1/customers/cus_JiO1RE8ebnRrD2/cards"
              },
              "created": 1624320830,
              "currency": "usd",
              "default_card": "card_0J4xFRm0T0GBfX0vOOUWtJCJ",
              "default_source": "card_0J4xFRm0T0GBfX0vOOUWtJCJ",
              "delinquent": false,
              "description": null,
              "discount": null,
              "email": "user1674s@bikeiasdndex.org",
              "invoice_prefix": "D89230BE",
              "invoice_settings": {
                "custom_fields": null,
                "default_payment_method": null,
                "footer": null
              },
              "livemode": false,
              "metadata": {
              },
              "name": null,
              "next_invoice_sequence": 2,
              "phone": null,
              "preferred_locales": [

              ],
              "shipping": null,
              "sources": {
                "object": "list",
                "data": [
                  {
                    "id": "card_0J4xFRm0T0GBfX0vOOUWtJCJ",
                    "object": "card",
                    "address_city": null,
                    "address_country": null,
                    "address_line1": null,
                    "address_line1_check": null,
                    "address_line2": null,
                    "address_state": null,
                    "address_zip": null,
                    "address_zip_check": null,
                    "brand": "Visa",
                    "country": "US",
                    "customer": "cus_JiO1RE8ebnRrD2",
                    "cvc_check": "pass",
                    "dynamic_last4": null,
                    "exp_month": 12,
                    "exp_year": 2025,
                    "fingerprint": "70B1BgindTYnDA3n",
                    "funding": "credit",
                    "last4": "4242",
                    "metadata": {
                    },
                    "name": null,
                    "tokenization_method": null
                  }
                ],
                "has_more": false,
                "total_count": 1,
                "url": "/v1/customers/cus_JiO1RE8ebnRrD2/sources"
              },
              "subscriptions": {
                "object": "list",
                "data": [
                  {
                    "id": "sub_JiO1VamKkf4Amn",
                    "object": "subscription",
                    "application_fee_percent": null,
                    "automatic_tax": {
                      "enabled": false
                    },
                    "billing": "charge_automatically",
                    "billing_cycle_anchor": 1624320830,
                    "billing_thresholds": null,
                    "cancel_at": null,
                    "cancel_at_period_end": false,
                    "canceled_at": null,
                    "collection_method": "charge_automatically",
                    "created": 1624320830,
                    "current_period_end": 1626912830,
                    "current_period_start": 1624320830,
                    "customer": "cus_JiO1RE8ebnRrD2",
                    "days_until_due": null,
                    "default_payment_method": null,
                    "default_source": null,
                    "default_tax_rates": [

                    ],
                    "discount": null,
                    "ended_at": null,
                    "invoice_customer_balance_settings": {
                      "consume_applied_balance_on_void": true
                    },
                    "items": {
                      "object": "list",
                      "data": [
                        {
                          "id": "si_JiO14rFFqcQi0S",
                          "object": "subscription_item",
                          "billing_thresholds": null,
                          "created": 1624320831,
                          "metadata": {
                          },
                          "plan": {
                            "id": "01",
                            "object": "plan",
                            "active": true,
                            "aggregate_usage": null,
                            "amount": 399,
                            "amount_decimal": "399",
                            "billing_scheme": "per_unit",
                            "created": 1418246716,
                            "currency": "usd",
                            "interval": "month",
                            "interval_count": 1,
                            "livemode": false,
                            "metadata": {
                            },
                            "name": "Bike Index membership",
                            "nickname": null,
                            "product": "prod_BTdRktWBwC9SQR",
                            "statement_description": "Membership",
                            "statement_descriptor": "Membership",
                            "tiers": null,
                            "tiers_mode": null,
                            "transform_usage": null,
                            "trial_period_days": null,
                            "usage_type": "licensed"
                          },
                          "price": {
                            "id": "01",
                            "object": "price",
                            "active": true,
                            "billing_scheme": "per_unit",
                            "created": 1418246716,
                            "currency": "usd",
                            "livemode": false,
                            "lookup_key": null,
                            "metadata": {
                            },
                            "nickname": null,
                            "product": "prod_BTdRktWBwC9SQR",
                            "recurring": {
                              "aggregate_usage": null,
                              "interval": "month",
                              "interval_count": 1,
                              "trial_period_days": null,
                              "usage_type": "licensed"
                            },
                            "tiers_mode": null,
                            "transform_quantity": null,
                            "type": "recurring",
                            "unit_amount": 399,
                            "unit_amount_decimal": "399"
                          },
                          "quantity": 1,
                          "subscription": "sub_JiO1VamKkf4Amn",
                          "tax_rates": [

                          ]
                        }
                      ],
                      "has_more": false,
                      "total_count": 1,
                      "url": "/v1/subscription_items?subscription=sub_JiO1VamKkf4Amn"
                    },
                    "latest_invoice": "in_0J4xFTm0T0GBfX0vBCvTgMWA",
                    "livemode": false,
                    "metadata": {
                    },
                    "next_pending_invoice_item_invoice": null,
                    "pause_collection": null,
                    "pending_invoice_item_interval": null,
                    "pending_setup_intent": null,
                    "pending_update": null,
                    "plan": {
                      "id": "01",
                      "object": "plan",
                      "active": true,
                      "aggregate_usage": null,
                      "amount": 399,
                      "amount_decimal": "399",
                      "billing_scheme": "per_unit",
                      "created": 1418246716,
                      "currency": "usd",
                      "interval": "month",
                      "interval_count": 1,
                      "livemode": false,
                      "metadata": {
                      },
                      "name": "Bike Index membership",
                      "nickname": null,
                      "product": "prod_BTdRktWBwC9SQR",
                      "statement_description": "Membership",
                      "statement_descriptor": "Membership",
                      "tiers": null,
                      "tiers_mode": null,
                      "transform_usage": null,
                      "trial_period_days": null,
                      "usage_type": "licensed"
                    },
                    "quantity": 1,
                    "schedule": null,
                    "start": 1624320830,
                    "start_date": 1624320830,
                    "status": "active",
                    "tax_percent": null,
                    "transfer_data": null,
                    "trial_end": null,
                    "trial_start": null
                  }
                ],
                "has_more": false,
                "total_count": 1,
                "url": "/v1/customers/cus_JiO1RE8ebnRrD2/subscriptions"
              },
              "tax_exempt": "none",
              "tax_ids": {
                "object": "list",
                "data": [

                ],
                "has_more": false,
                "total_count": 0,
                "url": "/v1/customers/cus_JiO1RE8ebnRrD2/tax_ids"
              },
              "tax_info": null,
              "tax_info_verification": null
            },
            {
              "id": "cus_JiNsCtU17BXJRk",
              "object": "customer",
              "account_balance": 0,
              "address": null,
              "balance": 0,
              "cards": {
                "object": "list",
                "data": [
                  {
                    "id": "card_0J4x70m0T0GBfX0vmbJBHmHy",
                    "object": "card",
                    "address_city": null,
                    "address_country": null,
                    "address_line1": null,
                    "address_line1_check": null,
                    "address_line2": null,
                    "address_state": null,
                    "address_zip": null,
                    "address_zip_check": null,
                    "brand": "Visa",
                    "country": "US",
                    "customer": "cus_JiNsCtU17BXJRk",
                    "cvc_check": "pass",
                    "dynamic_last4": null,
                    "exp_month": 12,
                    "exp_year": 2025,
                    "fingerprint": "70B1BgindTYnDA3n",
                    "funding": "credit",
                    "last4": "4242",
                    "metadata": {
                    },
                    "name": null,
                    "tokenization_method": null
                  }
                ],
                "has_more": false,
                "total_count": 1,
                "url": "/v1/customers/cus_JiNsCtU17BXJRk/cards"
              },
              "created": 1624320306,
              "currency": "usd",
              "default_card": "card_0J4x70m0T0GBfX0vmbJBHmHy",
              "default_source": "card_0J4x70m0T0GBfX0vmbJBHmHy",
              "delinquent": false,
              "description": null,
              "discount": null,
              "email": "user675s@bikeiasdndex.org",
              "invoice_prefix": "414E8975",
              "invoice_settings": {
                "custom_fields": null,
                "default_payment_method": null,
                "footer": null
              },
              "livemode": false,
              "metadata": {
              },
              "name": null,
              "next_invoice_sequence": 2,
              "phone": null,
              "preferred_locales": [

              ],
              "shipping": null,
              "sources": {
                "object": "list",
                "data": [
                  {
                    "id": "card_0J4x70m0T0GBfX0vmbJBHmHy",
                    "object": "card",
                    "address_city": null,
                    "address_country": null,
                    "address_line1": null,
                    "address_line1_check": null,
                    "address_line2": null,
                    "address_state": null,
                    "address_zip": null,
                    "address_zip_check": null,
                    "brand": "Visa",
                    "country": "US",
                    "customer": "cus_JiNsCtU17BXJRk",
                    "cvc_check": "pass",
                    "dynamic_last4": null,
                    "exp_month": 12,
                    "exp_year": 2025,
                    "fingerprint": "70B1BgindTYnDA3n",
                    "funding": "credit",
                    "last4": "4242",
                    "metadata": {
                    },
                    "name": null,
                    "tokenization_method": null
                  }
                ],
                "has_more": false,
                "total_count": 1,
                "url": "/v1/customers/cus_JiNsCtU17BXJRk/sources"
              },
              "subscriptions": {
                "object": "list",
                "data": [
                  {
                    "id": "sub_JiNsYOCbyp4Yo2",
                    "object": "subscription",
                    "application_fee_percent": null,
                    "automatic_tax": {
                      "enabled": false
                    },
                    "billing": "charge_automatically",
                    "billing_cycle_anchor": 1624320307,
                    "billing_thresholds": null,
                    "cancel_at": null,
                    "cancel_at_period_end": false,
                    "canceled_at": null,
                    "collection_method": "charge_automatically",
                    "created": 1624320307,
                    "current_period_end": 1626912307,
                    "current_period_start": 1624320307,
                    "customer": "cus_JiNsCtU17BXJRk",
                    "days_until_due": null,
                    "default_payment_method": null,
                    "default_source": null,
                    "default_tax_rates": [

                    ],
                    "discount": null,
                    "ended_at": null,
                    "invoice_customer_balance_settings": {
                      "consume_applied_balance_on_void": true
                    },
                    "items": {
                      "object": "list",
                      "data": [
                        {
                          "id": "si_JiNsoLQu3tY3JP",
                          "object": "subscription_item",
                          "billing_thresholds": null,
                          "created": 1624320307,
                          "metadata": {
                          },
                          "plan": {
                            "id": "01",
                            "object": "plan",
                            "active": true,
                            "aggregate_usage": null,
                            "amount": 399,
                            "amount_decimal": "399",
                            "billing_scheme": "per_unit",
                            "created": 1418246716,
                            "currency": "usd",
                            "interval": "month",
                            "interval_count": 1,
                            "livemode": false,
                            "metadata": {
                            },
                            "name": "Bike Index membership",
                            "nickname": null,
                            "product": "prod_BTdRktWBwC9SQR",
                            "statement_description": "Membership",
                            "statement_descriptor": "Membership",
                            "tiers": null,
                            "tiers_mode": null,
                            "transform_usage": null,
                            "trial_period_days": null,
                            "usage_type": "licensed"
                          },
                          "price": {
                            "id": "01",
                            "object": "price",
                            "active": true,
                            "billing_scheme": "per_unit",
                            "created": 1418246716,
                            "currency": "usd",
                            "livemode": false,
                            "lookup_key": null,
                            "metadata": {
                            },
                            "nickname": null,
                            "product": "prod_BTdRktWBwC9SQR",
                            "recurring": {
                              "aggregate_usage": null,
                              "interval": "month",
                              "interval_count": 1,
                              "trial_period_days": null,
                              "usage_type": "licensed"
                            },
                            "tiers_mode": null,
                            "transform_quantity": null,
                            "type": "recurring",
                            "unit_amount": 399,
                            "unit_amount_decimal": "399"
                          },
                          "quantity": 1,
                          "subscription": "sub_JiNsYOCbyp4Yo2",
                          "tax_rates": [

                          ]
                        }
                      ],
                      "has_more": false,
                      "total_count": 1,
                      "url": "/v1/subscription_items?subscription=sub_JiNsYOCbyp4Yo2"
                    },
                    "latest_invoice": "in_0J4x71m0T0GBfX0vcIF3C29F",
                    "livemode": false,
                    "metadata": {
                    },
                    "next_pending_invoice_item_invoice": null,
                    "pause_collection": null,
                    "pending_invoice_item_interval": null,
                    "pending_setup_intent": null,
                    "pending_update": null,
                    "plan": {
                      "id": "01",
                      "object": "plan",
                      "active": true,
                      "aggregate_usage": null,
                      "amount": 399,
                      "amount_decimal": "399",
                      "billing_scheme": "per_unit",
                      "created": 1418246716,
                      "currency": "usd",
                      "interval": "month",
                      "interval_count": 1,
                      "livemode": false,
                      "metadata": {
                      },
                      "name": "Bike Index membership",
                      "nickname": null,
                      "product": "prod_BTdRktWBwC9SQR",
                      "statement_description": "Membership",
                      "statement_descriptor": "Membership",
                      "tiers": null,
                      "tiers_mode": null,
                      "transform_usage": null,
                      "trial_period_days": null,
                      "usage_type": "licensed"
                    },
                    "quantity": 1,
                    "schedule": null,
                    "start": 1624320307,
                    "start_date": 1624320307,
                    "status": "active",
                    "tax_percent": null,
                    "transfer_data": null,
                    "trial_end": null,
                    "trial_start": null
                  }
                ],
                "has_more": false,
                "total_count": 1,
                "url": "/v1/customers/cus_JiNsCtU17BXJRk/subscriptions"
              },
              "tax_exempt": "none",
              "tax_ids": {
                "object": "list",
                "data": [

                ],
                "has_more": false,
                "total_count": 0,
                "url": "/v1/customers/cus_JiNsCtU17BXJRk/tax_ids"
              },
              "tax_info": null,
              "tax_info_verification": null
            },
            {
              "id": "cus_JiNm2zoeaV0gFj",
              "object": "customer",
              "account_balance": 0,
              "address": null,
              "balance": 0,
              "cards": {
                "object": "list",
                "data": [
                  {
                    "id": "card_0J4x0Um0T0GBfX0vzQEhveTj",
                    "object": "card",
                    "address_city": null,
                    "address_country": null,
                    "address_line1": null,
                    "address_line1_check": null,
                    "address_line2": null,
                    "address_state": null,
                    "address_zip": null,
                    "address_zip_check": null,
                    "brand": "Visa",
                    "country": "US",
                    "customer": "cus_JiNm2zoeaV0gFj",
                    "cvc_check": "pass",
                    "dynamic_last4": null,
                    "exp_month": 12,
                    "exp_year": 2025,
                    "fingerprint": "70B1BgindTYnDA3n",
                    "funding": "credit",
                    "last4": "4242",
                    "metadata": {
                    },
                    "name": null,
                    "tokenization_method": null
                  }
                ],
                "has_more": false,
                "total_count": 1,
                "url": "/v1/customers/cus_JiNm2zoeaV0gFj/cards"
              },
              "created": 1624319902,
              "currency": "usd",
              "default_card": "card_0J4x0Um0T0GBfX0vzQEhveTj",
              "default_source": "card_0J4x0Um0T0GBfX0vzQEhveTj",
              "delinquent": false,
              "description": null,
              "discount": null,
              "email": "user1602s@bikeiasdndex.org",
              "invoice_prefix": "EA2A30D3",
              "invoice_settings": {
                "custom_fields": null,
                "default_payment_method": null,
                "footer": null
              },
              "livemode": false,
              "metadata": {
              },
              "name": null,
              "next_invoice_sequence": 2,
              "phone": null,
              "preferred_locales": [

              ],
              "shipping": null,
              "sources": {
                "object": "list",
                "data": [
                  {
                    "id": "card_0J4x0Um0T0GBfX0vzQEhveTj",
                    "object": "card",
                    "address_city": null,
                    "address_country": null,
                    "address_line1": null,
                    "address_line1_check": null,
                    "address_line2": null,
                    "address_state": null,
                    "address_zip": null,
                    "address_zip_check": null,
                    "brand": "Visa",
                    "country": "US",
                    "customer": "cus_JiNm2zoeaV0gFj",
                    "cvc_check": "pass",
                    "dynamic_last4": null,
                    "exp_month": 12,
                    "exp_year": 2025,
                    "fingerprint": "70B1BgindTYnDA3n",
                    "funding": "credit",
                    "last4": "4242",
                    "metadata": {
                    },
                    "name": null,
                    "tokenization_method": null
                  }
                ],
                "has_more": false,
                "total_count": 1,
                "url": "/v1/customers/cus_JiNm2zoeaV0gFj/sources"
              },
              "subscriptions": {
                "object": "list",
                "data": [
                  {
                    "id": "sub_JiNmrXqZ2NRTk6",
                    "object": "subscription",
                    "application_fee_percent": null,
                    "automatic_tax": {
                      "enabled": false
                    },
                    "billing": "charge_automatically",
                    "billing_cycle_anchor": 1624319903,
                    "billing_thresholds": null,
                    "cancel_at": null,
                    "cancel_at_period_end": false,
                    "canceled_at": null,
                    "collection_method": "charge_automatically",
                    "created": 1624319903,
                    "current_period_end": 1626911903,
                    "current_period_start": 1624319903,
                    "customer": "cus_JiNm2zoeaV0gFj",
                    "days_until_due": null,
                    "default_payment_method": null,
                    "default_source": null,
                    "default_tax_rates": [

                    ],
                    "discount": null,
                    "ended_at": null,
                    "invoice_customer_balance_settings": {
                      "consume_applied_balance_on_void": true
                    },
                    "items": {
                      "object": "list",
                      "data": [
                        {
                          "id": "si_JiNm1ZnYJplwZ0",
                          "object": "subscription_item",
                          "billing_thresholds": null,
                          "created": 1624319903,
                          "metadata": {
                          },
                          "plan": {
                            "id": "01",
                            "object": "plan",
                            "active": true,
                            "aggregate_usage": null,
                            "amount": 399,
                            "amount_decimal": "399",
                            "billing_scheme": "per_unit",
                            "created": 1418246716,
                            "currency": "usd",
                            "interval": "month",
                            "interval_count": 1,
                            "livemode": false,
                            "metadata": {
                            },
                            "name": "Bike Index membership",
                            "nickname": null,
                            "product": "prod_BTdRktWBwC9SQR",
                            "statement_description": "Membership",
                            "statement_descriptor": "Membership",
                            "tiers": null,
                            "tiers_mode": null,
                            "transform_usage": null,
                            "trial_period_days": null,
                            "usage_type": "licensed"
                          },
                          "price": {
                            "id": "01",
                            "object": "price",
                            "active": true,
                            "billing_scheme": "per_unit",
                            "created": 1418246716,
                            "currency": "usd",
                            "livemode": false,
                            "lookup_key": null,
                            "metadata": {
                            },
                            "nickname": null,
                            "product": "prod_BTdRktWBwC9SQR",
                            "recurring": {
                              "aggregate_usage": null,
                              "interval": "month",
                              "interval_count": 1,
                              "trial_period_days": null,
                              "usage_type": "licensed"
                            },
                            "tiers_mode": null,
                            "transform_quantity": null,
                            "type": "recurring",
                            "unit_amount": 399,
                            "unit_amount_decimal": "399"
                          },
                          "quantity": 1,
                          "subscription": "sub_JiNmrXqZ2NRTk6",
                          "tax_rates": [

                          ]
                        }
                      ],
                      "has_more": false,
                      "total_count": 1,
                      "url": "/v1/subscription_items?subscription=sub_JiNmrXqZ2NRTk6"
                    },
                    "latest_invoice": "in_0J4x0Vm0T0GBfX0v7vqjCcFR",
                    "livemode": false,
                    "metadata": {
                    },
                    "next_pending_invoice_item_invoice": null,
                    "pause_collection": null,
                    "pending_invoice_item_interval": null,
                    "pending_setup_intent": null,
                    "pending_update": null,
                    "plan": {
                      "id": "01",
                      "object": "plan",
                      "active": true,
                      "aggregate_usage": null,
                      "amount": 399,
                      "amount_decimal": "399",
                      "billing_scheme": "per_unit",
                      "created": 1418246716,
                      "currency": "usd",
                      "interval": "month",
                      "interval_count": 1,
                      "livemode": false,
                      "metadata": {
                      },
                      "name": "Bike Index membership",
                      "nickname": null,
                      "product": "prod_BTdRktWBwC9SQR",
                      "statement_description": "Membership",
                      "statement_descriptor": "Membership",
                      "tiers": null,
                      "tiers_mode": null,
                      "transform_usage": null,
                      "trial_period_days": null,
                      "usage_type": "licensed"
                    },
                    "quantity": 1,
                    "schedule": null,
                    "start": 1624319903,
                    "start_date": 1624319903,
                    "status": "active",
                    "tax_percent": null,
                    "transfer_data": null,
                    "trial_end": null,
                    "trial_start": null
                  }
                ],
                "has_more": false,
                "total_count": 1,
                "url": "/v1/customers/cus_JiNm2zoeaV0gFj/subscriptions"
              },
              "tax_exempt": "none",
              "tax_ids": {
                "object": "list",
                "data": [

                ],
                "has_more": false,
                "total_count": 0,
                "url": "/v1/customers/cus_JiNm2zoeaV0gFj/tax_ids"
              },
              "tax_info": null,
              "tax_info_verification": null
            },
            {
              "id": "cus_JiNb1PaSDLTKk5",
              "object": "customer",
              "account_balance": 0,
              "address": null,
              "balance": 0,
              "cards": {
                "object": "list",
                "data": [
                  {
                    "id": "card_0J4wq8m0T0GBfX0viVSDUvGd",
                    "object": "card",
                    "address_city": null,
                    "address_country": null,
                    "address_line1": null,
                    "address_line1_check": null,
                    "address_line2": null,
                    "address_state": null,
                    "address_zip": null,
                    "address_zip_check": null,
                    "brand": "Visa",
                    "country": "US",
                    "customer": "cus_JiNb1PaSDLTKk5",
                    "cvc_check": "pass",
                    "dynamic_last4": null,
                    "exp_month": 12,
                    "exp_year": 2025,
                    "fingerprint": "70B1BgindTYnDA3n",
                    "funding": "credit",
                    "last4": "4242",
                    "metadata": {
                    },
                    "name": null,
                    "tokenization_method": null
                  }
                ],
                "has_more": false,
                "total_count": 1,
                "url": "/v1/customers/cus_JiNb1PaSDLTKk5/cards"
              },
              "created": 1624319260,
              "currency": "usd",
              "default_card": "card_0J4wq8m0T0GBfX0viVSDUvGd",
              "default_source": "card_0J4wq8m0T0GBfX0viVSDUvGd",
              "delinquent": false,
              "description": null,
              "discount": null,
              "email": "user1090s@bikeiasdndex.org",
              "invoice_prefix": "266D2C28",
              "invoice_settings": {
                "custom_fields": null,
                "default_payment_method": null,
                "footer": null
              },
              "livemode": false,
              "metadata": {
              },
              "name": null,
              "next_invoice_sequence": 2,
              "phone": null,
              "preferred_locales": [

              ],
              "shipping": null,
              "sources": {
                "object": "list",
                "data": [
                  {
                    "id": "card_0J4wq8m0T0GBfX0viVSDUvGd",
                    "object": "card",
                    "address_city": null,
                    "address_country": null,
                    "address_line1": null,
                    "address_line1_check": null,
                    "address_line2": null,
                    "address_state": null,
                    "address_zip": null,
                    "address_zip_check": null,
                    "brand": "Visa",
                    "country": "US",
                    "customer": "cus_JiNb1PaSDLTKk5",
                    "cvc_check": "pass",
                    "dynamic_last4": null,
                    "exp_month": 12,
                    "exp_year": 2025,
                    "fingerprint": "70B1BgindTYnDA3n",
                    "funding": "credit",
                    "last4": "4242",
                    "metadata": {
                    },
                    "name": null,
                    "tokenization_method": null
                  }
                ],
                "has_more": false,
                "total_count": 1,
                "url": "/v1/customers/cus_JiNb1PaSDLTKk5/sources"
              },
              "subscriptions": {
                "object": "list",
                "data": [
                  {
                    "id": "sub_JiNbR5H5YsEy6f",
                    "object": "subscription",
                    "application_fee_percent": null,
                    "automatic_tax": {
                      "enabled": false
                    },
                    "billing": "charge_automatically",
                    "billing_cycle_anchor": 1624319261,
                    "billing_thresholds": null,
                    "cancel_at": null,
                    "cancel_at_period_end": false,
                    "canceled_at": null,
                    "collection_method": "charge_automatically",
                    "created": 1624319261,
                    "current_period_end": 1626911261,
                    "current_period_start": 1624319261,
                    "customer": "cus_JiNb1PaSDLTKk5",
                    "days_until_due": null,
                    "default_payment_method": null,
                    "default_source": null,
                    "default_tax_rates": [

                    ],
                    "discount": null,
                    "ended_at": null,
                    "invoice_customer_balance_settings": {
                      "consume_applied_balance_on_void": true
                    },
                    "items": {
                      "object": "list",
                      "data": [
                        {
                          "id": "si_JiNbXBEUm2KD5W",
                          "object": "subscription_item",
                          "billing_thresholds": null,
                          "created": 1624319261,
                          "metadata": {
                          },
                          "plan": {
                            "id": "01",
                            "object": "plan",
                            "active": true,
                            "aggregate_usage": null,
                            "amount": 399,
                            "amount_decimal": "399",
                            "billing_scheme": "per_unit",
                            "created": 1418246716,
                            "currency": "usd",
                            "interval": "month",
                            "interval_count": 1,
                            "livemode": false,
                            "metadata": {
                            },
                            "name": "Bike Index membership",
                            "nickname": null,
                            "product": "prod_BTdRktWBwC9SQR",
                            "statement_description": "Membership",
                            "statement_descriptor": "Membership",
                            "tiers": null,
                            "tiers_mode": null,
                            "transform_usage": null,
                            "trial_period_days": null,
                            "usage_type": "licensed"
                          },
                          "price": {
                            "id": "01",
                            "object": "price",
                            "active": true,
                            "billing_scheme": "per_unit",
                            "created": 1418246716,
                            "currency": "usd",
                            "livemode": false,
                            "lookup_key": null,
                            "metadata": {
                            },
                            "nickname": null,
                            "product": "prod_BTdRktWBwC9SQR",
                            "recurring": {
                              "aggregate_usage": null,
                              "interval": "month",
                              "interval_count": 1,
                              "trial_period_days": null,
                              "usage_type": "licensed"
                            },
                            "tiers_mode": null,
                            "transform_quantity": null,
                            "type": "recurring",
                            "unit_amount": 399,
                            "unit_amount_decimal": "399"
                          },
                          "quantity": 1,
                          "subscription": "sub_JiNbR5H5YsEy6f",
                          "tax_rates": [

                          ]
                        }
                      ],
                      "has_more": false,
                      "total_count": 1,
                      "url": "/v1/subscription_items?subscription=sub_JiNbR5H5YsEy6f"
                    },
                    "latest_invoice": "in_0J4wq9m0T0GBfX0vztRuNacz",
                    "livemode": false,
                    "metadata": {
                    },
                    "next_pending_invoice_item_invoice": null,
                    "pause_collection": null,
                    "pending_invoice_item_interval": null,
                    "pending_setup_intent": null,
                    "pending_update": null,
                    "plan": {
                      "id": "01",
                      "object": "plan",
                      "active": true,
                      "aggregate_usage": null,
                      "amount": 399,
                      "amount_decimal": "399",
                      "billing_scheme": "per_unit",
                      "created": 1418246716,
                      "currency": "usd",
                      "interval": "month",
                      "interval_count": 1,
                      "livemode": false,
                      "metadata": {
                      },
                      "name": "Bike Index membership",
                      "nickname": null,
                      "product": "prod_BTdRktWBwC9SQR",
                      "statement_description": "Membership",
                      "statement_descriptor": "Membership",
                      "tiers": null,
                      "tiers_mode": null,
                      "transform_usage": null,
                      "trial_period_days": null,
                      "usage_type": "licensed"
                    },
                    "quantity": 1,
                    "schedule": null,
                    "start": 1624319261,
                    "start_date": 1624319261,
                    "status": "active",
                    "tax_percent": null,
                    "transfer_data": null,
                    "trial_end": null,
                    "trial_start": null
                  }
                ],
                "has_more": false,
                "total_count": 1,
                "url": "/v1/customers/cus_JiNb1PaSDLTKk5/subscriptions"
              },
              "tax_exempt": "none",
              "tax_ids": {
                "object": "list",
                "data": [

                ],
                "has_more": false,
                "total_count": 0,
                "url": "/v1/customers/cus_JiNb1PaSDLTKk5/tax_ids"
              },
              "tax_info": null,
              "tax_info_verification": null
            },
            {
              "id": "cus_JiM1LzJn5m1pWO",
              "object": "customer",
              "account_balance": 0,
              "address": null,
              "balance": 0,
              "cards": {
                "object": "list",
                "data": [
                  {
                    "id": "card_0J4vJBm0T0GBfX0vIUBKgTPc",
                    "object": "card",
                    "address_city": null,
                    "address_country": null,
                    "address_line1": null,
                    "address_line1_check": null,
                    "address_line2": null,
                    "address_state": null,
                    "address_zip": null,
                    "address_zip_check": null,
                    "brand": "Visa",
                    "country": "US",
                    "customer": "cus_JiM1LzJn5m1pWO",
                    "cvc_check": "pass",
                    "dynamic_last4": null,
                    "exp_month": 12,
                    "exp_year": 2025,
                    "fingerprint": "70B1BgindTYnDA3n",
                    "funding": "credit",
                    "last4": "4242",
                    "metadata": {
                    },
                    "name": null,
                    "tokenization_method": null
                  }
                ],
                "has_more": false,
                "total_count": 1,
                "url": "/v1/customers/cus_JiM1LzJn5m1pWO/cards"
              },
              "created": 1624313373,
              "currency": "usd",
              "default_card": "card_0J4vJBm0T0GBfX0vIUBKgTPc",
              "default_source": "card_0J4vJBm0T0GBfX0vIUBKgTPc",
              "delinquent": false,
              "description": null,
              "discount": null,
              "email": "user1215s@bikeiasdndex.org",
              "invoice_prefix": "C8C8AFD3",
              "invoice_settings": {
                "custom_fields": null,
                "default_payment_method": null,
                "footer": null
              },
              "livemode": false,
              "metadata": {
              },
              "name": null,
              "next_invoice_sequence": 2,
              "phone": null,
              "preferred_locales": [

              ],
              "shipping": null,
              "sources": {
                "object": "list",
                "data": [
                  {
                    "id": "card_0J4vJBm0T0GBfX0vIUBKgTPc",
                    "object": "card",
                    "address_city": null,
                    "address_country": null,
                    "address_line1": null,
                    "address_line1_check": null,
                    "address_line2": null,
                    "address_state": null,
                    "address_zip": null,
                    "address_zip_check": null,
                    "brand": "Visa",
                    "country": "US",
                    "customer": "cus_JiM1LzJn5m1pWO",
                    "cvc_check": "pass",
                    "dynamic_last4": null,
                    "exp_month": 12,
                    "exp_year": 2025,
                    "fingerprint": "70B1BgindTYnDA3n",
                    "funding": "credit",
                    "last4": "4242",
                    "metadata": {
                    },
                    "name": null,
                    "tokenization_method": null
                  }
                ],
                "has_more": false,
                "total_count": 1,
                "url": "/v1/customers/cus_JiM1LzJn5m1pWO/sources"
              },
              "subscriptions": {
                "object": "list",
                "data": [
                  {
                    "id": "sub_JiM1cmGylVHZtT",
                    "object": "subscription",
                    "application_fee_percent": null,
                    "automatic_tax": {
                      "enabled": false
                    },
                    "billing": "charge_automatically",
                    "billing_cycle_anchor": 1624313374,
                    "billing_thresholds": null,
                    "cancel_at": null,
                    "cancel_at_period_end": false,
                    "canceled_at": null,
                    "collection_method": "charge_automatically",
                    "created": 1624313374,
                    "current_period_end": 1626905374,
                    "current_period_start": 1624313374,
                    "customer": "cus_JiM1LzJn5m1pWO",
                    "days_until_due": null,
                    "default_payment_method": null,
                    "default_source": null,
                    "default_tax_rates": [

                    ],
                    "discount": null,
                    "ended_at": null,
                    "invoice_customer_balance_settings": {
                      "consume_applied_balance_on_void": true
                    },
                    "items": {
                      "object": "list",
                      "data": [
                        {
                          "id": "si_JiM1on5gOWDHkM",
                          "object": "subscription_item",
                          "billing_thresholds": null,
                          "created": 1624313374,
                          "metadata": {
                          },
                          "plan": {
                            "id": "01",
                            "object": "plan",
                            "active": true,
                            "aggregate_usage": null,
                            "amount": 399,
                            "amount_decimal": "399",
                            "billing_scheme": "per_unit",
                            "created": 1418246716,
                            "currency": "usd",
                            "interval": "month",
                            "interval_count": 1,
                            "livemode": false,
                            "metadata": {
                            },
                            "name": "Bike Index membership",
                            "nickname": null,
                            "product": "prod_BTdRktWBwC9SQR",
                            "statement_description": "Membership",
                            "statement_descriptor": "Membership",
                            "tiers": null,
                            "tiers_mode": null,
                            "transform_usage": null,
                            "trial_period_days": null,
                            "usage_type": "licensed"
                          },
                          "price": {
                            "id": "01",
                            "object": "price",
                            "active": true,
                            "billing_scheme": "per_unit",
                            "created": 1418246716,
                            "currency": "usd",
                            "livemode": false,
                            "lookup_key": null,
                            "metadata": {
                            },
                            "nickname": null,
                            "product": "prod_BTdRktWBwC9SQR",
                            "recurring": {
                              "aggregate_usage": null,
                              "interval": "month",
                              "interval_count": 1,
                              "trial_period_days": null,
                              "usage_type": "licensed"
                            },
                            "tiers_mode": null,
                            "transform_quantity": null,
                            "type": "recurring",
                            "unit_amount": 399,
                            "unit_amount_decimal": "399"
                          },
                          "quantity": 1,
                          "subscription": "sub_JiM1cmGylVHZtT",
                          "tax_rates": [

                          ]
                        }
                      ],
                      "has_more": false,
                      "total_count": 1,
                      "url": "/v1/subscription_items?subscription=sub_JiM1cmGylVHZtT"
                    },
                    "latest_invoice": "in_0J4vJCm0T0GBfX0vePYrHVm3",
                    "livemode": false,
                    "metadata": {
                    },
                    "next_pending_invoice_item_invoice": null,
                    "pause_collection": null,
                    "pending_invoice_item_interval": null,
                    "pending_setup_intent": null,
                    "pending_update": null,
                    "plan": {
                      "id": "01",
                      "object": "plan",
                      "active": true,
                      "aggregate_usage": null,
                      "amount": 399,
                      "amount_decimal": "399",
                      "billing_scheme": "per_unit",
                      "created": 1418246716,
                      "currency": "usd",
                      "interval": "month",
                      "interval_count": 1,
                      "livemode": false,
                      "metadata": {
                      },
                      "name": "Bike Index membership",
                      "nickname": null,
                      "product": "prod_BTdRktWBwC9SQR",
                      "statement_description": "Membership",
                      "statement_descriptor": "Membership",
                      "tiers": null,
                      "tiers_mode": null,
                      "transform_usage": null,
                      "trial_period_days": null,
                      "usage_type": "licensed"
                    },
                    "quantity": 1,
                    "schedule": null,
                    "start": 1624313374,
                    "start_date": 1624313374,
                    "status": "active",
                    "tax_percent": null,
                    "transfer_data": null,
                    "trial_end": null,
                    "trial_start": null
                  }
                ],
                "has_more": false,
                "total_count": 1,
                "url": "/v1/customers/cus_JiM1LzJn5m1pWO/subscriptions"
              },
              "tax_exempt": "none",
              "tax_ids": {
                "object": "list",
                "data": [

                ],
                "has_more": false,
                "total_count": 0,
                "url": "/v1/customers/cus_JiM1LzJn5m1pWO/tax_ids"
              },
              "tax_info": null,
              "tax_info_verification": null
            },
            {
              "id": "cus_JiLAtZkonNnado",
              "object": "customer",
              "account_balance": 0,
              "address": null,
              "balance": 0,
              "cards": {
                "object": "list",
                "data": [
                  {
                    "id": "card_0J4uTtm0T0GBfX0vVBqfX6FL",
                    "object": "card",
                    "address_city": null,
                    "address_country": null,
                    "address_line1": null,
                    "address_line1_check": null,
                    "address_line2": null,
                    "address_state": null,
                    "address_zip": null,
                    "address_zip_check": null,
                    "brand": "Visa",
                    "country": "US",
                    "customer": "cus_JiLAtZkonNnado",
                    "cvc_check": "pass",
                    "dynamic_last4": null,
                    "exp_month": 12,
                    "exp_year": 2025,
                    "fingerprint": "70B1BgindTYnDA3n",
                    "funding": "credit",
                    "last4": "4242",
                    "metadata": {
                    },
                    "name": null,
                    "tokenization_method": null
                  }
                ],
                "has_more": false,
                "total_count": 1,
                "url": "/v1/customers/cus_JiLAtZkonNnado/cards"
              },
              "created": 1624310193,
              "currency": "usd",
              "default_card": "card_0J4uTtm0T0GBfX0vVBqfX6FL",
              "default_source": "card_0J4uTtm0T0GBfX0vVBqfX6FL",
              "delinquent": false,
              "description": null,
              "discount": null,
              "email": "user959s@bikeiasdndex.org",
              "invoice_prefix": "73099AC4",
              "invoice_settings": {
                "custom_fields": null,
                "default_payment_method": null,
                "footer": null
              },
              "livemode": false,
              "metadata": {
              },
              "name": null,
              "next_invoice_sequence": 2,
              "phone": null,
              "preferred_locales": [

              ],
              "shipping": null,
              "sources": {
                "object": "list",
                "data": [
                  {
                    "id": "card_0J4uTtm0T0GBfX0vVBqfX6FL",
                    "object": "card",
                    "address_city": null,
                    "address_country": null,
                    "address_line1": null,
                    "address_line1_check": null,
                    "address_line2": null,
                    "address_state": null,
                    "address_zip": null,
                    "address_zip_check": null,
                    "brand": "Visa",
                    "country": "US",
                    "customer": "cus_JiLAtZkonNnado",
                    "cvc_check": "pass",
                    "dynamic_last4": null,
                    "exp_month": 12,
                    "exp_year": 2025,
                    "fingerprint": "70B1BgindTYnDA3n",
                    "funding": "credit",
                    "last4": "4242",
                    "metadata": {
                    },
                    "name": null,
                    "tokenization_method": null
                  }
                ],
                "has_more": false,
                "total_count": 1,
                "url": "/v1/customers/cus_JiLAtZkonNnado/sources"
              },
              "subscriptions": {
                "object": "list",
                "data": [
                  {
                    "id": "sub_JiLAz3NpcEc2hT",
                    "object": "subscription",
                    "application_fee_percent": null,
                    "automatic_tax": {
                      "enabled": false
                    },
                    "billing": "charge_automatically",
                    "billing_cycle_anchor": 1624310194,
                    "billing_thresholds": null,
                    "cancel_at": null,
                    "cancel_at_period_end": false,
                    "canceled_at": null,
                    "collection_method": "charge_automatically",
                    "created": 1624310194,
                    "current_period_end": 1626902194,
                    "current_period_start": 1624310194,
                    "customer": "cus_JiLAtZkonNnado",
                    "days_until_due": null,
                    "default_payment_method": null,
                    "default_source": null,
                    "default_tax_rates": [

                    ],
                    "discount": null,
                    "ended_at": null,
                    "invoice_customer_balance_settings": {
                      "consume_applied_balance_on_void": true
                    },
                    "items": {
                      "object": "list",
                      "data": [
                        {
                          "id": "si_JiLAEMiNregGPS",
                          "object": "subscription_item",
                          "billing_thresholds": null,
                          "created": 1624310194,
                          "metadata": {
                          },
                          "plan": {
                            "id": "01",
                            "object": "plan",
                            "active": true,
                            "aggregate_usage": null,
                            "amount": 399,
                            "amount_decimal": "399",
                            "billing_scheme": "per_unit",
                            "created": 1418246716,
                            "currency": "usd",
                            "interval": "month",
                            "interval_count": 1,
                            "livemode": false,
                            "metadata": {
                            },
                            "name": "Bike Index membership",
                            "nickname": null,
                            "product": "prod_BTdRktWBwC9SQR",
                            "statement_description": "Membership",
                            "statement_descriptor": "Membership",
                            "tiers": null,
                            "tiers_mode": null,
                            "transform_usage": null,
                            "trial_period_days": null,
                            "usage_type": "licensed"
                          },
                          "price": {
                            "id": "01",
                            "object": "price",
                            "active": true,
                            "billing_scheme": "per_unit",
                            "created": 1418246716,
                            "currency": "usd",
                            "livemode": false,
                            "lookup_key": null,
                            "metadata": {
                            },
                            "nickname": null,
                            "product": "prod_BTdRktWBwC9SQR",
                            "recurring": {
                              "aggregate_usage": null,
                              "interval": "month",
                              "interval_count": 1,
                              "trial_period_days": null,
                              "usage_type": "licensed"
                            },
                            "tiers_mode": null,
                            "transform_quantity": null,
                            "type": "recurring",
                            "unit_amount": 399,
                            "unit_amount_decimal": "399"
                          },
                          "quantity": 1,
                          "subscription": "sub_JiLAz3NpcEc2hT",
                          "tax_rates": [

                          ]
                        }
                      ],
                      "has_more": false,
                      "total_count": 1,
                      "url": "/v1/subscription_items?subscription=sub_JiLAz3NpcEc2hT"
                    },
                    "latest_invoice": "in_0J4uTum0T0GBfX0vZY2zFVZI",
                    "livemode": false,
                    "metadata": {
                    },
                    "next_pending_invoice_item_invoice": null,
                    "pause_collection": null,
                    "pending_invoice_item_interval": null,
                    "pending_setup_intent": null,
                    "pending_update": null,
                    "plan": {
                      "id": "01",
                      "object": "plan",
                      "active": true,
                      "aggregate_usage": null,
                      "amount": 399,
                      "amount_decimal": "399",
                      "billing_scheme": "per_unit",
                      "created": 1418246716,
                      "currency": "usd",
                      "interval": "month",
                      "interval_count": 1,
                      "livemode": false,
                      "metadata": {
                      },
                      "name": "Bike Index membership",
                      "nickname": null,
                      "product": "prod_BTdRktWBwC9SQR",
                      "statement_description": "Membership",
                      "statement_descriptor": "Membership",
                      "tiers": null,
                      "tiers_mode": null,
                      "transform_usage": null,
                      "trial_period_days": null,
                      "usage_type": "licensed"
                    },
                    "quantity": 1,
                    "schedule": null,
                    "start": 1624310194,
                    "start_date": 1624310194,
                    "status": "active",
                    "tax_percent": null,
                    "transfer_data": null,
                    "trial_end": null,
                    "trial_start": null
                  }
                ],
                "has_more": false,
                "total_count": 1,
                "url": "/v1/customers/cus_JiLAtZkonNnado/subscriptions"
              },
              "tax_exempt": "none",
              "tax_ids": {
                "object": "list",
                "data": [

                ],
                "has_more": false,
                "total_count": 0,
                "url": "/v1/customers/cus_JiLAtZkonNnado/tax_ids"
              },
              "tax_info": null,
              "tax_info_verification": null
            },
            {
              "id": "cus_JiJAFlpPpWiav5",
              "object": "customer",
              "account_balance": 0,
              "address": null,
              "balance": 0,
              "cards": {
                "object": "list",
                "data": [
                  {
                    "id": "card_0J4sY0m0T0GBfX0vc6j17EpZ",
                    "object": "card",
                    "address_city": null,
                    "address_country": null,
                    "address_line1": null,
                    "address_line1_check": null,
                    "address_line2": null,
                    "address_state": null,
                    "address_zip": null,
                    "address_zip_check": null,
                    "brand": "Visa",
                    "country": "US",
                    "customer": "cus_JiJAFlpPpWiav5",
                    "cvc_check": "pass",
                    "dynamic_last4": null,
                    "exp_month": 12,
                    "exp_year": 2025,
                    "fingerprint": "70B1BgindTYnDA3n",
                    "funding": "credit",
                    "last4": "4242",
                    "metadata": {
                    },
                    "name": null,
                    "tokenization_method": null
                  }
                ],
                "has_more": false,
                "total_count": 1,
                "url": "/v1/customers/cus_JiJAFlpPpWiav5/cards"
              },
              "created": 1624302761,
              "currency": "usd",
              "default_card": "card_0J4sY0m0T0GBfX0vc6j17EpZ",
              "default_source": "card_0J4sY0m0T0GBfX0vc6j17EpZ",
              "delinquent": false,
              "description": null,
              "discount": null,
              "email": "user1823s@bikeiasdndex.org",
              "invoice_prefix": "D0C39CDF",
              "invoice_settings": {
                "custom_fields": null,
                "default_payment_method": null,
                "footer": null
              },
              "livemode": false,
              "metadata": {
              },
              "name": null,
              "next_invoice_sequence": 2,
              "phone": null,
              "preferred_locales": [

              ],
              "shipping": null,
              "sources": {
                "object": "list",
                "data": [
                  {
                    "id": "card_0J4sY0m0T0GBfX0vc6j17EpZ",
                    "object": "card",
                    "address_city": null,
                    "address_country": null,
                    "address_line1": null,
                    "address_line1_check": null,
                    "address_line2": null,
                    "address_state": null,
                    "address_zip": null,
                    "address_zip_check": null,
                    "brand": "Visa",
                    "country": "US",
                    "customer": "cus_JiJAFlpPpWiav5",
                    "cvc_check": "pass",
                    "dynamic_last4": null,
                    "exp_month": 12,
                    "exp_year": 2025,
                    "fingerprint": "70B1BgindTYnDA3n",
                    "funding": "credit",
                    "last4": "4242",
                    "metadata": {
                    },
                    "name": null,
                    "tokenization_method": null
                  }
                ],
                "has_more": false,
                "total_count": 1,
                "url": "/v1/customers/cus_JiJAFlpPpWiav5/sources"
              },
              "subscriptions": {
                "object": "list",
                "data": [
                  {
                    "id": "sub_JiJA1lfZnorCTa",
                    "object": "subscription",
                    "application_fee_percent": null,
                    "automatic_tax": {
                      "enabled": false
                    },
                    "billing": "charge_automatically",
                    "billing_cycle_anchor": 1624302761,
                    "billing_thresholds": null,
                    "cancel_at": null,
                    "cancel_at_period_end": false,
                    "canceled_at": null,
                    "collection_method": "charge_automatically",
                    "created": 1624302761,
                    "current_period_end": 1626894761,
                    "current_period_start": 1624302761,
                    "customer": "cus_JiJAFlpPpWiav5",
                    "days_until_due": null,
                    "default_payment_method": null,
                    "default_source": null,
                    "default_tax_rates": [

                    ],
                    "discount": null,
                    "ended_at": null,
                    "invoice_customer_balance_settings": {
                      "consume_applied_balance_on_void": true
                    },
                    "items": {
                      "object": "list",
                      "data": [
                        {
                          "id": "si_JiJAP83tQvCYgZ",
                          "object": "subscription_item",
                          "billing_thresholds": null,
                          "created": 1624302762,
                          "metadata": {
                          },
                          "plan": {
                            "id": "01",
                            "object": "plan",
                            "active": true,
                            "aggregate_usage": null,
                            "amount": 399,
                            "amount_decimal": "399",
                            "billing_scheme": "per_unit",
                            "created": 1418246716,
                            "currency": "usd",
                            "interval": "month",
                            "interval_count": 1,
                            "livemode": false,
                            "metadata": {
                            },
                            "name": "Bike Index membership",
                            "nickname": null,
                            "product": "prod_BTdRktWBwC9SQR",
                            "statement_description": "Membership",
                            "statement_descriptor": "Membership",
                            "tiers": null,
                            "tiers_mode": null,
                            "transform_usage": null,
                            "trial_period_days": null,
                            "usage_type": "licensed"
                          },
                          "price": {
                            "id": "01",
                            "object": "price",
                            "active": true,
                            "billing_scheme": "per_unit",
                            "created": 1418246716,
                            "currency": "usd",
                            "livemode": false,
                            "lookup_key": null,
                            "metadata": {
                            },
                            "nickname": null,
                            "product": "prod_BTdRktWBwC9SQR",
                            "recurring": {
                              "aggregate_usage": null,
                              "interval": "month",
                              "interval_count": 1,
                              "trial_period_days": null,
                              "usage_type": "licensed"
                            },
                            "tiers_mode": null,
                            "transform_quantity": null,
                            "type": "recurring",
                            "unit_amount": 399,
                            "unit_amount_decimal": "399"
                          },
                          "quantity": 1,
                          "subscription": "sub_JiJA1lfZnorCTa",
                          "tax_rates": [

                          ]
                        }
                      ],
                      "has_more": false,
                      "total_count": 1,
                      "url": "/v1/subscription_items?subscription=sub_JiJA1lfZnorCTa"
                    },
                    "latest_invoice": "in_0J4sY1m0T0GBfX0vpdVxL5JB",
                    "livemode": false,
                    "metadata": {
                    },
                    "next_pending_invoice_item_invoice": null,
                    "pause_collection": null,
                    "pending_invoice_item_interval": null,
                    "pending_setup_intent": null,
                    "pending_update": null,
                    "plan": {
                      "id": "01",
                      "object": "plan",
                      "active": true,
                      "aggregate_usage": null,
                      "amount": 399,
                      "amount_decimal": "399",
                      "billing_scheme": "per_unit",
                      "created": 1418246716,
                      "currency": "usd",
                      "interval": "month",
                      "interval_count": 1,
                      "livemode": false,
                      "metadata": {
                      },
                      "name": "Bike Index membership",
                      "nickname": null,
                      "product": "prod_BTdRktWBwC9SQR",
                      "statement_description": "Membership",
                      "statement_descriptor": "Membership",
                      "tiers": null,
                      "tiers_mode": null,
                      "transform_usage": null,
                      "trial_period_days": null,
                      "usage_type": "licensed"
                    },
                    "quantity": 1,
                    "schedule": null,
                    "start": 1624302761,
                    "start_date": 1624302761,
                    "status": "active",
                    "tax_percent": null,
                    "transfer_data": null,
                    "trial_end": null,
                    "trial_start": null
                  }
                ],
                "has_more": false,
                "total_count": 1,
                "url": "/v1/customers/cus_JiJAFlpPpWiav5/subscriptions"
              },
              "tax_exempt": "none",
              "tax_ids": {
                "object": "list",
                "data": [

                ],
                "has_more": false,
                "total_count": 0,
                "url": "/v1/customers/cus_JiJAFlpPpWiav5/tax_ids"
              },
              "tax_info": null,
              "tax_info_verification": null
            }
          ],
          "has_more": true,
          "url": "/v1/customers"
        }
    http_version:
  recorded_at: Tue, 22 Jun 2021 17:26:14 GMT
- request:
    method: post
    uri: https://api.stripe.com/v1/customers/cus_JiQNB2YGUvmTYF
    body:
      encoding: UTF-8
      string: card=tok_0J5DMXm0T0GBfX0vrzyy0vmd
    headers:
      User-Agent:
      - Stripe/v1 RubyBindings/3.3.2
      Content-Type:
      - application/x-www-form-urlencoded
      Accept-Encoding:
      - gzip;q=1.0,deflate;q=0.6,identity;q=0.3
      Accept:
      - "*/*"
  response:
    status:
      code: 200
      message: OK
    headers:
      Server:
      - nginx
      Date:
      - Tue, 22 Jun 2021 17:26:15 GMT
      Content-Type:
      - application/json
      Content-Length:
      - '2872'
      Connection:
      - keep-alive
      Access-Control-Allow-Credentials:
      - 'true'
      Access-Control-Allow-Methods:
      - GET, POST, HEAD, OPTIONS, DELETE
      Access-Control-Allow-Origin:
      - "*"
      Access-Control-Expose-Headers:
      - Request-Id, Stripe-Manage-Version, X-Stripe-External-Auth-Required, X-Stripe-Privileged-Session-Required
      Access-Control-Max-Age:
      - '300'
      Cache-Control:
      - no-cache, no-store
      Request-Id:
      - req_SpPKXa22xSVnyD
      Stripe-Version:
      - '2014-12-08'
      X-Stripe-C-Cost:
      - '3'
      Strict-Transport-Security:
      - max-age=31556926; includeSubDomains; preload
    body:
      encoding: UTF-8
      string: |
        {
          "id": "cus_JiQNB2YGUvmTYF",
          "object": "customer",
          "account_balance": 0,
          "address": null,
          "balance": 0,
          "cards": {
            "object": "list",
            "data": [
              {
                "id": "card_0J5DMXm0T0GBfX0vyEgxppre",
                "object": "card",
                "address_city": null,
                "address_country": null,
                "address_line1": null,
                "address_line1_check": null,
                "address_line2": null,
                "address_state": null,
                "address_zip": null,
                "address_zip_check": null,
                "brand": "Visa",
                "country": "US",
                "customer": "cus_JiQNB2YGUvmTYF",
                "cvc_check": "pass",
                "dynamic_last4": null,
                "exp_month": 12,
                "exp_year": 2025,
                "fingerprint": "70B1BgindTYnDA3n",
                "funding": "credit",
                "last4": "4242",
                "metadata": {
                },
                "name": null,
                "tokenization_method": null
              }
            ],
            "has_more": false,
            "total_count": 1,
            "url": "/v1/customers/cus_JiQNB2YGUvmTYF/cards"
          },
          "created": 1624329608,
          "currency": null,
          "default_card": "card_0J5DMXm0T0GBfX0vyEgxppre",
          "default_source": "card_0J5DMXm0T0GBfX0vyEgxppre",
          "delinquent": false,
          "description": null,
          "discount": null,
          "email": "test_user@test.com",
          "invoice_prefix": "8E5A7AC3",
          "invoice_settings": {
            "custom_fields": null,
            "default_payment_method": null,
            "footer": null
          },
          "livemode": false,
          "metadata": {
          },
          "name": null,
          "next_invoice_sequence": 1,
          "phone": null,
          "preferred_locales": [

          ],
          "shipping": null,
          "sources": {
            "object": "list",
            "data": [
              {
                "id": "card_0J5DMXm0T0GBfX0vyEgxppre",
                "object": "card",
                "address_city": null,
                "address_country": null,
                "address_line1": null,
                "address_line1_check": null,
                "address_line2": null,
                "address_state": null,
                "address_zip": null,
                "address_zip_check": null,
                "brand": "Visa",
                "country": "US",
                "customer": "cus_JiQNB2YGUvmTYF",
                "cvc_check": "pass",
                "dynamic_last4": null,
                "exp_month": 12,
                "exp_year": 2025,
                "fingerprint": "70B1BgindTYnDA3n",
                "funding": "credit",
                "last4": "4242",
                "metadata": {
                },
                "name": null,
                "tokenization_method": null
              }
            ],
            "has_more": false,
            "total_count": 1,
            "url": "/v1/customers/cus_JiQNB2YGUvmTYF/sources"
          },
          "subscriptions": {
            "object": "list",
            "data": [

            ],
            "has_more": false,
            "total_count": 0,
            "url": "/v1/customers/cus_JiQNB2YGUvmTYF/subscriptions"
          },
          "tax_exempt": "none",
          "tax_ids": {
            "object": "list",
            "data": [

            ],
            "has_more": false,
            "total_count": 0,
            "url": "/v1/customers/cus_JiQNB2YGUvmTYF/tax_ids"
          },
          "tax_info": null,
          "tax_info_verification": null
        }
    http_version:
  recorded_at: Tue, 22 Jun 2021 17:26:15 GMT
- request:
    method: post
    uri: https://api.stripe.com/v1/charges
    body:
      encoding: UTF-8
      string: customer=cus_JiQNB2YGUvmTYF&amount=4000&description=Bike+Index+customer&currency=usd
    headers:
      User-Agent:
      - Stripe/v1 RubyBindings/3.3.2
      Content-Type:
      - application/x-www-form-urlencoded
      Accept-Encoding:
      - gzip;q=1.0,deflate;q=0.6,identity;q=0.3
      Accept:
      - "*/*"
  response:
    status:
      code: 200
      message: OK
    headers:
      Server:
      - nginx
      Date:
      - Tue, 22 Jun 2021 17:26:16 GMT
      Content-Type:
      - application/json
      Content-Length:
      - '3651'
      Connection:
      - keep-alive
      Access-Control-Allow-Credentials:
      - 'true'
      Access-Control-Allow-Methods:
      - GET, POST, HEAD, OPTIONS, DELETE
      Access-Control-Allow-Origin:
      - "*"
      Access-Control-Expose-Headers:
      - Request-Id, Stripe-Manage-Version, X-Stripe-External-Auth-Required, X-Stripe-Privileged-Session-Required
      Access-Control-Max-Age:
      - '300'
      Cache-Control:
      - no-cache, no-store
      Request-Id:
      - req_0w235b1dovJmaT
      Stripe-Version:
      - '2014-12-08'
      X-Stripe-C-Cost:
      - '6'
      Strict-Transport-Security:
      - max-age=31556926; includeSubDomains; preload
    body:
      encoding: UTF-8
      string: |
        {
          "id": "ch_0J5DMZm0T0GBfX0vlAM0NSKr",
          "object": "charge",
          "amount": 4000,
          "amount_captured": 4000,
          "amount_refunded": 0,
          "application": null,
          "application_fee": null,
          "application_fee_amount": null,
          "balance_transaction": "txn_0J5DMZm0T0GBfX0vtThg99F2",
          "billing_details": {
            "address": {
              "city": null,
              "country": null,
              "line1": null,
              "line2": null,
              "postal_code": null,
              "state": null
            },
            "email": null,
            "name": null,
            "phone": null
          },
          "calculated_statement_descriptor": "Stripe",
          "captured": true,
          "card": {
            "id": "card_0J5DMXm0T0GBfX0vyEgxppre",
            "object": "card",
            "address_city": null,
            "address_country": null,
            "address_line1": null,
            "address_line1_check": null,
            "address_line2": null,
            "address_state": null,
            "address_zip": null,
            "address_zip_check": null,
            "brand": "Visa",
            "country": "US",
            "customer": "cus_JiQNB2YGUvmTYF",
            "cvc_check": "pass",
            "dynamic_last4": null,
            "exp_month": 12,
            "exp_year": 2025,
            "fingerprint": "70B1BgindTYnDA3n",
            "funding": "credit",
            "last4": "4242",
            "metadata": {
            },
            "name": null,
            "tokenization_method": null
          },
          "created": 1624382775,
          "currency": "usd",
          "customer": "cus_JiQNB2YGUvmTYF",
          "description": "Bike Index customer",
          "destination": null,
          "dispute": null,
          "disputed": false,
          "failure_code": null,
          "failure_message": null,
          "fraud_details": {
          },
          "invoice": null,
          "livemode": false,
          "metadata": {
          },
          "on_behalf_of": null,
          "order": null,
          "outcome": {
            "network_status": "approved_by_network",
            "reason": null,
            "risk_level": "normal",
            "risk_score": 23,
            "seller_message": "Payment complete.",
            "type": "authorized"
          },
          "paid": true,
          "payment_intent": null,
          "payment_method": "card_0J5DMXm0T0GBfX0vyEgxppre",
          "payment_method_details": {
            "card": {
              "brand": "visa",
              "checks": {
                "address_line1_check": null,
                "address_postal_code_check": null,
                "cvc_check": "pass"
              },
              "country": "US",
              "exp_month": 12,
              "exp_year": 2025,
              "fingerprint": "70B1BgindTYnDA3n",
              "funding": "credit",
              "installments": null,
              "last4": "4242",
              "network": "visa",
              "three_d_secure": null,
              "wallet": null
            },
            "type": "card"
          },
          "receipt_email": null,
          "receipt_number": null,
          "receipt_url": "https://pay.stripe.com/receipts/acct_2Ksnm0T0GBfX0vyPUIxE/ch_0J5DMZm0T0GBfX0vlAM0NSKr/rcpt_JiefT0Ylj1U0NACH1eApAz26WZEu3zN",
          "refunded": false,
          "refunds": {
            "object": "list",
            "data": [

            ],
            "has_more": false,
            "total_count": 0,
            "url": "/v1/charges/ch_0J5DMZm0T0GBfX0vlAM0NSKr/refunds"
          },
          "review": null,
          "shipping": null,
          "source": {
            "id": "card_0J5DMXm0T0GBfX0vyEgxppre",
            "object": "card",
            "address_city": null,
            "address_country": null,
            "address_line1": null,
            "address_line1_check": null,
            "address_line2": null,
            "address_state": null,
            "address_zip": null,
            "address_zip_check": null,
            "brand": "Visa",
            "country": "US",
            "customer": "cus_JiQNB2YGUvmTYF",
            "cvc_check": "pass",
            "dynamic_last4": null,
            "exp_month": 12,
            "exp_year": 2025,
            "fingerprint": "70B1BgindTYnDA3n",
            "funding": "credit",
            "last4": "4242",
            "metadata": {
            },
            "name": null,
            "tokenization_method": null
          },
          "source_transfer": null,
          "statement_description": null,
          "statement_descriptor": null,
          "statement_descriptor_suffix": null,
          "status": "paid",
          "transfer_data": null,
          "transfer_group": null
        }
    http_version:
  recorded_at: Tue, 22 Jun 2021 17:26:16 GMT
recorded_with: VCR 5.0.0
