---
http_interactions:
- request:
    method: post
    uri: https://api.stripe.com/v1/tokens
    body:
      encoding: UTF-8
      string: card[number]=4242424242424242&card[exp_month]=12&card[exp_year]=2025&card[cvc]=314
    headers:
      User-Agent:
      - Stripe/v1 RubyBindings/3.3.2
      Content-Type:
      - application/x-www-form-urlencoded
      Accept-Encoding:
      - gzip;q=1.0,deflate;q=0.6,identity;q=0.3
      Accept:
      - "*/*"
  response:
    status:
      code: 200
      message: OK
    headers:
      Server:
      - nginx
      Date:
      - Fri, 11 Jun 2021 18:37:32 GMT
      Content-Type:
      - application/json
      Content-Length:
      - '803'
      Connection:
      - keep-alive
      Access-Control-Allow-Credentials:
      - 'true'
      Access-Control-Allow-Methods:
      - GET, POST, HEAD, OPTIONS, DELETE
      Access-Control-Allow-Origin:
      - "*"
      Access-Control-Expose-Headers:
      - Request-Id, Stripe-Manage-Version, X-Stripe-External-Auth-Required, X-Stripe-Privileged-Session-Required
      Access-Control-Max-Age:
      - '300'
      Cache-Control:
      - no-cache, no-store
      Request-Id:
      - req_KK3ftQ1VpTrYwP
      Stripe-Version:
      - '2014-12-08'
      X-Stripe-C-Cost:
      - '3'
      Strict-Transport-Security:
      - max-age=31556926; includeSubDomains; preload
    body:
      encoding: UTF-8
      string: |
        {
          "id": "tok_0J1FEWm0T0GBfX0vOpztoBl6",
          "object": "token",
          "card": {
            "id": "card_0J1FEVm0T0GBfX0vyF3W5jEF",
            "object": "card",
            "address_city": null,
            "address_country": null,
            "address_line1": null,
            "address_line1_check": null,
            "address_line2": null,
            "address_state": null,
            "address_zip": null,
            "address_zip_check": null,
            "brand": "Visa",
            "country": "US",
            "customer": null,
            "cvc_check": null,
            "dynamic_last4": null,
            "exp_month": 12,
            "exp_year": 2025,
            "fingerprint": "70B1BgindTYnDA3n",
            "funding": "credit",
            "last4": "4242",
            "metadata": {
            },
            "name": null,
            "tokenization_method": null
          },
          "client_ip": "162.234.253.239",
          "created": 1623436652,
          "livemode": false,
          "type": "card",
          "used": false
        }
    http_version:
  recorded_at: Fri, 11 Jun 2021 18:37:32 GMT
- request:
    method: post
    uri: https://api.stripe.com/v1/customers
    body:
      encoding: UTF-8
      string: email=user597s%40bikeiasdndex.org&card=tok_0J1FEWm0T0GBfX0vOpztoBl6
    headers:
      User-Agent:
      - Stripe/v1 RubyBindings/3.3.2
      Content-Type:
      - application/x-www-form-urlencoded
      Accept-Encoding:
      - gzip;q=1.0,deflate;q=0.6,identity;q=0.3
      Accept:
      - "*/*"
  response:
    status:
      code: 200
      message: OK
    headers:
      Server:
      - nginx
      Date:
      - Fri, 11 Jun 2021 18:37:32 GMT
      Content-Type:
      - application/json
      Content-Length:
      - '2879'
      Connection:
      - keep-alive
      Access-Control-Allow-Credentials:
      - 'true'
      Access-Control-Allow-Methods:
      - GET, POST, HEAD, OPTIONS, DELETE
      Access-Control-Allow-Origin:
      - "*"
      Access-Control-Expose-Headers:
      - Request-Id, Stripe-Manage-Version, X-Stripe-External-Auth-Required, X-Stripe-Privileged-Session-Required
      Access-Control-Max-Age:
      - '300'
      Cache-Control:
      - no-cache, no-store
      Request-Id:
      - req_m10gvaZrjd8N7r
      Stripe-Version:
      - '2014-12-08'
      X-Stripe-C-Cost:
      - '3'
      Strict-Transport-Security:
      - max-age=31556926; includeSubDomains; preload
    body:
      encoding: UTF-8
      string: |
        {
          "id": "cus_JeYLT9tPJrqrsH",
          "object": "customer",
          "account_balance": 0,
          "address": null,
          "balance": 0,
          "cards": {
            "object": "list",
            "data": [
              {
                "id": "card_0J1FEVm0T0GBfX0vyF3W5jEF",
                "object": "card",
                "address_city": null,
                "address_country": null,
                "address_line1": null,
                "address_line1_check": null,
                "address_line2": null,
                "address_state": null,
                "address_zip": null,
                "address_zip_check": null,
                "brand": "Visa",
                "country": "US",
                "customer": "cus_JeYLT9tPJrqrsH",
                "cvc_check": "pass",
                "dynamic_last4": null,
                "exp_month": 12,
                "exp_year": 2025,
                "fingerprint": "70B1BgindTYnDA3n",
                "funding": "credit",
                "last4": "4242",
                "metadata": {
                },
                "name": null,
                "tokenization_method": null
              }
            ],
            "has_more": false,
            "total_count": 1,
            "url": "/v1/customers/cus_JeYLT9tPJrqrsH/cards"
          },
          "created": 1623436652,
          "currency": null,
          "default_card": "card_0J1FEVm0T0GBfX0vyF3W5jEF",
          "default_source": "card_0J1FEVm0T0GBfX0vyF3W5jEF",
          "delinquent": false,
          "description": null,
          "discount": null,
          "email": "user597s@bikeiasdndex.org",
          "invoice_prefix": "0A186A20",
          "invoice_settings": {
            "custom_fields": null,
            "default_payment_method": null,
            "footer": null
          },
          "livemode": false,
          "metadata": {
          },
          "name": null,
          "next_invoice_sequence": 1,
          "phone": null,
          "preferred_locales": [

          ],
          "shipping": null,
          "sources": {
            "object": "list",
            "data": [
              {
                "id": "card_0J1FEVm0T0GBfX0vyF3W5jEF",
                "object": "card",
                "address_city": null,
                "address_country": null,
                "address_line1": null,
                "address_line1_check": null,
                "address_line2": null,
                "address_state": null,
                "address_zip": null,
                "address_zip_check": null,
                "brand": "Visa",
                "country": "US",
                "customer": "cus_JeYLT9tPJrqrsH",
                "cvc_check": "pass",
                "dynamic_last4": null,
                "exp_month": 12,
                "exp_year": 2025,
                "fingerprint": "70B1BgindTYnDA3n",
                "funding": "credit",
                "last4": "4242",
                "metadata": {
                },
                "name": null,
                "tokenization_method": null
              }
            ],
            "has_more": false,
            "total_count": 1,
            "url": "/v1/customers/cus_JeYLT9tPJrqrsH/sources"
          },
          "subscriptions": {
            "object": "list",
            "data": [

            ],
            "has_more": false,
            "total_count": 0,
            "url": "/v1/customers/cus_JeYLT9tPJrqrsH/subscriptions"
          },
          "tax_exempt": "none",
          "tax_ids": {
            "object": "list",
            "data": [

            ],
            "has_more": false,
            "total_count": 0,
            "url": "/v1/customers/cus_JeYLT9tPJrqrsH/tax_ids"
          },
          "tax_info": null,
          "tax_info_verification": null
        }
    http_version:
  recorded_at: Fri, 11 Jun 2021 18:37:32 GMT
- request:
    method: post
    uri: https://api.stripe.com/v1/charges
    body:
      encoding: UTF-8
      string: customer=cus_JeYLT9tPJrqrsH&amount=4000&description=Bike+Index+customer&currency=usd
    headers:
      User-Agent:
      - Stripe/v1 RubyBindings/3.3.2
      Content-Type:
      - application/x-www-form-urlencoded
      Accept-Encoding:
      - gzip;q=1.0,deflate;q=0.6,identity;q=0.3
      Accept:
      - "*/*"
  response:
    status:
      code: 200
      message: OK
    headers:
      Server:
      - nginx
      Date:
      - Fri, 11 Jun 2021 18:37:33 GMT
      Content-Type:
      - application/json
      Content-Length:
      - '3651'
      Connection:
      - keep-alive
      Access-Control-Allow-Credentials:
      - 'true'
      Access-Control-Allow-Methods:
      - GET, POST, HEAD, OPTIONS, DELETE
      Access-Control-Allow-Origin:
      - "*"
      Access-Control-Expose-Headers:
      - Request-Id, Stripe-Manage-Version, X-Stripe-External-Auth-Required, X-Stripe-Privileged-Session-Required
      Access-Control-Max-Age:
      - '300'
      Cache-Control:
      - no-cache, no-store
      Request-Id:
      - req_JMKqcovTBPUqKI
      Stripe-Version:
      - '2014-12-08'
      X-Stripe-C-Cost:
      - '6'
      Strict-Transport-Security:
      - max-age=31556926; includeSubDomains; preload
    body:
      encoding: UTF-8
      string: |
        {
          "id": "ch_0J1FEXm0T0GBfX0vA53hyGi9",
          "object": "charge",
          "amount": 4000,
          "amount_captured": 4000,
          "amount_refunded": 0,
          "application": null,
          "application_fee": null,
          "application_fee_amount": null,
          "balance_transaction": "txn_0J1FEXm0T0GBfX0vtIceUQiW",
          "billing_details": {
            "address": {
              "city": null,
              "country": null,
              "line1": null,
              "line2": null,
              "postal_code": null,
              "state": null
            },
            "email": null,
            "name": null,
            "phone": null
          },
          "calculated_statement_descriptor": "Stripe",
          "captured": true,
          "card": {
            "id": "card_0J1FEVm0T0GBfX0vyF3W5jEF",
            "object": "card",
            "address_city": null,
            "address_country": null,
            "address_line1": null,
            "address_line1_check": null,
            "address_line2": null,
            "address_state": null,
            "address_zip": null,
            "address_zip_check": null,
            "brand": "Visa",
            "country": "US",
            "customer": "cus_JeYLT9tPJrqrsH",
            "cvc_check": "pass",
            "dynamic_last4": null,
            "exp_month": 12,
            "exp_year": 2025,
            "fingerprint": "70B1BgindTYnDA3n",
            "funding": "credit",
            "last4": "4242",
            "metadata": {
            },
            "name": null,
            "tokenization_method": null
          },
          "created": 1623436653,
          "currency": "usd",
          "customer": "cus_JeYLT9tPJrqrsH",
          "description": "Bike Index customer",
          "destination": null,
          "dispute": null,
          "disputed": false,
          "failure_code": null,
          "failure_message": null,
          "fraud_details": {
          },
          "invoice": null,
          "livemode": false,
          "metadata": {
          },
          "on_behalf_of": null,
          "order": null,
          "outcome": {
            "network_status": "approved_by_network",
            "reason": null,
            "risk_level": "normal",
            "risk_score": 21,
            "seller_message": "Payment complete.",
            "type": "authorized"
          },
          "paid": true,
          "payment_intent": null,
          "payment_method": "card_0J1FEVm0T0GBfX0vyF3W5jEF",
          "payment_method_details": {
            "card": {
              "brand": "visa",
              "checks": {
                "address_line1_check": null,
                "address_postal_code_check": null,
                "cvc_check": "pass"
              },
              "country": "US",
              "exp_month": 12,
              "exp_year": 2025,
              "fingerprint": "70B1BgindTYnDA3n",
              "funding": "credit",
              "installments": null,
              "last4": "4242",
              "network": "visa",
              "three_d_secure": null,
              "wallet": null
            },
            "type": "card"
          },
          "receipt_email": null,
          "receipt_number": null,
          "receipt_url": "https://pay.stripe.com/receipts/acct_2Ksnm0T0GBfX0vyPUIxE/ch_0J1FEXm0T0GBfX0vA53hyGi9/rcpt_JeYLgA2wBeZRS7QlasKF7Z5Ba7rXsnw",
          "refunded": false,
          "refunds": {
            "object": "list",
            "data": [

            ],
            "has_more": false,
            "total_count": 0,
            "url": "/v1/charges/ch_0J1FEXm0T0GBfX0vA53hyGi9/refunds"
          },
          "review": null,
          "shipping": null,
          "source": {
            "id": "card_0J1FEVm0T0GBfX0vyF3W5jEF",
            "object": "card",
            "address_city": null,
            "address_country": null,
            "address_line1": null,
            "address_line1_check": null,
            "address_line2": null,
            "address_state": null,
            "address_zip": null,
            "address_zip_check": null,
            "brand": "Visa",
            "country": "US",
            "customer": "cus_JeYLT9tPJrqrsH",
            "cvc_check": "pass",
            "dynamic_last4": null,
            "exp_month": 12,
            "exp_year": 2025,
            "fingerprint": "70B1BgindTYnDA3n",
            "funding": "credit",
            "last4": "4242",
            "metadata": {
            },
            "name": null,
            "tokenization_method": null
          },
          "source_transfer": null,
          "statement_description": null,
          "statement_descriptor": null,
          "statement_descriptor_suffix": null,
          "status": "paid",
          "transfer_data": null,
          "transfer_group": null
        }
    http_version:
  recorded_at: Fri, 11 Jun 2021 18:37:33 GMT
recorded_with: VCR 5.0.0
