---
http_interactions:
- request:
    method: post
    uri: https://api.stripe.com/v1/customers/cus_IvZaToHG20XORK
    body:
      encoding: UTF-8
      string: card=tok_0IJiq5m0T0GBfX0vYYus2JPN
    headers:
      User-Agent:
      - Stripe/v1 RubyBindings/3.3.2
      Content-Type:
      - application/x-www-form-urlencoded
      Accept-Encoding:
      - gzip;q=1.0,deflate;q=0.6,identity;q=0.3
      Accept:
      - "*/*"
  response:
    status:
      code: 200
      message: OK
    headers:
      Server:
      - nginx
      Date:
      - Thu, 11 Feb 2021 17:20:27 GMT
      Content-Type:
      - application/json
      Content-Length:
      - '2872'
      Connection:
      - keep-alive
      Access-Control-Allow-Credentials:
      - 'true'
      Access-Control-Allow-Methods:
      - GET, POST, HEAD, OPTIONS, DELETE
      Access-Control-Allow-Origin:
      - "*"
      Access-Control-Expose-Headers:
      - Request-Id, Stripe-Manage-Version, X-Stripe-External-Auth-Required, X-Stripe-Privileged-Session-Required
      Access-Control-Max-Age:
      - '300'
      Cache-Control:
      - no-cache, no-store
      Request-Id:
      - req_QJPKb7Xk1eljR0
      Stripe-Version:
      - '2014-12-08'
      X-Stripe-C-Cost:
      - '3'
      Strict-Transport-Security:
      - max-age=31556926; includeSubDomains; preload
    body:
      encoding: UTF-8
      string: |
        {
          "id": "cus_IvZaToHG20XORK",
          "object": "customer",
          "account_balance": 0,
          "address": null,
          "balance": 0,
          "cards": {
            "object": "list",
            "data": [
              {
                "id": "card_0IJiq5m0T0GBfX0vHHHyw4Pv",
                "object": "card",
                "address_city": null,
                "address_country": null,
                "address_line1": null,
                "address_line1_check": null,
                "address_line2": null,
                "address_state": null,
                "address_zip": null,
                "address_zip_check": null,
                "brand": "Visa",
                "country": "US",
                "customer": "cus_IvZaToHG20XORK",
                "cvc_check": "pass",
                "dynamic_last4": null,
                "exp_month": 12,
                "exp_year": 2025,
                "fingerprint": "70B1BgindTYnDA3n",
                "funding": "credit",
                "last4": "4242",
                "metadata": {
                },
                "name": null,
                "tokenization_method": null
              }
            ],
            "has_more": false,
            "total_count": 1,
            "url": "/v1/customers/cus_IvZaToHG20XORK/cards"
          },
          "created": 1613062488,
          "currency": null,
          "default_card": "card_0IJiq5m0T0GBfX0vHHHyw4Pv",
          "default_source": "card_0IJiq5m0T0GBfX0vHHHyw4Pv",
          "delinquent": false,
          "description": null,
          "discount": null,
          "email": "test_user@test.com",
          "invoice_prefix": "AE27E3E2",
          "invoice_settings": {
            "custom_fields": null,
            "default_payment_method": null,
            "footer": null
          },
          "livemode": false,
          "metadata": {
          },
          "name": null,
          "next_invoice_sequence": 1,
          "phone": null,
          "preferred_locales": [

          ],
          "shipping": null,
          "sources": {
            "object": "list",
            "data": [
              {
                "id": "card_0IJiq5m0T0GBfX0vHHHyw4Pv",
                "object": "card",
                "address_city": null,
                "address_country": null,
                "address_line1": null,
                "address_line1_check": null,
                "address_line2": null,
                "address_state": null,
                "address_zip": null,
                "address_zip_check": null,
                "brand": "Visa",
                "country": "US",
                "customer": "cus_IvZaToHG20XORK",
                "cvc_check": "pass",
                "dynamic_last4": null,
                "exp_month": 12,
                "exp_year": 2025,
                "fingerprint": "70B1BgindTYnDA3n",
                "funding": "credit",
                "last4": "4242",
                "metadata": {
                },
                "name": null,
                "tokenization_method": null
              }
            ],
            "has_more": false,
            "total_count": 1,
            "url": "/v1/customers/cus_IvZaToHG20XORK/sources"
          },
          "subscriptions": {
            "object": "list",
            "data": [

            ],
            "has_more": false,
            "total_count": 0,
            "url": "/v1/customers/cus_IvZaToHG20XORK/subscriptions"
          },
          "tax_exempt": "none",
          "tax_ids": {
            "object": "list",
            "data": [

            ],
            "has_more": false,
            "total_count": 0,
            "url": "/v1/customers/cus_IvZaToHG20XORK/tax_ids"
          },
          "tax_info": null,
          "tax_info_verification": null
        }
    http_version:
  recorded_at: Thu, 11 Feb 2021 17:20:27 GMT
- request:
    method: post
    uri: https://api.stripe.com/v1/tokens
    body:
      encoding: UTF-8
      string: card[number]=4242424242424242&card[exp_month]=12&card[exp_year]=2025&card[cvc]=314
    headers:
      User-Agent:
      - Stripe/v1 RubyBindings/3.3.2
      Content-Type:
      - application/x-www-form-urlencoded
      Accept-Encoding:
      - gzip;q=1.0,deflate;q=0.6,identity;q=0.3
      Accept:
      - "*/*"
  response:
    status:
      code: 200
      message: OK
    headers:
      Server:
      - nginx
      Date:
      - Thu, 22 Apr 2021 01:31:36 GMT
      Content-Type:
      - application/json
      Content-Length:
      - '801'
      Connection:
      - keep-alive
      Access-Control-Allow-Credentials:
      - 'true'
      Access-Control-Allow-Methods:
      - GET, POST, HEAD, OPTIONS, DELETE
      Access-Control-Allow-Origin:
      - "*"
      Access-Control-Expose-Headers:
      - Request-Id, Stripe-Manage-Version, X-Stripe-External-Auth-Required, X-Stripe-Privileged-Session-Required
      Access-Control-Max-Age:
      - '300'
      Cache-Control:
      - no-cache, no-store
      Request-Id:
      - req_m7l0flfSBrJuR8
      Stripe-Version:
      - '2014-12-08'
      X-Stripe-C-Cost:
      - '3'
      Strict-Transport-Security:
      - max-age=31556926; includeSubDomains; preload
    body:
      encoding: UTF-8
      string: |
        {
          "id": "tok_0IirOFm0T0GBfX0v9jtc84Xr",
          "object": "token",
          "card": {
            "id": "card_0IirOFm0T0GBfX0v05Djq3su",
            "object": "card",
            "address_city": null,
            "address_country": null,
            "address_line1": null,
            "address_line1_check": null,
            "address_line2": null,
            "address_state": null,
            "address_zip": null,
            "address_zip_check": null,
            "brand": "Visa",
            "country": "US",
            "customer": null,
            "cvc_check": null,
            "dynamic_last4": null,
            "exp_month": 12,
            "exp_year": 2025,
            "fingerprint": "70B1BgindTYnDA3n",
            "funding": "credit",
            "last4": "4242",
            "metadata": {
            },
            "name": null,
            "tokenization_method": null
          },
          "client_ip": "99.14.101.245",
          "created": 1619055095,
          "livemode": false,
          "type": "card",
          "used": false
        }
    http_version:
  recorded_at: Thu, 22 Apr 2021 01:31:36 GMT
- request:
    method: get
    uri: https://api.stripe.com/v1/customers
    body:
      encoding: US-ASCII
      string: ''
    headers:
      User-Agent:
      - Stripe/v1 RubyBindings/3.3.2
      Content-Type:
      - application/x-www-form-urlencoded
      Accept-Encoding:
      - gzip;q=1.0,deflate;q=0.6,identity;q=0.3
      Accept:
      - "*/*"
  response:
    status:
      code: 200
      message: OK
    headers:
      Server:
      - nginx
      Date:
      - Thu, 22 Apr 2021 01:31:36 GMT
      Content-Type:
      - application/json
      Content-Length:
      - '49386'
      Connection:
      - keep-alive
      Access-Control-Allow-Credentials:
      - 'true'
      Access-Control-Allow-Methods:
      - GET, POST, HEAD, OPTIONS, DELETE
      Access-Control-Allow-Origin:
      - "*"
      Access-Control-Expose-Headers:
      - Request-Id, Stripe-Manage-Version, X-Stripe-External-Auth-Required, X-Stripe-Privileged-Session-Required
      Access-Control-Max-Age:
      - '300'
      Cache-Control:
      - no-cache, no-store
      Request-Id:
      - req_3eGIPqScxnRkrg
      Stripe-Version:
      - '2014-12-08'
      X-Stripe-C-Cost:
      - '0'
      Strict-Transport-Security:
      - max-age=31556926; includeSubDomains; preload
    body:
      encoding: UTF-8
      string: |
        {
          "object": "list",
          "data": [
            {
              "id": "cus_JLXYIM43rb7IAU",
              "object": "customer",
              "account_balance": 0,
              "address": null,
              "balance": 0,
              "cards": {
                "object": "list",
                "data": [
                  {
                    "id": "card_0IiqTgm0T0GBfX0vjtabEtVc",
                    "object": "card",
                    "address_city": null,
                    "address_country": null,
                    "address_line1": null,
                    "address_line1_check": null,
                    "address_line2": null,
                    "address_state": null,
                    "address_zip": null,
                    "address_zip_check": null,
                    "brand": "Visa",
                    "country": "US",
                    "customer": "cus_JLXYIM43rb7IAU",
                    "cvc_check": "pass",
                    "dynamic_last4": null,
                    "exp_month": 12,
                    "exp_year": 2025,
                    "fingerprint": "70B1BgindTYnDA3n",
                    "funding": "credit",
                    "last4": "4242",
                    "metadata": {
                    },
                    "name": null,
                    "tokenization_method": null
                  }
                ],
                "has_more": false,
                "total_count": 1,
                "url": "/v1/customers/cus_JLXYIM43rb7IAU/cards"
              },
              "created": 1619051589,
              "currency": null,
              "default_card": "card_0IiqTgm0T0GBfX0vjtabEtVc",
              "default_source": "card_0IiqTgm0T0GBfX0vjtabEtVc",
              "delinquent": false,
              "description": null,
              "discount": null,
              "email": "test_user@test.com",
              "invoice_prefix": "34AC2438",
              "invoice_settings": {
                "custom_fields": null,
                "default_payment_method": null,
                "footer": null
              },
              "livemode": false,
              "metadata": {
              },
              "name": null,
              "next_invoice_sequence": 1,
              "phone": null,
              "preferred_locales": [

              ],
              "shipping": null,
              "sources": {
                "object": "list",
                "data": [
                  {
                    "id": "card_0IiqTgm0T0GBfX0vjtabEtVc",
                    "object": "card",
                    "address_city": null,
                    "address_country": null,
                    "address_line1": null,
                    "address_line1_check": null,
                    "address_line2": null,
                    "address_state": null,
                    "address_zip": null,
                    "address_zip_check": null,
                    "brand": "Visa",
                    "country": "US",
                    "customer": "cus_JLXYIM43rb7IAU",
                    "cvc_check": "pass",
                    "dynamic_last4": null,
                    "exp_month": 12,
                    "exp_year": 2025,
                    "fingerprint": "70B1BgindTYnDA3n",
                    "funding": "credit",
                    "last4": "4242",
                    "metadata": {
                    },
                    "name": null,
                    "tokenization_method": null
                  }
                ],
                "has_more": false,
                "total_count": 1,
                "url": "/v1/customers/cus_JLXYIM43rb7IAU/sources"
              },
              "subscriptions": {
                "object": "list",
                "data": [

                ],
                "has_more": false,
                "total_count": 0,
                "url": "/v1/customers/cus_JLXYIM43rb7IAU/subscriptions"
              },
              "tax_exempt": "none",
              "tax_ids": {
                "object": "list",
                "data": [

                ],
                "has_more": false,
                "total_count": 0,
                "url": "/v1/customers/cus_JLXYIM43rb7IAU/tax_ids"
              },
              "tax_info": null,
              "tax_info_verification": null
            },
            {
              "id": "cus_JLXYfNYJ4BRdlC",
              "object": "customer",
              "account_balance": 0,
              "address": null,
              "balance": 0,
              "cards": {
                "object": "list",
                "data": [
                  {
                    "id": "card_0IiqTem0T0GBfX0vDWTHzEPA",
                    "object": "card",
                    "address_city": null,
                    "address_country": null,
                    "address_line1": null,
                    "address_line1_check": null,
                    "address_line2": null,
                    "address_state": null,
                    "address_zip": null,
                    "address_zip_check": null,
                    "brand": "Visa",
                    "country": "US",
                    "customer": "cus_JLXYfNYJ4BRdlC",
                    "cvc_check": "pass",
                    "dynamic_last4": null,
                    "exp_month": 12,
                    "exp_year": 2025,
                    "fingerprint": "70B1BgindTYnDA3n",
                    "funding": "credit",
                    "last4": "4242",
                    "metadata": {
                    },
                    "name": null,
                    "tokenization_method": null
                  }
                ],
                "has_more": false,
                "total_count": 1,
                "url": "/v1/customers/cus_JLXYfNYJ4BRdlC/cards"
              },
              "created": 1619051586,
              "currency": null,
              "default_card": "card_0IiqTem0T0GBfX0vDWTHzEPA",
              "default_source": "card_0IiqTem0T0GBfX0vDWTHzEPA",
              "delinquent": false,
              "description": null,
              "discount": null,
              "email": "user471s@bikeiasdndex.org",
              "invoice_prefix": "9DB2F44E",
              "invoice_settings": {
                "custom_fields": null,
                "default_payment_method": null,
                "footer": null
              },
              "livemode": false,
              "metadata": {
              },
              "name": null,
              "next_invoice_sequence": 1,
              "phone": null,
              "preferred_locales": [

              ],
              "shipping": null,
              "sources": {
                "object": "list",
                "data": [
                  {
                    "id": "card_0IiqTem0T0GBfX0vDWTHzEPA",
                    "object": "card",
                    "address_city": null,
                    "address_country": null,
                    "address_line1": null,
                    "address_line1_check": null,
                    "address_line2": null,
                    "address_state": null,
                    "address_zip": null,
                    "address_zip_check": null,
                    "brand": "Visa",
                    "country": "US",
                    "customer": "cus_JLXYfNYJ4BRdlC",
                    "cvc_check": "pass",
                    "dynamic_last4": null,
                    "exp_month": 12,
                    "exp_year": 2025,
                    "fingerprint": "70B1BgindTYnDA3n",
                    "funding": "credit",
                    "last4": "4242",
                    "metadata": {
                    },
                    "name": null,
                    "tokenization_method": null
                  }
                ],
                "has_more": false,
                "total_count": 1,
                "url": "/v1/customers/cus_JLXYfNYJ4BRdlC/sources"
              },
              "subscriptions": {
                "object": "list",
                "data": [

                ],
                "has_more": false,
                "total_count": 0,
                "url": "/v1/customers/cus_JLXYfNYJ4BRdlC/subscriptions"
              },
              "tax_exempt": "none",
              "tax_ids": {
                "object": "list",
                "data": [

                ],
                "has_more": false,
                "total_count": 0,
                "url": "/v1/customers/cus_JLXYfNYJ4BRdlC/tax_ids"
              },
              "tax_info": null,
              "tax_info_verification": null
            },
            {
              "id": "cus_JLXYOZBcRopcAJ",
              "object": "customer",
              "account_balance": 0,
              "address": null,
              "balance": 0,
              "cards": {
                "object": "list",
                "data": [
                  {
                    "id": "card_0IiqTbm0T0GBfX0vlDX16M3t",
                    "object": "card",
                    "address_city": null,
                    "address_country": null,
                    "address_line1": null,
                    "address_line1_check": null,
                    "address_line2": null,
                    "address_state": null,
                    "address_zip": null,
                    "address_zip_check": null,
                    "brand": "Visa",
                    "country": "US",
                    "customer": "cus_JLXYOZBcRopcAJ",
                    "cvc_check": "pass",
                    "dynamic_last4": null,
                    "exp_month": 12,
                    "exp_year": 2025,
                    "fingerprint": "70B1BgindTYnDA3n",
                    "funding": "credit",
                    "last4": "4242",
                    "metadata": {
                    },
                    "name": null,
                    "tokenization_method": null
                  }
                ],
                "has_more": false,
                "total_count": 1,
                "url": "/v1/customers/cus_JLXYOZBcRopcAJ/cards"
              },
              "created": 1619051583,
              "currency": "usd",
              "default_card": "card_0IiqTbm0T0GBfX0vlDX16M3t",
              "default_source": "card_0IiqTbm0T0GBfX0vlDX16M3t",
              "delinquent": false,
              "description": null,
              "discount": null,
              "email": "user470s@bikeiasdndex.org",
              "invoice_prefix": "9BF3894A",
              "invoice_settings": {
                "custom_fields": null,
                "default_payment_method": null,
                "footer": null
              },
              "livemode": false,
              "metadata": {
              },
              "name": null,
              "next_invoice_sequence": 2,
              "phone": null,
              "preferred_locales": [

              ],
              "shipping": null,
              "sources": {
                "object": "list",
                "data": [
                  {
                    "id": "card_0IiqTbm0T0GBfX0vlDX16M3t",
                    "object": "card",
                    "address_city": null,
                    "address_country": null,
                    "address_line1": null,
                    "address_line1_check": null,
                    "address_line2": null,
                    "address_state": null,
                    "address_zip": null,
                    "address_zip_check": null,
                    "brand": "Visa",
                    "country": "US",
                    "customer": "cus_JLXYOZBcRopcAJ",
                    "cvc_check": "pass",
                    "dynamic_last4": null,
                    "exp_month": 12,
                    "exp_year": 2025,
                    "fingerprint": "70B1BgindTYnDA3n",
                    "funding": "credit",
                    "last4": "4242",
                    "metadata": {
                    },
                    "name": null,
                    "tokenization_method": null
                  }
                ],
                "has_more": false,
                "total_count": 1,
                "url": "/v1/customers/cus_JLXYOZBcRopcAJ/sources"
              },
              "subscriptions": {
                "object": "list",
                "data": [
                  {
                    "id": "sub_JLXY5PMex4aUf2",
                    "object": "subscription",
                    "application_fee_percent": null,
                    "billing": "charge_automatically",
                    "billing_cycle_anchor": 1619051584,
                    "billing_thresholds": null,
                    "cancel_at": null,
                    "cancel_at_period_end": false,
                    "canceled_at": null,
                    "collection_method": "charge_automatically",
                    "created": 1619051584,
                    "current_period_end": 1621643584,
                    "current_period_start": 1619051584,
                    "customer": "cus_JLXYOZBcRopcAJ",
                    "days_until_due": null,
                    "default_payment_method": null,
                    "default_source": null,
                    "default_tax_rates": [

                    ],
                    "discount": null,
                    "ended_at": null,
                    "invoice_customer_balance_settings": {
                      "consume_applied_balance_on_void": true
                    },
                    "items": {
                      "object": "list",
                      "data": [
                        {
                          "id": "si_JLXYBxPUpbHTME",
                          "object": "subscription_item",
                          "billing_thresholds": null,
                          "created": 1619051585,
                          "metadata": {
                          },
                          "plan": {
                            "id": "01",
                            "object": "plan",
                            "active": true,
                            "aggregate_usage": null,
                            "amount": 399,
                            "amount_decimal": "399",
                            "billing_scheme": "per_unit",
                            "created": 1418246716,
                            "currency": "usd",
                            "interval": "month",
                            "interval_count": 1,
                            "livemode": false,
                            "metadata": {
                            },
                            "name": "Bike Index membership",
                            "nickname": null,
                            "product": "prod_BTdRktWBwC9SQR",
                            "statement_description": "Membership",
                            "statement_descriptor": "Membership",
                            "tiers": null,
                            "tiers_mode": null,
                            "transform_usage": null,
                            "trial_period_days": null,
                            "usage_type": "licensed"
                          },
                          "price": {
                            "id": "01",
                            "object": "price",
                            "active": true,
                            "billing_scheme": "per_unit",
                            "created": 1418246716,
                            "currency": "usd",
                            "livemode": false,
                            "lookup_key": null,
                            "metadata": {
                            },
                            "nickname": null,
                            "product": "prod_BTdRktWBwC9SQR",
                            "recurring": {
                              "aggregate_usage": null,
                              "interval": "month",
                              "interval_count": 1,
                              "trial_period_days": null,
                              "usage_type": "licensed"
                            },
                            "tiers_mode": null,
                            "transform_quantity": null,
                            "type": "recurring",
                            "unit_amount": 399,
                            "unit_amount_decimal": "399"
                          },
                          "quantity": 1,
                          "subscription": "sub_JLXY5PMex4aUf2",
                          "tax_rates": [

                          ]
                        }
                      ],
                      "has_more": false,
                      "total_count": 1,
                      "url": "/v1/subscription_items?subscription=sub_JLXY5PMex4aUf2"
                    },
                    "latest_invoice": "in_0IiqTcm0T0GBfX0vJe4Hsa0P",
                    "livemode": false,
                    "metadata": {
                    },
                    "next_pending_invoice_item_invoice": null,
                    "pause_collection": null,
                    "pending_invoice_item_interval": null,
                    "pending_setup_intent": null,
                    "pending_update": null,
                    "plan": {
                      "id": "01",
                      "object": "plan",
                      "active": true,
                      "aggregate_usage": null,
                      "amount": 399,
                      "amount_decimal": "399",
                      "billing_scheme": "per_unit",
                      "created": 1418246716,
                      "currency": "usd",
                      "interval": "month",
                      "interval_count": 1,
                      "livemode": false,
                      "metadata": {
                      },
                      "name": "Bike Index membership",
                      "nickname": null,
                      "product": "prod_BTdRktWBwC9SQR",
                      "statement_description": "Membership",
                      "statement_descriptor": "Membership",
                      "tiers": null,
                      "tiers_mode": null,
                      "transform_usage": null,
                      "trial_period_days": null,
                      "usage_type": "licensed"
                    },
                    "quantity": 1,
                    "schedule": null,
                    "start": 1619051584,
                    "start_date": 1619051584,
                    "status": "active",
                    "tax_percent": null,
                    "transfer_data": null,
                    "trial_end": null,
                    "trial_start": null
                  }
                ],
                "has_more": false,
                "total_count": 1,
                "url": "/v1/customers/cus_JLXYOZBcRopcAJ/subscriptions"
              },
              "tax_exempt": "none",
              "tax_ids": {
                "object": "list",
                "data": [

                ],
                "has_more": false,
                "total_count": 0,
                "url": "/v1/customers/cus_JLXYOZBcRopcAJ/tax_ids"
              },
              "tax_info": null,
              "tax_info_verification": null
            },
            {
              "id": "cus_JLXYNdDnMNZPKr",
              "object": "customer",
              "account_balance": 0,
              "address": null,
              "balance": 0,
              "cards": {
                "object": "list",
                "data": [
                  {
                    "id": "card_0IiqTZm0T0GBfX0vDpgXuq2s",
                    "object": "card",
                    "address_city": null,
                    "address_country": null,
                    "address_line1": null,
                    "address_line1_check": null,
                    "address_line2": null,
                    "address_state": null,
                    "address_zip": null,
                    "address_zip_check": null,
                    "brand": "Visa",
                    "country": "US",
                    "customer": "cus_JLXYNdDnMNZPKr",
                    "cvc_check": "pass",
                    "dynamic_last4": null,
                    "exp_month": 12,
                    "exp_year": 2025,
                    "fingerprint": "70B1BgindTYnDA3n",
                    "funding": "credit",
                    "last4": "4242",
                    "metadata": {
                    },
                    "name": null,
                    "tokenization_method": null
                  }
                ],
                "has_more": false,
                "total_count": 1,
                "url": "/v1/customers/cus_JLXYNdDnMNZPKr/cards"
              },
              "created": 1619051581,
              "currency": null,
              "default_card": "card_0IiqTZm0T0GBfX0vDpgXuq2s",
              "default_source": "card_0IiqTZm0T0GBfX0vDpgXuq2s",
              "delinquent": false,
              "description": null,
              "discount": null,
              "email": "user469s@bikeiasdndex.org",
              "invoice_prefix": "8A5DDC1C",
              "invoice_settings": {
                "custom_fields": null,
                "default_payment_method": null,
                "footer": null
              },
              "livemode": false,
              "metadata": {
              },
              "name": null,
              "next_invoice_sequence": 1,
              "phone": null,
              "preferred_locales": [

              ],
              "shipping": null,
              "sources": {
                "object": "list",
                "data": [
                  {
                    "id": "card_0IiqTZm0T0GBfX0vDpgXuq2s",
                    "object": "card",
                    "address_city": null,
                    "address_country": null,
                    "address_line1": null,
                    "address_line1_check": null,
                    "address_line2": null,
                    "address_state": null,
                    "address_zip": null,
                    "address_zip_check": null,
                    "brand": "Visa",
                    "country": "US",
                    "customer": "cus_JLXYNdDnMNZPKr",
                    "cvc_check": "pass",
                    "dynamic_last4": null,
                    "exp_month": 12,
                    "exp_year": 2025,
                    "fingerprint": "70B1BgindTYnDA3n",
                    "funding": "credit",
                    "last4": "4242",
                    "metadata": {
                    },
                    "name": null,
                    "tokenization_method": null
                  }
                ],
                "has_more": false,
                "total_count": 1,
                "url": "/v1/customers/cus_JLXYNdDnMNZPKr/sources"
              },
              "subscriptions": {
                "object": "list",
                "data": [

                ],
                "has_more": false,
                "total_count": 0,
                "url": "/v1/customers/cus_JLXYNdDnMNZPKr/subscriptions"
              },
              "tax_exempt": "none",
              "tax_ids": {
                "object": "list",
                "data": [

                ],
                "has_more": false,
                "total_count": 0,
                "url": "/v1/customers/cus_JLXYNdDnMNZPKr/tax_ids"
              },
              "tax_info": null,
              "tax_info_verification": null
            },
            {
              "id": "cus_JLXBhoK99CeB0P",
              "object": "customer",
              "account_balance": 0,
              "address": null,
              "balance": 0,
              "cards": {
                "object": "list",
                "data": [
                  {
                    "id": "card_0Iiq7Hm0T0GBfX0v5HLJFKc6",
                    "object": "card",
                    "address_city": null,
                    "address_country": null,
                    "address_line1": null,
                    "address_line1_check": null,
                    "address_line2": null,
                    "address_state": null,
                    "address_zip": null,
                    "address_zip_check": null,
                    "brand": "Visa",
                    "country": "US",
                    "customer": "cus_JLXBhoK99CeB0P",
                    "cvc_check": "pass",
                    "dynamic_last4": null,
                    "exp_month": 12,
                    "exp_year": 2025,
                    "fingerprint": "70B1BgindTYnDA3n",
                    "funding": "credit",
                    "last4": "4242",
                    "metadata": {
                    },
                    "name": null,
                    "tokenization_method": null
                  }
                ],
                "has_more": false,
                "total_count": 1,
                "url": "/v1/customers/cus_JLXBhoK99CeB0P/cards"
              },
              "created": 1619050199,
              "currency": null,
              "default_card": "card_0Iiq7Hm0T0GBfX0v5HLJFKc6",
              "default_source": "card_0Iiq7Hm0T0GBfX0v5HLJFKc6",
              "delinquent": false,
              "description": null,
              "discount": null,
              "email": "user1323s@bikeiasdndex.org",
              "invoice_prefix": "EBC7A4C2",
              "invoice_settings": {
                "custom_fields": null,
                "default_payment_method": null,
                "footer": null
              },
              "livemode": false,
              "metadata": {
              },
              "name": null,
              "next_invoice_sequence": 1,
              "phone": null,
              "preferred_locales": [

              ],
              "shipping": null,
              "sources": {
                "object": "list",
                "data": [
                  {
                    "id": "card_0Iiq7Hm0T0GBfX0v5HLJFKc6",
                    "object": "card",
                    "address_city": null,
                    "address_country": null,
                    "address_line1": null,
                    "address_line1_check": null,
                    "address_line2": null,
                    "address_state": null,
                    "address_zip": null,
                    "address_zip_check": null,
                    "brand": "Visa",
                    "country": "US",
                    "customer": "cus_JLXBhoK99CeB0P",
                    "cvc_check": "pass",
                    "dynamic_last4": null,
                    "exp_month": 12,
                    "exp_year": 2025,
                    "fingerprint": "70B1BgindTYnDA3n",
                    "funding": "credit",
                    "last4": "4242",
                    "metadata": {
                    },
                    "name": null,
                    "tokenization_method": null
                  }
                ],
                "has_more": false,
                "total_count": 1,
                "url": "/v1/customers/cus_JLXBhoK99CeB0P/sources"
              },
              "subscriptions": {
                "object": "list",
                "data": [

                ],
                "has_more": false,
                "total_count": 0,
                "url": "/v1/customers/cus_JLXBhoK99CeB0P/subscriptions"
              },
              "tax_exempt": "none",
              "tax_ids": {
                "object": "list",
                "data": [

                ],
                "has_more": false,
                "total_count": 0,
                "url": "/v1/customers/cus_JLXBhoK99CeB0P/tax_ids"
              },
              "tax_info": null,
              "tax_info_verification": null
            },
            {
              "id": "cus_JLXBrvb6AtO8sW",
              "object": "customer",
              "account_balance": 0,
              "address": null,
              "balance": 0,
              "cards": {
                "object": "list",
                "data": [
                  {
                    "id": "card_0Iiq7Em0T0GBfX0vua0VF6gv",
                    "object": "card",
                    "address_city": null,
                    "address_country": null,
                    "address_line1": null,
                    "address_line1_check": null,
                    "address_line2": null,
                    "address_state": null,
                    "address_zip": null,
                    "address_zip_check": null,
                    "brand": "Visa",
                    "country": "US",
                    "customer": "cus_JLXBrvb6AtO8sW",
                    "cvc_check": "pass",
                    "dynamic_last4": null,
                    "exp_month": 12,
                    "exp_year": 2025,
                    "fingerprint": "70B1BgindTYnDA3n",
                    "funding": "credit",
                    "last4": "4242",
                    "metadata": {
                    },
                    "name": null,
                    "tokenization_method": null
                  }
                ],
                "has_more": false,
                "total_count": 1,
                "url": "/v1/customers/cus_JLXBrvb6AtO8sW/cards"
              },
              "created": 1619050196,
              "currency": "usd",
              "default_card": "card_0Iiq7Em0T0GBfX0vua0VF6gv",
              "default_source": "card_0Iiq7Em0T0GBfX0vua0VF6gv",
              "delinquent": false,
              "description": null,
              "discount": null,
              "email": "user1322s@bikeiasdndex.org",
              "invoice_prefix": "E4AA38D9",
              "invoice_settings": {
                "custom_fields": null,
                "default_payment_method": null,
                "footer": null
              },
              "livemode": false,
              "metadata": {
              },
              "name": null,
              "next_invoice_sequence": 2,
              "phone": null,
              "preferred_locales": [

              ],
              "shipping": null,
              "sources": {
                "object": "list",
                "data": [
                  {
                    "id": "card_0Iiq7Em0T0GBfX0vua0VF6gv",
                    "object": "card",
                    "address_city": null,
                    "address_country": null,
                    "address_line1": null,
                    "address_line1_check": null,
                    "address_line2": null,
                    "address_state": null,
                    "address_zip": null,
                    "address_zip_check": null,
                    "brand": "Visa",
                    "country": "US",
                    "customer": "cus_JLXBrvb6AtO8sW",
                    "cvc_check": "pass",
                    "dynamic_last4": null,
                    "exp_month": 12,
                    "exp_year": 2025,
                    "fingerprint": "70B1BgindTYnDA3n",
                    "funding": "credit",
                    "last4": "4242",
                    "metadata": {
                    },
                    "name": null,
                    "tokenization_method": null
                  }
                ],
                "has_more": false,
                "total_count": 1,
                "url": "/v1/customers/cus_JLXBrvb6AtO8sW/sources"
              },
              "subscriptions": {
                "object": "list",
                "data": [
                  {
                    "id": "sub_JLXBJ65KytGjBb",
                    "object": "subscription",
                    "application_fee_percent": null,
                    "billing": "charge_automatically",
                    "billing_cycle_anchor": 1619050197,
                    "billing_thresholds": null,
                    "cancel_at": null,
                    "cancel_at_period_end": false,
                    "canceled_at": null,
                    "collection_method": "charge_automatically",
                    "created": 1619050197,
                    "current_period_end": 1621642197,
                    "current_period_start": 1619050197,
                    "customer": "cus_JLXBrvb6AtO8sW",
                    "days_until_due": null,
                    "default_payment_method": null,
                    "default_source": null,
                    "default_tax_rates": [

                    ],
                    "discount": null,
                    "ended_at": null,
                    "invoice_customer_balance_settings": {
                      "consume_applied_balance_on_void": true
                    },
                    "items": {
                      "object": "list",
                      "data": [
                        {
                          "id": "si_JLXBC8MwWv4f7g",
                          "object": "subscription_item",
                          "billing_thresholds": null,
                          "created": 1619050197,
                          "metadata": {
                          },
                          "plan": {
                            "id": "01",
                            "object": "plan",
                            "active": true,
                            "aggregate_usage": null,
                            "amount": 399,
                            "amount_decimal": "399",
                            "billing_scheme": "per_unit",
                            "created": 1418246716,
                            "currency": "usd",
                            "interval": "month",
                            "interval_count": 1,
                            "livemode": false,
                            "metadata": {
                            },
                            "name": "Bike Index membership",
                            "nickname": null,
                            "product": "prod_BTdRktWBwC9SQR",
                            "statement_description": "Membership",
                            "statement_descriptor": "Membership",
                            "tiers": null,
                            "tiers_mode": null,
                            "transform_usage": null,
                            "trial_period_days": null,
                            "usage_type": "licensed"
                          },
                          "price": {
                            "id": "01",
                            "object": "price",
                            "active": true,
                            "billing_scheme": "per_unit",
                            "created": 1418246716,
                            "currency": "usd",
                            "livemode": false,
                            "lookup_key": null,
                            "metadata": {
                            },
                            "nickname": null,
                            "product": "prod_BTdRktWBwC9SQR",
                            "recurring": {
                              "aggregate_usage": null,
                              "interval": "month",
                              "interval_count": 1,
                              "trial_period_days": null,
                              "usage_type": "licensed"
                            },
                            "tiers_mode": null,
                            "transform_quantity": null,
                            "type": "recurring",
                            "unit_amount": 399,
                            "unit_amount_decimal": "399"
                          },
                          "quantity": 1,
                          "subscription": "sub_JLXBJ65KytGjBb",
                          "tax_rates": [

                          ]
                        }
                      ],
                      "has_more": false,
                      "total_count": 1,
                      "url": "/v1/subscription_items?subscription=sub_JLXBJ65KytGjBb"
                    },
                    "latest_invoice": "in_0Iiq7Fm0T0GBfX0vDIt0IPa0",
                    "livemode": false,
                    "metadata": {
                    },
                    "next_pending_invoice_item_invoice": null,
                    "pause_collection": null,
                    "pending_invoice_item_interval": null,
                    "pending_setup_intent": null,
                    "pending_update": null,
                    "plan": {
                      "id": "01",
                      "object": "plan",
                      "active": true,
                      "aggregate_usage": null,
                      "amount": 399,
                      "amount_decimal": "399",
                      "billing_scheme": "per_unit",
                      "created": 1418246716,
                      "currency": "usd",
                      "interval": "month",
                      "interval_count": 1,
                      "livemode": false,
                      "metadata": {
                      },
                      "name": "Bike Index membership",
                      "nickname": null,
                      "product": "prod_BTdRktWBwC9SQR",
                      "statement_description": "Membership",
                      "statement_descriptor": "Membership",
                      "tiers": null,
                      "tiers_mode": null,
                      "transform_usage": null,
                      "trial_period_days": null,
                      "usage_type": "licensed"
                    },
                    "quantity": 1,
                    "schedule": null,
                    "start": 1619050197,
                    "start_date": 1619050197,
                    "status": "active",
                    "tax_percent": null,
                    "transfer_data": null,
                    "trial_end": null,
                    "trial_start": null
                  }
                ],
                "has_more": false,
                "total_count": 1,
                "url": "/v1/customers/cus_JLXBrvb6AtO8sW/subscriptions"
              },
              "tax_exempt": "none",
              "tax_ids": {
                "object": "list",
                "data": [

                ],
                "has_more": false,
                "total_count": 0,
                "url": "/v1/customers/cus_JLXBrvb6AtO8sW/tax_ids"
              },
              "tax_info": null,
              "tax_info_verification": null
            },
            {
              "id": "cus_JLXBcNm5jNqlpe",
              "object": "customer",
              "account_balance": 0,
              "address": null,
              "balance": 0,
              "cards": {
                "object": "list",
                "data": [
                  {
                    "id": "card_0Iiq7Bm0T0GBfX0vdWddE2rW",
                    "object": "card",
                    "address_city": null,
                    "address_country": null,
                    "address_line1": null,
                    "address_line1_check": null,
                    "address_line2": null,
                    "address_state": null,
                    "address_zip": null,
                    "address_zip_check": null,
                    "brand": "Visa",
                    "country": "US",
                    "customer": "cus_JLXBcNm5jNqlpe",
                    "cvc_check": "pass",
                    "dynamic_last4": null,
                    "exp_month": 12,
                    "exp_year": 2025,
                    "fingerprint": "70B1BgindTYnDA3n",
                    "funding": "credit",
                    "last4": "4242",
                    "metadata": {
                    },
                    "name": null,
                    "tokenization_method": null
                  }
                ],
                "has_more": false,
                "total_count": 1,
                "url": "/v1/customers/cus_JLXBcNm5jNqlpe/cards"
              },
              "created": 1619050194,
              "currency": null,
              "default_card": "card_0Iiq7Bm0T0GBfX0vdWddE2rW",
              "default_source": "card_0Iiq7Bm0T0GBfX0vdWddE2rW",
              "delinquent": false,
              "description": null,
              "discount": null,
              "email": "user1321s@bikeiasdndex.org",
              "invoice_prefix": "E5C8D596",
              "invoice_settings": {
                "custom_fields": null,
                "default_payment_method": null,
                "footer": null
              },
              "livemode": false,
              "metadata": {
              },
              "name": null,
              "next_invoice_sequence": 1,
              "phone": null,
              "preferred_locales": [

              ],
              "shipping": null,
              "sources": {
                "object": "list",
                "data": [
                  {
                    "id": "card_0Iiq7Bm0T0GBfX0vdWddE2rW",
                    "object": "card",
                    "address_city": null,
                    "address_country": null,
                    "address_line1": null,
                    "address_line1_check": null,
                    "address_line2": null,
                    "address_state": null,
                    "address_zip": null,
                    "address_zip_check": null,
                    "brand": "Visa",
                    "country": "US",
                    "customer": "cus_JLXBcNm5jNqlpe",
                    "cvc_check": "pass",
                    "dynamic_last4": null,
                    "exp_month": 12,
                    "exp_year": 2025,
                    "fingerprint": "70B1BgindTYnDA3n",
                    "funding": "credit",
                    "last4": "4242",
                    "metadata": {
                    },
                    "name": null,
                    "tokenization_method": null
                  }
                ],
                "has_more": false,
                "total_count": 1,
                "url": "/v1/customers/cus_JLXBcNm5jNqlpe/sources"
              },
              "subscriptions": {
                "object": "list",
                "data": [

                ],
                "has_more": false,
                "total_count": 0,
                "url": "/v1/customers/cus_JLXBcNm5jNqlpe/subscriptions"
              },
              "tax_exempt": "none",
              "tax_ids": {
                "object": "list",
                "data": [

                ],
                "has_more": false,
                "total_count": 0,
                "url": "/v1/customers/cus_JLXBcNm5jNqlpe/tax_ids"
              },
              "tax_info": null,
              "tax_info_verification": null
            },
            {
              "id": "cus_JLWkUJJgyX1CMa",
              "object": "customer",
              "account_balance": 0,
              "address": null,
              "balance": 0,
              "cards": {
                "object": "list",
                "data": [
                  {
                    "id": "card_0Iiph4m0T0GBfX0vMUrECXdi",
                    "object": "card",
                    "address_city": null,
                    "address_country": null,
                    "address_line1": null,
                    "address_line1_check": null,
                    "address_line2": null,
                    "address_state": null,
                    "address_zip": null,
                    "address_zip_check": null,
                    "brand": "Visa",
                    "country": "US",
                    "customer": "cus_JLWkUJJgyX1CMa",
                    "cvc_check": "pass",
                    "dynamic_last4": null,
                    "exp_month": 12,
                    "exp_year": 2025,
                    "fingerprint": "70B1BgindTYnDA3n",
                    "funding": "credit",
                    "last4": "4242",
                    "metadata": {
                    },
                    "name": null,
                    "tokenization_method": null
                  }
                ],
                "has_more": false,
                "total_count": 1,
                "url": "/v1/customers/cus_JLWkUJJgyX1CMa/cards"
              },
              "created": 1619048575,
              "currency": null,
              "default_card": "card_0Iiph4m0T0GBfX0vMUrECXdi",
              "default_source": "card_0Iiph4m0T0GBfX0vMUrECXdi",
              "delinquent": false,
              "description": null,
              "discount": null,
              "email": "user218s@bikeiasdndex.org",
              "invoice_prefix": "AD42C3AD",
              "invoice_settings": {
                "custom_fields": null,
                "default_payment_method": null,
                "footer": null
              },
              "livemode": false,
              "metadata": {
              },
              "name": null,
              "next_invoice_sequence": 1,
              "phone": null,
              "preferred_locales": [

              ],
              "shipping": null,
              "sources": {
                "object": "list",
                "data": [
                  {
                    "id": "card_0Iiph4m0T0GBfX0vMUrECXdi",
                    "object": "card",
                    "address_city": null,
                    "address_country": null,
                    "address_line1": null,
                    "address_line1_check": null,
                    "address_line2": null,
                    "address_state": null,
                    "address_zip": null,
                    "address_zip_check": null,
                    "brand": "Visa",
                    "country": "US",
                    "customer": "cus_JLWkUJJgyX1CMa",
                    "cvc_check": "pass",
                    "dynamic_last4": null,
                    "exp_month": 12,
                    "exp_year": 2025,
                    "fingerprint": "70B1BgindTYnDA3n",
                    "funding": "credit",
                    "last4": "4242",
                    "metadata": {
                    },
                    "name": null,
                    "tokenization_method": null
                  }
                ],
                "has_more": false,
                "total_count": 1,
                "url": "/v1/customers/cus_JLWkUJJgyX1CMa/sources"
              },
              "subscriptions": {
                "object": "list",
                "data": [

                ],
                "has_more": false,
                "total_count": 0,
                "url": "/v1/customers/cus_JLWkUJJgyX1CMa/subscriptions"
              },
              "tax_exempt": "none",
              "tax_ids": {
                "object": "list",
                "data": [

                ],
                "has_more": false,
                "total_count": 0,
                "url": "/v1/customers/cus_JLWkUJJgyX1CMa/tax_ids"
              },
              "tax_info": null,
              "tax_info_verification": null
            },
            {
              "id": "cus_JLWkHS0twBq8HN",
              "object": "customer",
              "account_balance": 0,
              "address": null,
              "balance": 0,
              "cards": {
                "object": "list",
                "data": [
                  {
                    "id": "card_0Iiph0m0T0GBfX0v0UkCDwzK",
                    "object": "card",
                    "address_city": null,
                    "address_country": null,
                    "address_line1": null,
                    "address_line1_check": null,
                    "address_line2": null,
                    "address_state": null,
                    "address_zip": null,
                    "address_zip_check": null,
                    "brand": "Visa",
                    "country": "US",
                    "customer": "cus_JLWkHS0twBq8HN",
                    "cvc_check": "pass",
                    "dynamic_last4": null,
                    "exp_month": 12,
                    "exp_year": 2025,
                    "fingerprint": "70B1BgindTYnDA3n",
                    "funding": "credit",
                    "last4": "4242",
                    "metadata": {
                    },
                    "name": null,
                    "tokenization_method": null
                  }
                ],
                "has_more": false,
                "total_count": 1,
                "url": "/v1/customers/cus_JLWkHS0twBq8HN/cards"
              },
              "created": 1619048571,
              "currency": null,
              "default_card": "card_0Iiph0m0T0GBfX0v0UkCDwzK",
              "default_source": "card_0Iiph0m0T0GBfX0v0UkCDwzK",
              "delinquent": false,
              "description": null,
              "discount": null,
              "email": "user217s@bikeiasdndex.org",
              "invoice_prefix": "A184B09C",
              "invoice_settings": {
                "custom_fields": null,
                "default_payment_method": null,
                "footer": null
              },
              "livemode": false,
              "metadata": {
              },
              "name": null,
              "next_invoice_sequence": 1,
              "phone": null,
              "preferred_locales": [

              ],
              "shipping": null,
              "sources": {
                "object": "list",
                "data": [
                  {
                    "id": "card_0Iiph0m0T0GBfX0v0UkCDwzK",
                    "object": "card",
                    "address_city": null,
                    "address_country": null,
                    "address_line1": null,
                    "address_line1_check": null,
                    "address_line2": null,
                    "address_state": null,
                    "address_zip": null,
                    "address_zip_check": null,
                    "brand": "Visa",
                    "country": "US",
                    "customer": "cus_JLWkHS0twBq8HN",
                    "cvc_check": "pass",
                    "dynamic_last4": null,
                    "exp_month": 12,
                    "exp_year": 2025,
                    "fingerprint": "70B1BgindTYnDA3n",
                    "funding": "credit",
                    "last4": "4242",
                    "metadata": {
                    },
                    "name": null,
                    "tokenization_method": null
                  }
                ],
                "has_more": false,
                "total_count": 1,
                "url": "/v1/customers/cus_JLWkHS0twBq8HN/sources"
              },
              "subscriptions": {
                "object": "list",
                "data": [

                ],
                "has_more": false,
                "total_count": 0,
                "url": "/v1/customers/cus_JLWkHS0twBq8HN/subscriptions"
              },
              "tax_exempt": "none",
              "tax_ids": {
                "object": "list",
                "data": [

                ],
                "has_more": false,
                "total_count": 0,
                "url": "/v1/customers/cus_JLWkHS0twBq8HN/tax_ids"
              },
              "tax_info": null,
              "tax_info_verification": null
            },
            {
              "id": "cus_JLWkyVoTTzGx6d",
              "object": "customer",
              "account_balance": 0,
              "address": null,
              "balance": 0,
              "cards": {
                "object": "list",
                "data": [
                  {
                    "id": "card_0Iipgxm0T0GBfX0vOXNRGLyC",
                    "object": "card",
                    "address_city": null,
                    "address_country": null,
                    "address_line1": null,
                    "address_line1_check": null,
                    "address_line2": null,
                    "address_state": null,
                    "address_zip": null,
                    "address_zip_check": null,
                    "brand": "Visa",
                    "country": "US",
                    "customer": "cus_JLWkyVoTTzGx6d",
                    "cvc_check": "pass",
                    "dynamic_last4": null,
                    "exp_month": 12,
                    "exp_year": 2025,
                    "fingerprint": "70B1BgindTYnDA3n",
                    "funding": "credit",
                    "last4": "4242",
                    "metadata": {
                    },
                    "name": null,
                    "tokenization_method": null
                  }
                ],
                "has_more": false,
                "total_count": 1,
                "url": "/v1/customers/cus_JLWkyVoTTzGx6d/cards"
              },
              "created": 1619048568,
              "currency": "usd",
              "default_card": "card_0Iipgxm0T0GBfX0vOXNRGLyC",
              "default_source": "card_0Iipgxm0T0GBfX0vOXNRGLyC",
              "delinquent": false,
              "description": null,
              "discount": null,
              "email": "user216s@bikeiasdndex.org",
              "invoice_prefix": "C14561BF",
              "invoice_settings": {
                "custom_fields": null,
                "default_payment_method": null,
                "footer": null
              },
              "livemode": false,
              "metadata": {
              },
              "name": null,
              "next_invoice_sequence": 2,
              "phone": null,
              "preferred_locales": [

              ],
              "shipping": null,
              "sources": {
                "object": "list",
                "data": [
                  {
                    "id": "card_0Iipgxm0T0GBfX0vOXNRGLyC",
                    "object": "card",
                    "address_city": null,
                    "address_country": null,
                    "address_line1": null,
                    "address_line1_check": null,
                    "address_line2": null,
                    "address_state": null,
                    "address_zip": null,
                    "address_zip_check": null,
                    "brand": "Visa",
                    "country": "US",
                    "customer": "cus_JLWkyVoTTzGx6d",
                    "cvc_check": "pass",
                    "dynamic_last4": null,
                    "exp_month": 12,
                    "exp_year": 2025,
                    "fingerprint": "70B1BgindTYnDA3n",
                    "funding": "credit",
                    "last4": "4242",
                    "metadata": {
                    },
                    "name": null,
                    "tokenization_method": null
                  }
                ],
                "has_more": false,
                "total_count": 1,
                "url": "/v1/customers/cus_JLWkyVoTTzGx6d/sources"
              },
              "subscriptions": {
                "object": "list",
                "data": [
                  {
                    "id": "sub_JLWkvjBESPksMX",
                    "object": "subscription",
                    "application_fee_percent": null,
                    "billing": "charge_automatically",
                    "billing_cycle_anchor": 1619048568,
                    "billing_thresholds": null,
                    "cancel_at": null,
                    "cancel_at_period_end": false,
                    "canceled_at": null,
                    "collection_method": "charge_automatically",
                    "created": 1619048568,
                    "current_period_end": 1621640568,
                    "current_period_start": 1619048568,
                    "customer": "cus_JLWkyVoTTzGx6d",
                    "days_until_due": null,
                    "default_payment_method": null,
                    "default_source": null,
                    "default_tax_rates": [

                    ],
                    "discount": null,
                    "ended_at": null,
                    "invoice_customer_balance_settings": {
                      "consume_applied_balance_on_void": true
                    },
                    "items": {
                      "object": "list",
                      "data": [
                        {
                          "id": "si_JLWkA0AwH4hvsr",
                          "object": "subscription_item",
                          "billing_thresholds": null,
                          "created": 1619048569,
                          "metadata": {
                          },
                          "plan": {
                            "id": "01",
                            "object": "plan",
                            "active": true,
                            "aggregate_usage": null,
                            "amount": 399,
                            "amount_decimal": "399",
                            "billing_scheme": "per_unit",
                            "created": 1418246716,
                            "currency": "usd",
                            "interval": "month",
                            "interval_count": 1,
                            "livemode": false,
                            "metadata": {
                            },
                            "name": "Bike Index membership",
                            "nickname": null,
                            "product": "prod_BTdRktWBwC9SQR",
                            "statement_description": "Membership",
                            "statement_descriptor": "Membership",
                            "tiers": null,
                            "tiers_mode": null,
                            "transform_usage": null,
                            "trial_period_days": null,
                            "usage_type": "licensed"
                          },
                          "price": {
                            "id": "01",
                            "object": "price",
                            "active": true,
                            "billing_scheme": "per_unit",
                            "created": 1418246716,
                            "currency": "usd",
                            "livemode": false,
                            "lookup_key": null,
                            "metadata": {
                            },
                            "nickname": null,
                            "product": "prod_BTdRktWBwC9SQR",
                            "recurring": {
                              "aggregate_usage": null,
                              "interval": "month",
                              "interval_count": 1,
                              "trial_period_days": null,
                              "usage_type": "licensed"
                            },
                            "tiers_mode": null,
                            "transform_quantity": null,
                            "type": "recurring",
                            "unit_amount": 399,
                            "unit_amount_decimal": "399"
                          },
                          "quantity": 1,
                          "subscription": "sub_JLWkvjBESPksMX",
                          "tax_rates": [

                          ]
                        }
                      ],
                      "has_more": false,
                      "total_count": 1,
                      "url": "/v1/subscription_items?subscription=sub_JLWkvjBESPksMX"
                    },
                    "latest_invoice": "in_0Iipgym0T0GBfX0vOCfIRHXI",
                    "livemode": false,
                    "metadata": {
                    },
                    "next_pending_invoice_item_invoice": null,
                    "pause_collection": null,
                    "pending_invoice_item_interval": null,
                    "pending_setup_intent": null,
                    "pending_update": null,
                    "plan": {
                      "id": "01",
                      "object": "plan",
                      "active": true,
                      "aggregate_usage": null,
                      "amount": 399,
                      "amount_decimal": "399",
                      "billing_scheme": "per_unit",
                      "created": 1418246716,
                      "currency": "usd",
                      "interval": "month",
                      "interval_count": 1,
                      "livemode": false,
                      "metadata": {
                      },
                      "name": "Bike Index membership",
                      "nickname": null,
                      "product": "prod_BTdRktWBwC9SQR",
                      "statement_description": "Membership",
                      "statement_descriptor": "Membership",
                      "tiers": null,
                      "tiers_mode": null,
                      "transform_usage": null,
                      "trial_period_days": null,
                      "usage_type": "licensed"
                    },
                    "quantity": 1,
                    "schedule": null,
                    "start": 1619048568,
                    "start_date": 1619048568,
                    "status": "active",
                    "tax_percent": null,
                    "transfer_data": null,
                    "trial_end": null,
                    "trial_start": null
                  }
                ],
                "has_more": false,
                "total_count": 1,
                "url": "/v1/customers/cus_JLWkyVoTTzGx6d/subscriptions"
              },
              "tax_exempt": "none",
              "tax_ids": {
                "object": "list",
                "data": [

                ],
                "has_more": false,
                "total_count": 0,
                "url": "/v1/customers/cus_JLWkyVoTTzGx6d/tax_ids"
              },
              "tax_info": null,
              "tax_info_verification": null
            }
          ],
          "has_more": true,
          "url": "/v1/customers"
        }
    http_version:
  recorded_at: Thu, 22 Apr 2021 01:31:36 GMT
- request:
    method: post
    uri: https://api.stripe.com/v1/customers/cus_JLXYIM43rb7IAU
    body:
      encoding: UTF-8
      string: card=tok_0IirOFm0T0GBfX0v9jtc84Xr
    headers:
      User-Agent:
      - Stripe/v1 RubyBindings/3.3.2
      Content-Type:
      - application/x-www-form-urlencoded
      Accept-Encoding:
      - gzip;q=1.0,deflate;q=0.6,identity;q=0.3
      Accept:
      - "*/*"
  response:
    status:
      code: 200
      message: OK
    headers:
      Server:
      - nginx
      Date:
      - Thu, 22 Apr 2021 01:31:37 GMT
      Content-Type:
      - application/json
      Content-Length:
      - '2872'
      Connection:
      - keep-alive
      Access-Control-Allow-Credentials:
      - 'true'
      Access-Control-Allow-Methods:
      - GET, POST, HEAD, OPTIONS, DELETE
      Access-Control-Allow-Origin:
      - "*"
      Access-Control-Expose-Headers:
      - Request-Id, Stripe-Manage-Version, X-Stripe-External-Auth-Required, X-Stripe-Privileged-Session-Required
      Access-Control-Max-Age:
      - '300'
      Cache-Control:
      - no-cache, no-store
      Request-Id:
      - req_cNutc3C5XREXD6
      Stripe-Version:
      - '2014-12-08'
      X-Stripe-C-Cost:
      - '3'
      Strict-Transport-Security:
      - max-age=31556926; includeSubDomains; preload
    body:
      encoding: UTF-8
      string: |
        {
          "id": "cus_JLXYIM43rb7IAU",
          "object": "customer",
          "account_balance": 0,
          "address": null,
          "balance": 0,
          "cards": {
            "object": "list",
            "data": [
              {
                "id": "card_0IirOFm0T0GBfX0v05Djq3su",
                "object": "card",
                "address_city": null,
                "address_country": null,
                "address_line1": null,
                "address_line1_check": null,
                "address_line2": null,
                "address_state": null,
                "address_zip": null,
                "address_zip_check": null,
                "brand": "Visa",
                "country": "US",
                "customer": "cus_JLXYIM43rb7IAU",
                "cvc_check": "pass",
                "dynamic_last4": null,
                "exp_month": 12,
                "exp_year": 2025,
                "fingerprint": "70B1BgindTYnDA3n",
                "funding": "credit",
                "last4": "4242",
                "metadata": {
                },
                "name": null,
                "tokenization_method": null
              }
            ],
            "has_more": false,
            "total_count": 1,
            "url": "/v1/customers/cus_JLXYIM43rb7IAU/cards"
          },
          "created": 1619051589,
          "currency": null,
          "default_card": "card_0IirOFm0T0GBfX0v05Djq3su",
          "default_source": "card_0IirOFm0T0GBfX0v05Djq3su",
          "delinquent": false,
          "description": null,
          "discount": null,
          "email": "test_user@test.com",
          "invoice_prefix": "34AC2438",
          "invoice_settings": {
            "custom_fields": null,
            "default_payment_method": null,
            "footer": null
          },
          "livemode": false,
          "metadata": {
          },
          "name": null,
          "next_invoice_sequence": 1,
          "phone": null,
          "preferred_locales": [

          ],
          "shipping": null,
          "sources": {
            "object": "list",
            "data": [
              {
                "id": "card_0IirOFm0T0GBfX0v05Djq3su",
                "object": "card",
                "address_city": null,
                "address_country": null,
                "address_line1": null,
                "address_line1_check": null,
                "address_line2": null,
                "address_state": null,
                "address_zip": null,
                "address_zip_check": null,
                "brand": "Visa",
                "country": "US",
                "customer": "cus_JLXYIM43rb7IAU",
                "cvc_check": "pass",
                "dynamic_last4": null,
                "exp_month": 12,
                "exp_year": 2025,
                "fingerprint": "70B1BgindTYnDA3n",
                "funding": "credit",
                "last4": "4242",
                "metadata": {
                },
                "name": null,
                "tokenization_method": null
              }
            ],
            "has_more": false,
            "total_count": 1,
            "url": "/v1/customers/cus_JLXYIM43rb7IAU/sources"
          },
          "subscriptions": {
            "object": "list",
            "data": [

            ],
            "has_more": false,
            "total_count": 0,
            "url": "/v1/customers/cus_JLXYIM43rb7IAU/subscriptions"
          },
          "tax_exempt": "none",
          "tax_ids": {
            "object": "list",
            "data": [

            ],
            "has_more": false,
            "total_count": 0,
            "url": "/v1/customers/cus_JLXYIM43rb7IAU/tax_ids"
          },
          "tax_info": null,
          "tax_info_verification": null
        }
    http_version:
  recorded_at: Thu, 22 Apr 2021 01:31:37 GMT
- request:
    method: post
    uri: https://api.stripe.com/v1/charges
    body:
      encoding: UTF-8
      string: customer=cus_JLXYIM43rb7IAU&amount=4000&description=Bike+Index+customer&currency=usd
    headers:
      User-Agent:
      - Stripe/v1 RubyBindings/3.3.2
      Content-Type:
      - application/x-www-form-urlencoded
      Accept-Encoding:
      - gzip;q=1.0,deflate;q=0.6,identity;q=0.3
      Accept:
      - "*/*"
  response:
    status:
      code: 200
      message: OK
    headers:
      Server:
      - nginx
      Date:
      - Thu, 22 Apr 2021 01:31:38 GMT
      Content-Type:
      - application/json
      Content-Length:
      - '3651'
      Connection:
      - keep-alive
      Access-Control-Allow-Credentials:
      - 'true'
      Access-Control-Allow-Methods:
      - GET, POST, HEAD, OPTIONS, DELETE
      Access-Control-Allow-Origin:
      - "*"
      Access-Control-Expose-Headers:
      - Request-Id, Stripe-Manage-Version, X-Stripe-External-Auth-Required, X-Stripe-Privileged-Session-Required
      Access-Control-Max-Age:
      - '300'
      Cache-Control:
      - no-cache, no-store
      Request-Id:
      - req_6NSaNmITrb0jMk
      Stripe-Version:
      - '2014-12-08'
      X-Stripe-C-Cost:
      - '6'
      Strict-Transport-Security:
      - max-age=31556926; includeSubDomains; preload
    body:
      encoding: UTF-8
      string: |
        {
          "id": "ch_0IirOHm0T0GBfX0vEf9PIl9u",
          "object": "charge",
          "amount": 4000,
          "amount_captured": 4000,
          "amount_refunded": 0,
          "application": null,
          "application_fee": null,
          "application_fee_amount": null,
          "balance_transaction": "txn_0IirOIm0T0GBfX0vJHzn9SLo",
          "billing_details": {
            "address": {
              "city": null,
              "country": null,
              "line1": null,
              "line2": null,
              "postal_code": null,
              "state": null
            },
            "email": null,
            "name": null,
            "phone": null
          },
          "calculated_statement_descriptor": "Stripe",
          "captured": true,
          "card": {
            "id": "card_0IirOFm0T0GBfX0v05Djq3su",
            "object": "card",
            "address_city": null,
            "address_country": null,
            "address_line1": null,
            "address_line1_check": null,
            "address_line2": null,
            "address_state": null,
            "address_zip": null,
            "address_zip_check": null,
            "brand": "Visa",
            "country": "US",
            "customer": "cus_JLXYIM43rb7IAU",
            "cvc_check": "pass",
            "dynamic_last4": null,
            "exp_month": 12,
            "exp_year": 2025,
            "fingerprint": "70B1BgindTYnDA3n",
            "funding": "credit",
            "last4": "4242",
            "metadata": {
            },
            "name": null,
            "tokenization_method": null
          },
          "created": 1619055097,
          "currency": "usd",
          "customer": "cus_JLXYIM43rb7IAU",
          "description": "Bike Index customer",
          "destination": null,
          "dispute": null,
          "disputed": false,
          "failure_code": null,
          "failure_message": null,
          "fraud_details": {
          },
          "invoice": null,
          "livemode": false,
          "metadata": {
          },
          "on_behalf_of": null,
          "order": null,
          "outcome": {
            "network_status": "approved_by_network",
            "reason": null,
            "risk_level": "normal",
            "risk_score": 52,
            "seller_message": "Payment complete.",
            "type": "authorized"
          },
          "paid": true,
          "payment_intent": null,
          "payment_method": "card_0IirOFm0T0GBfX0v05Djq3su",
          "payment_method_details": {
            "card": {
              "brand": "visa",
              "checks": {
                "address_line1_check": null,
                "address_postal_code_check": null,
                "cvc_check": "pass"
              },
              "country": "US",
              "exp_month": 12,
              "exp_year": 2025,
              "fingerprint": "70B1BgindTYnDA3n",
              "funding": "credit",
              "installments": null,
              "last4": "4242",
              "network": "visa",
              "three_d_secure": null,
              "wallet": null
            },
            "type": "card"
          },
          "receipt_email": null,
          "receipt_number": null,
          "receipt_url": "https://pay.stripe.com/receipts/acct_2Ksnm0T0GBfX0vyPUIxE/ch_0IirOHm0T0GBfX0vEf9PIl9u/rcpt_JLYVmxtahqH0q71VJjeZQVOckI8k3fI",
          "refunded": false,
          "refunds": {
            "object": "list",
            "data": [

            ],
            "has_more": false,
            "total_count": 0,
            "url": "/v1/charges/ch_0IirOHm0T0GBfX0vEf9PIl9u/refunds"
          },
          "review": null,
          "shipping": null,
          "source": {
            "id": "card_0IirOFm0T0GBfX0v05Djq3su",
            "object": "card",
            "address_city": null,
            "address_country": null,
            "address_line1": null,
            "address_line1_check": null,
            "address_line2": null,
            "address_state": null,
            "address_zip": null,
            "address_zip_check": null,
            "brand": "Visa",
            "country": "US",
            "customer": "cus_JLXYIM43rb7IAU",
            "cvc_check": "pass",
            "dynamic_last4": null,
            "exp_month": 12,
            "exp_year": 2025,
            "fingerprint": "70B1BgindTYnDA3n",
            "funding": "credit",
            "last4": "4242",
            "metadata": {
            },
            "name": null,
            "tokenization_method": null
          },
          "source_transfer": null,
          "statement_description": null,
          "statement_descriptor": null,
          "statement_descriptor_suffix": null,
          "status": "paid",
          "transfer_data": null,
          "transfer_group": null
        }
    http_version:
  recorded_at: Thu, 22 Apr 2021 01:31:38 GMT
recorded_with: VCR 5.0.0
