---
http_interactions:
- request:
    method: get
    uri: https://www.strava.com/api/v3/activities/630203151
    body:
      encoding: US-ASCII
      string: ''
    headers:
      User-Agent:
      - Faraday v1.10.4
      Accept-Encoding:
      - gzip;q=1.0,deflate;q=0.6,identity;q=0.3
      Accept:
      - "*/*"
  response:
    status:
      code: 401
      message: Unauthorized
    headers:
      Content-Type:
      - application/json; charset=utf-8
      Transfer-Encoding:
      - chunked
      Connection:
      - keep-alive
      Date:
      - Fri, 27 Feb 2026 23:48:59 GMT
      X-Envoy-Upstream-Service-Time:
      - '14'
      Server:
      - istio-envoy
      Status:
      - 401 Unauthorized
      Cache-Control:
      - no-cache
      Vary:
      - Accept, Origin
      Referrer-Policy:
      - strict-origin-when-cross-origin
      X-Permitted-Cross-Domain-Policies:
      - none
      X-Xss-Protection:
      - 1; mode=block
      X-Request-Id:
      - ff4b5fde-aac2-49b3-aac7-93a57d6e92b9
      X-Download-Options:
      - noopen
      X-Frame-Options:
      - DENY
      X-Content-Type-Options:
      - nosniff
      X-Cache:
      - Error from cloudfront
      Via:
      - 1.1 744bd06c47c689d0ef4608fa37cf1bcc.cloudfront.net (CloudFront)
      X-Amz-Cf-Pop:
      - SFO53-P8
      X-Amz-Cf-Id:
      - q3S1sOiNsMEf5UQmmtFlQINNZpm0-aoFnG0KnwRuGxgzu9Eo3ct0Og==
    body:
      encoding: UTF-8
      string: '{"message":"Authorization Error","errors":[{"resource":"Application","field":"","code":"invalid"}]}'
  recorded_at: Fri, 27 Feb 2026 23:49:00 GMT
- request:
    method: post
    uri: https://www.strava.com/oauth/token
    body:
      encoding: UTF-8
      string: client_id=<STRAVA_KEY>&client_secret=<STRAVA_SECRET>&grant_type=refresh_token&refresh_token=<STRAVA_TEST_REFRESH_TOKEN>
    headers:
      User-Agent:
      - Faraday v1.10.4
      Content-Type:
      - application/x-www-form-urlencoded
      Accept-Encoding:
      - gzip;q=1.0,deflate;q=0.6,identity;q=0.3
      Accept:
      - "*/*"
  response:
    status:
      code: 200
      message: OK
    headers:
      Content-Type:
      - application/json; charset=utf-8
      Transfer-Encoding:
      - chunked
      Connection:
      - keep-alive
      Date:
      - Fri, 27 Feb 2026 23:49:00 GMT
      X-Envoy-Upstream-Service-Time:
      - '28'
      Server:
      - istio-envoy
      Status:
      - 200 OK
      Cache-Control:
      - max-age=0, private, must-revalidate
      Vary:
      - Accept, Origin
      Referrer-Policy:
      - strict-origin-when-cross-origin
      X-Permitted-Cross-Domain-Policies:
      - none
      X-Xss-Protection:
      - 1; mode=block
      X-Request-Id:
      - 35e4e94a-c8c3-4a70-b9e9-26df10482a15
      X-Download-Options:
      - noopen
      Etag:
      - W/"de40cc532eddde0dd1038c46884ebff9"
      X-Frame-Options:
      - DENY
      X-Content-Type-Options:
      - nosniff
      X-Cache:
      - Miss from cloudfront
      Via:
      - 1.1 ebf5f806ad5302b43d7cc44643482cfa.cloudfront.net (CloudFront)
      X-Amz-Cf-Pop:
      - SFO53-P8
      X-Amz-Cf-Id:
      - SNraJuf9yxgxOL9ajyb0M1u8wIF3V8UTOLRQ7E8EKB7V7VoPLTZ36Q==
    body:
      encoding: ASCII-8BIT
      string: '{"token_type":"Bearer","access_token":"28a051c4da6003fa22b74f2a79259e94cf06b5c1","expires_at":1772257740,"expires_in":21600,"refresh_token":"<STRAVA_TEST_REFRESH_TOKEN>"}'
  recorded_at: Fri, 27 Feb 2026 23:49:00 GMT
- request:
    method: get
    uri: https://www.strava.com/api/v3/activities/630203151
    body:
      encoding: US-ASCII
      string: ''
    headers:
      User-Agent:
      - Faraday v1.10.4
      Accept-Encoding:
      - gzip;q=1.0,deflate;q=0.6,identity;q=0.3
      Accept:
      - "*/*"
  response:
    status:
      code: 200
      message: OK
    headers:
      Content-Type:
      - application/json; charset=utf-8
      Transfer-Encoding:
      - chunked
      Connection:
      - keep-alive
      Date:
      - Fri, 27 Feb 2026 23:49:00 GMT
      X-Envoy-Upstream-Service-Time:
      - '270'
      Server:
      - istio-envoy
      Status:
      - 200 OK
      X-Ratelimit-Usage:
      - '1,246'
      X-Ratelimit-Limit:
      - '600,6000'
      Vary:
      - Accept, Origin
      Cache-Control:
      - max-age=0, private, must-revalidate
      Referrer-Policy:
      - strict-origin-when-cross-origin
      X-Permitted-Cross-Domain-Policies:
      - none
      X-Xss-Protection:
      - 1; mode=block
      X-Request-Id:
      - fc5af29b-c94f-4c89-99f3-a16a2831ddbd
      X-Readratelimit-Limit:
      - '300,3000'
      X-Download-Options:
      - noopen
      Etag:
      - W/"8d48828b9467cc87ad541878bfc2f468"
      X-Frame-Options:
      - DENY
      X-Readratelimit-Usage:
      - '1,246'
      X-Content-Type-Options:
      - nosniff
      X-Cache:
      - Miss from cloudfront
      Via:
      - 1.1 303e9638f61afd414412e354b027eda6.cloudfront.net (CloudFront)
      X-Amz-Cf-Pop:
      - SFO53-P8
      X-Amz-Cf-Id:
      - NDXeK3WN-TnHAz2K-3HVjcPFW6vnbMAifvr9kgVCLRWccA2f0LmfRg==
    body:
      encoding: ASCII-8BIT
      string: '{"resource_state":3,"athlete":{"id":2430215,"resource_state":1},"name":"Dunes
        trip ''16","distance":95650.5,"moving_time":15543,"elapsed_time":19705,"total_elevation_gain":28.9,"type":"Ride","sport_type":"Ride","workout_type":10,"id":630203151,"start_date":"2016-07-04T14:36:55Z","start_date_local":"2016-07-04T09:36:55Z","timezone":"(GMT-06:00)
        America/Chicago","utc_offset":-18000.0,"location_city":null,"location_state":null,"location_country":null,"achievement_count":24,"kudos_count":4,"comment_count":0,"athlete_count":2,"photo_count":0,"map":{"id":"a630203151","polyline":"gyz|FxtfsOCo@@{FAsFDqVC_OE{BS}AZqA~@w@BUg@uAEUcD{H_D_I_B{EiBmEqCuHBICy@\\Q\\@QBDLPMbB?lADDOnKBxN?LJbAAJKdYUzAAbENpDUvAE|CAHP`B@n@AJWvMAdNQrJApDGLVlAALWdNGH|BA~BB|BJzF~AI~c@Uv@?RN@`GGnOKlm@rC?HF^AJGhGCHFXAHEnSMl@B`BG|DCl@zAf@|Ad@lBZj@`@vBp@bAb@zBv@xAZpBVn@j@x@pCnIj@vB`@bAVhAr@hBDHRN`@|BEd@Vn@ALbAzBHDf@nBdBvEl@fBvAnD?Jp@hBPt@tAxEl@vANJ@Ph@dC?dCRxBP`AxCtBD\\Z`Al@n@Pl@DXb@~@HhATfAANRh@RVD\\h@r@Jh@FF@NTb@Rh@?TJJ@JTXL|@n@lB^pAl@fBr@dBx@|CVn@@PHLPx@`@|@Jj@`@dAHJNn@LLTp@B^DJPFTf@Pr@@Rh@hBh@rBhAbDXp@V|@`@nBRf@@LFL?JJJz@dBj@hBdB~EfA|BJHj@nAZL\\l@LF`@dA`AzAHF@RHDZd@~@pA`@v@f@d@P\\t@r@`@xA~@zAPD~@fBfAzAp@jABP~@rAb@Vv@lAHXNFj@x@JF|@xATl@tBjAFvA`A~AN\\?LNVBPTRFN?H^X@LJHbA~ABJJFPXHBBLd@d@NVHB`AvAZZBJ]zA?VS|@@J_@rBUtB_AhDWtAPt@vBrALCb@qB`@sAXA|An@pAFTAzAF`B?`CI`@RbBAdAJDNGdCA~BCZ@f@EJ@\\FJDR^\\TAfAxAp@xAnArAz@vAf@^`ArAbBjCPFJv@JNrA\\|BtDTb@D~@PRb@HLVFfBp@z@RDv@hBl@lBtA~FZJZxCPjAH~BXzB@JEHTzD?fCGdCCzFGzB?rBFNCxBEx@A~AF~JCdDBLIjAF\\GZD`BE~BDbCDp@LLEzBCfBEN?dBBRCvDDn@A~@@PC\\IR?LEPBvBGzBDfG@bGCdC?zGF\\ILCzABzBIlBFnDHjAMzBFdDIp@Fn@FLSnDHbC@`GEnEFv@GLFbACnADzBI|BAzBB|B?rBE~AEzFD`QEdCAjOErFYR@zJHVNFIzCNtDMbC?~BFnGEdC?rFAJD`A?fCExBGbPB`AE~JB`CDtADbCCNhAhCsAxEAbCD|AG~B@~BEzF?|ABtAC~J@vACn@EP?vABTEbBMJGxBAxBAxBZzH?fCE~AFF?z@EpABzBA|B@zFEbC@|CE~BBrBEzID~BEzB?xBC~B?vBJjBE|B?jGCzB?dCCdC?fKG~F?`G@tADPE`CBhCAnGEzB@jCCnC@jCCvFF`BCp@BLGdCDp@Iv@?zBEbBLhGCbABzBA~NItGDxBO`CH~ADZCJ@RCt@J`CMfHD`MBr@XVxCD\\`@`@rBh@`AD^CtFBxJGbCBbCItLA|HFV`BAxAB~BC|AG|DBxAGNFv@Cx@Jf@XVj@?b@Kf@B\\v@`BCf@BJa@`EVbBHLd@A^TA^EJXdAlCxDrArAs@`B_AtAk@hBWvBEbAE^H~BP`Ch@vBdBzEP@nE|Lp@tBb@rBPbC@fCS`Cs@jD}@hBaAtA@BqCxC{@fBg@zBM|BB|JO~BIrETvAlLzGzF~ClDvArD`Bz@b@pC|CtA`AlD`BtAj@P@QA\\j@wB|AqAx@_@\\uAt@iAlAqAl@_AbAWNQBkAp@GVuAp@wA~@qAdA{@d@o@R{@dA_Br@qAjAqA`@eAfAwAj@mAv@e@n@k@d@w@L}@h@OZ{ClBG\\AtDaBB}DCm@P?Tg@b@QAGBV@mA~@oAx@mAbAcAn@cApB[v@o@hAuDvAU`@yB|BM?y@`A}@j@KTD\\SB?HwB?GDg@`COJL?oAx@e@l@u@p@eApAc@d@M?yCvCaApAuDfEc@tAJBKG?FaEA}@\\qAbG_DjDY\\aDxCKN[@?FFDG@AB@KIfBg@rAgE|AmAhAy@h@oAlAeA|AmAtA[j@_ArCq@zAsAxBy@}Ao@r@y@TqAfAoAjAq@p@o@lBiArAoAnAaDnCkAjAiA`AsAp@mApAm@d@uBtDk@j@{@hAc@ACVDLKbBC@Ov@sErAoA|@w@v@eAzAiAvAeA~@kAFkAnAgAlAaAvAcArA}B`CoA^k@fAe@^_CpDST{A\\e@`@_AfBi@\\wA\\gAx@e@l@k@fBIfAKJc@HKCZN?N}@|ACLmCp@SIUDCE?bACOA^Yh@iDpAqApAeA`BiAfAkAdAo@^kAhAiA~@qABwA`@yA_@}AaCi@}Ae@Sa@TaAzAYToALcBVSz@F~BAlBGPL~HWtBE`CUz@SXc@lAa@FIE{Bb@}@lAMZGbCgAtAa@r@iEjEQZq@l@Up@AjBKpA}AGeABoAIEIOC]q@{Ad@KzBEtBGJNvDr@rB~BhEP|AMjBa@nBCbAT`Cp@tBnBjEPjAHxEK\\WWk@sAg@[wAMaBFo@GaBNgBA}A@gAAKC}DH_BA}AH{AS]K_AyA{AcDAa@ZO?aCBaBA\\?c@g@K_@\\qCtBa@BANiAdAmGjGg@n@]FwCxCqA~ASLM@eAzAg@v@MZqAbAoAnAMP[T_@f@ELi@`@KBaApAm@XORIRY@KHCNo@r@Gb@WHqBhBi@Zm@fACUQv@w@XeApA_A~@MP_@Vq@j@]f@s@l@ENk@\\a@h@}@x@CHWRcAtA{CzB}@|AmArAeAp@a@h@a@^g@Cy@hAEZMTuAz@y@`By@z@oAl@aAfA_A|AeCpBGLoAlA_@JAn@gBrA{CzC[^iAbAiAtAcAtAqAfAWHeD_@y@[{BAKj@GhGoDdDCZJx@YhA}@xAqAjAuA~@o@Ni@xAIJIAeAjAI@Y\\iA|@W\\e@Ly@~A_Al@eAxA_@TeCjCu@\\mAtAeF~Ea@l@o@BQj@kBpCuA|@g@b@m@Bu@k@AHQ@Ir@sAlFy@h@i@n@_Ax@GNuAfAqA~@mDrBcA\\c@Z}Ah@o@POEKBQEo@N}ALaFbA{ANyFfAOMcBDeA^yANmBBQNqBXEF]FQCc@HSGcA^oATSG[^cA`FWp@W?QMSJeGqDsAs@mIyDMYmDmBMCOS[MwA_A}EaC}A?q@Jg@`ACdAFPC`BaBDcGAiAAUG{DAuA@CFyAM{AA_HHkAAu@K{ALmADqBCq]GaB@YAi@BOGyAAo@Ce@BMDiAFMIkEEiB]{DcA_D}AoA_A{A?oCKeFmAGa@aCw@MQUGwAc@WGoBN}b@qKIQUGMHs]sIIDGrNKhL_EOaBB_Bb@{ATy@V}@bAaAHYMaBE_HA}A\\yAv@}IrDqGnBqDhB}@~AkAfAuAd@{ARqAz@wAp@_@HaBFyAb@aBNyADaBNYWQ{BK[q@e@cBL_BGaBByDv@_BYy@S_BLeAP}AFy@Ho@h@[bAGd@RNNF{@vCD`CGfBm@dA_@R}A@}DCeH@cEIcNg@}MCuAKSh@Ar@K~@O^CVFv@GvBK~BDRETDxB@nFDZIhANH?`EsBb@_MCeA{AoAcC[WwAq@oAs@}A[}AMKZ}AIsF?CWkCVy_@@KOwDEsCh@mAd@sBxBOBqCbDiAjAgAtAsFlGkAjAkArAW\\kGlGk@^{@e@K@IHET_@Jw@eAs@mBB]Zq@@S?eBGm@BMIsBDYEwB@aCCaCK{BsAmAyD`@_B[oA{@a@]i@[k@I}ATmAdAcAtA}BnG}A`DeAvAiAhAqAv@uAp@wAl@{AXiACa@Nw@tAy@nBi@rBKvBAzBCt@QZaIlGyFhEiAbA{@bBmBhEiBlEaAzAs@j@s@BsAqAuCmD_AsAiAsAoAw@{AW_BB}AD{MJaB?cBC}A@{AFwD@aBFcQF_HLmE@IGiQN}AD}A@eBC{AB_BDyAVuAv@iAhA_AzAe@`Aa@vBENStAc@`Cy@vFaApFgB~GgAbDuC`DwEpFqMfNgFvFkAjAgAlAg@n@WTkCvCgAhAmDdD}C|CuCvCILaCbCmKbKuFzFW`@Ch@A[CHG~BBlBAJ@bHCxABK?l@yJB_EDaEHaB?aBF_ECkAHqB?w@Ls@d@W\\y@`Bq@dB}@|AeA|AiBbE@P]xBM~B?lAh@~FL|BAbCEvBCTi@T{AVaBh@uAh@aBXaBCcB]wAw@uA{@sAq@}AYsBDuAd@wAbAiDzB{Az@wAp@wD|AoDlA}D`AaBReBH}AT}DP{A\\wAz@iArAqAtAuA`AqAv@}Al@kARgB@KCP@g@C?MSvAQVmA`@[PNpj@kB?yAUeCVi@j@AhABxAOpAg@bAG~BH`@?xBAl@FTEn@BJG~@P|@h@~@FzB@jKDjJE~BNzKFrSCbGDdCo@~Dm@fAyTJeXVaA@II}DD{D@qEJcEDoWPy@?MEcBB{CE}DN}JDgDAeAC_A@KH{A@_KJKGaBJ_BBmAIoBJwGB}ABwALqBr@yAl@yOpG{Al@uAn@cAZIL_JxD_Bl@gNxDB~FAf@CHDHDnVIHsGAcEJ_GFoFd@F~BD~HBVClEB?@~DFdC@xBBfMC?D~FCb@@jAFpBA|FBnFC~BBdGFtBE@FbC@`CH~BG`C@nFEHNdJCdOHtK?vJD~FAv@uf@^OIoBEIPyD?aKHaB?{AO}AAeB@]FyAA{JFaBEaB?}A@MHyADs@ESDCIu@BMLIGy@?IIaERoI@_MJq@JF@IH[S{AJ_QL_KNcDAcAEuA?_AGKE_BBaBC}D@_BL}DF_BHaBA{JLaENiIHuGPcEAmEBkBAaCJwC?{GPaB?kBDyD@kAH{A@qBCoEB}AA_BLgBF{AC{AL{ABw@F?BqAvBi@xAYf@KBo@lAeCvD_AfBcCvDqBpDgEbHy@jBw@lAWn@aChEu@z@{DDw@CgBDi@?OTOMkBKKC_@DKJ{DDcBHsAn@u@b@sAj@k@d@sBdC_EfEwAl@_BT{DP}AL{ARwAt@oLnG{Ar@]TeQfLoLhIaCpDs@vBVtB?HK@JT?_@`@b@l@Jt@Of@DVILHdALHxAFCZ{@RBT^J|FBhHEHAZHPJvXCvFEbCEf@?FDDGdBA|Ep@~TDzBXrn@?~DEPFlGEhCBhGA`BB\\EJ?~BKhF?fCDxB@VFLB~NO|APhFGRJpJ@jHJ~F@hKJrTMpC@L?b@DV?vEIQC}BCGyAU{A?}ADs@FMb@DfBFf@Gd@@LU|@u@F]EeI^w@BKGmGRq@?CE{AHsA@GoFRqAUH","resource_state":3,"summary_polyline":"gyz|FxtfsO[k~@~A_DoT}o@l|CuAVvRji@OQ~eA~m@[xi@haBpAxMhFdGbg@f}Adv@zkAgDhVv\\e@BbLdW~[dKfXbBrTqAxkG~AflB}BvaAI|`HfHhIGbs@zYZ|@pQbI`L_D`HG|MzMhg@{LnZMf\\pq@r`@e|@fl@IrEmIPoa@l]wVj\\kGZ}g@ft@eI~Bc`@xf@wu@~n@}DzJyZbVcGDmDsFqHlDsBv_@eFrBqLnXcKg@nIxz@id@mCyDiGZ{G{FjCqyBd|BeMRsGtUejAdfA}s@~JuDpHse@oWoCJg@zFydBQunB_f@]b\\qc@zC}p@jY_i@iB{DfS}w@aAm@je@sBb@_MCuOgKku@A}m@tg@kBsDDk[sSqD}NnVgM|D_E~ReSzOiKbSsQsNgqBbD{Ptn@yuAdyAMpTam@rByIfQ@h^aOvCwPwEqmAxe@Npj@kI@_BdJ|Af_B}AfG_qDhCm{@|[?t`@g]v@nAntDwjIzGwc@lv@iZ`@cvAlv@iDjLfJfA`@|GnB|`HQwCsGOoAlHq]v@IwH"},"trainer":false,"commute":false,"manual":false,"private":false,"visibility":"everyone","flagged":false,"gear_id":null,"start_latlng":[41.593965,-87.202204],"end_latlng":[41.92051,-87.715313],"average_speed":6.154,"max_speed":15.4,"average_cadence":93.8,"average_temp":25,"average_watts":108.7,"max_watts":698,"weighted_average_watts":111,"device_watts":true,"kilojoules":1689.8,"has_heartrate":true,"average_heartrate":131.2,"max_heartrate":167.0,"heartrate_opt_out":false,"display_hide_heartrate_option":true,"elev_high":203.2,"elev_low":175.2,"upload_id":690111285,"upload_id_str":"690111285","external_id":"Cyclemeter-Cycle-20160704-0932.fit","from_accepted_tag":false,"pr_count":6,"total_photo_count":2,"has_kudoed":false,"suffer_score":113.0,"description":"","calories":1884.0,"perceived_exertion":null,"prefer_perceived_exertion":null,"segment_efforts":[{"id":15394977997,"resource_state":2,"name":"Oak
        Savannah Trail (Westbound)","activity":{"id":630203151,"visibility":"everyone","resource_state":1},"athlete":{"id":2430215,"resource_state":1},"elapsed_time":1702,"moving_time":1680,"start_date":"2016-07-04T15:22:29Z","start_date_local":"2016-07-04T10:22:29Z","distance":11119.7,"start_index":374,"end_index":648,"average_cadence":104.3,"device_watts":true,"average_watts":133.0,"average_heartrate":140.9,"max_heartrate":164.0,"segment":{"id":4718405,"resource_state":2,"name":"Oak
        Savannah Trail (Westbound)","activity_type":"Ride","distance":11119.7,"average_grade":0.0,"maximum_grade":25.3,"elevation_high":203.8,"elevation_low":181.8,"start_latlng":[41.52942,-87.249844],"end_latlng":[41.524387,-87.379187],"elevation_profile":null,"elevation_profiles":null,"climb_category":0,"city":"Hobart","state":"IN","country":"United
        States","private":false,"hazardous":false,"starred":false},"pr_rank":1,"achievements":[{"type_id":3,"type":"pr","rank":1}],"visibility":"everyone","kom_rank":null,"hidden":false},{"id":15394977854,"resource_state":2,"name":"Bike
        Path, Wisconsin to Liverpool","activity":{"id":630203151,"visibility":"everyone","resource_state":1},"athlete":{"id":2430215,"resource_state":1},"elapsed_time":468,"moving_time":468,"start_date":"2016-07-04T15:27:38Z","start_date_local":"2016-07-04T10:27:38Z","distance":3068.17,"start_index":424,"end_index":508,"average_cadence":115.6,"device_watts":true,"average_watts":162.0,"average_heartrate":150.3,"max_heartrate":163.0,"segment":{"id":870263,"resource_state":2,"name":"Bike
        Path, Wisconsin to Liverpool","activity_type":"Ride","distance":3068.17,"average_grade":0.3,"maximum_grade":1.2,"elevation_high":134.6,"elevation_low":123.2,"start_latlng":[41.52366,-87.269162],"end_latlng":[41.523888,-87.306561],"elevation_profile":null,"elevation_profiles":null,"climb_category":0,"city":"Hobart","state":"IN","country":"United
        States","private":false,"hazardous":false,"starred":false},"pr_rank":1,"achievements":[{"type_id":3,"type":"pr","rank":1}],"visibility":"everyone","kom_rank":null,"hidden":false},{"id":15394978054,"resource_state":2,"name":"bike
        path;  Harrison to Colfax","activity":{"id":630203151,"visibility":"everyone","resource_state":1},"athlete":{"id":2430215,"resource_state":1},"elapsed_time":2012,"moving_time":1171,"start_date":"2016-07-04T15:43:58Z","start_date_local":"2016-07-04T10:43:58Z","distance":7843.4,"start_index":585,"end_index":760,"average_cadence":94.3,"device_watts":true,"average_watts":120.0,"average_heartrate":131.7,"max_heartrate":164.0,"segment":{"id":706300,"resource_state":2,"name":"bike
        path;  Harrison to Colfax","activity_type":"Ride","distance":7843.4,"average_grade":0.0,"maximum_grade":3.3,"elevation_high":201.3,"elevation_low":190.8,"start_latlng":[41.5240885,-87.3460631],"end_latlng":[41.5092348,-87.4192279],"elevation_profile":null,"elevation_profiles":null,"climb_category":0,"city":"Merrillville","state":"IN","country":"United
        States","private":false,"hazardous":false,"starred":false},"pr_rank":null,"achievements":[],"visibility":"everyone","kom_rank":null,"hidden":false},{"id":45985113207,"resource_state":2,"name":"SNS","activity":{"id":630203151,"visibility":"everyone","resource_state":1},"athlete":{"id":2430215,"resource_state":1},"elapsed_time":89,"moving_time":89,"start_date":"2016-07-04T15:53:28Z","start_date_local":"2016-07-04T10:53:28Z","distance":446.9,"start_index":672,"end_index":688,"average_cadence":95.1,"device_watts":true,"average_watts":146.7,"average_heartrate":127.3,"max_heartrate":134.0,"segment":{"id":18813783,"resource_state":2,"name":"SNS","activity_type":"Ride","distance":446.9,"average_grade":0.3,"maximum_grade":42.9,"elevation_high":185.2,"elevation_low":182.4,"start_latlng":[41.522286,-87.389402],"end_latlng":[41.518248,-87.390631],"elevation_profile":null,"elevation_profiles":null,"climb_category":0,"city":"Gary","state":"Indiana","country":"United
        States","private":false,"hazardous":false,"starred":false},"pr_rank":null,"achievements":[],"visibility":"everyone","kom_rank":null,"hidden":false},{"id":27628528620,"resource_state":2,"name":"The
        twisty bits (west)","activity":{"id":630203151,"visibility":"everyone","resource_state":1},"athlete":{"id":2430215,"resource_state":1},"elapsed_time":902,"moving_time":92,"start_date":"2016-07-04T15:54:29Z","start_date_local":"2016-07-04T10:54:29Z","distance":578.7,"start_index":681,"end_index":702,"average_cadence":93.7,"device_watts":true,"average_watts":91.7,"average_heartrate":125.8,"max_heartrate":134.0,"segment":{"id":15654913,"resource_state":2,"name":"The
        twisty bits (west)","activity_type":"Ride","distance":578.7,"average_grade":0.3,"maximum_grade":1.8,"elevation_high":798.4,"elevation_low":796.2,"start_latlng":[41.519107,-87.389319],"end_latlng":[41.516436,-87.394053],"elevation_profile":null,"elevation_profiles":null,"climb_category":0,"city":"Merrillville","state":"Indiana","country":"United
        States","private":false,"hazardous":false,"starred":false},"pr_rank":null,"achievements":[],"visibility":"everyone","kom_rank":null,"hidden":false},{"id":15394978020,"resource_state":2,"name":"Oak
        Ridge Prairie","activity":{"id":630203151,"visibility":"everyone","resource_state":1},"athlete":{"id":2430215,"resource_state":1},"elapsed_time":1187,"moving_time":377,"start_date":"2016-07-04T15:54:33Z","start_date_local":"2016-07-04T10:54:33Z","distance":2334.8,"start_index":682,"end_index":738,"average_cadence":92.9,"device_watts":true,"average_watts":117.4,"average_heartrate":130.1,"max_heartrate":154.0,"segment":{"id":5670544,"resource_state":2,"name":"Oak
        Ridge Prairie","activity_type":"Ride","distance":2334.8,"average_grade":0.1,"maximum_grade":2.3,"elevation_high":194.9,"elevation_low":191.2,"start_latlng":[41.518726,-87.389427],"end_latlng":[41.517602,-87.413276],"elevation_profile":null,"elevation_profiles":null,"climb_category":0,"city":"Griffith","state":"IN","country":"United
        States","private":false,"hazardous":false,"starred":false},"pr_rank":null,"achievements":[],"visibility":"everyone","kom_rank":null,"hidden":false},{"id":15394978078,"resource_state":2,"name":"Colfax
        to Avenue B","activity":{"id":630203151,"visibility":"everyone","resource_state":1},"athlete":{"id":2430215,"resource_state":1},"elapsed_time":167,"moving_time":167,"start_date":"2016-07-04T16:17:49Z","start_date_local":"2016-07-04T11:17:49Z","distance":1201.5,"start_index":764,"end_index":793,"average_cadence":105.6,"device_watts":true,"average_watts":142.7,"average_heartrate":138.1,"max_heartrate":148.0,"segment":{"id":3942444,"resource_state":2,"name":"Colfax
        to Avenue B","activity_type":"Ride","distance":1201.5,"average_grade":0.2,"maximum_grade":1.6,"elevation_high":197.6,"elevation_low":195.1,"start_latlng":[41.509526,-87.419778],"end_latlng":[41.518956,-87.42663],"elevation_profile":null,"elevation_profiles":null,"climb_category":0,"city":"Griffith","state":"IN","country":"United
        States","private":false,"hazardous":false,"starred":false},"pr_rank":null,"achievements":[],"visibility":"everyone","kom_rank":null,"hidden":false},{"id":27685931517,"resource_state":2,"name":"45th
        st to 41st. sprint","activity":{"id":630203151,"visibility":"everyone","resource_state":1},"athlete":{"id":2430215,"resource_state":1},"elapsed_time":141,"moving_time":141,"start_date":"2016-07-04T16:29:17Z","start_date_local":"2016-07-04T11:29:17Z","distance":1006.2,"start_index":879,"end_index":903,"average_cadence":98.7,"device_watts":true,"average_watts":117.3,"average_heartrate":126.5,"max_heartrate":140.0,"segment":{"id":15672729,"resource_state":2,"name":"45th
        st to 41st. sprint","activity_type":"Ride","distance":1006.2,"average_grade":-0.3,"maximum_grade":2.1,"elevation_high":193.8,"elevation_low":190.8,"start_latlng":[41.537564,-87.444595],"end_latlng":[41.54451,-87.452027],"elevation_profile":null,"elevation_profiles":null,"climb_category":0,"city":"Highland","state":"Indiana","country":"United
        States","private":false,"hazardous":false,"starred":false},"pr_rank":null,"achievements":[],"visibility":"everyone","kom_rank":null,"hidden":false},{"id":15771651427,"resource_state":2,"name":"41st
        to Ridge","activity":{"id":630203151,"visibility":"everyone","resource_state":1},"athlete":{"id":2430215,"resource_state":1},"elapsed_time":182,"moving_time":182,"start_date":"2016-07-04T16:31:51Z","start_date_local":"2016-07-04T11:31:51Z","distance":1295.9,"start_index":905,"end_index":937,"average_cadence":106.1,"device_watts":true,"average_watts":115.1,"average_heartrate":135.3,"max_heartrate":142.0,"segment":{"id":12652005,"resource_state":2,"name":"41st
        to Ridge","activity_type":"Ride","distance":1295.9,"average_grade":0.2,"maximum_grade":7.0,"elevation_high":190.2,"elevation_low":184.7,"start_latlng":[41.544882,-87.452068],"end_latlng":[41.553984,-87.461177],"elevation_profile":null,"elevation_profiles":null,"climb_category":0,"city":"Highland","state":"Indiana","country":"United
        States","private":false,"hazardous":false,"starred":false},"pr_rank":null,"achievements":[],"visibility":"everyone","kom_rank":null,"hidden":false},{"id":58695755707,"resource_state":2,"name":"TT
        Tracks to Tunnel sprint","activity":{"id":630203151,"visibility":"everyone","resource_state":1},"athlete":{"id":2430215,"resource_state":1},"elapsed_time":82,"moving_time":82,"start_date":"2016-07-04T16:40:55Z","start_date_local":"2016-07-04T11:40:55Z","distance":411.5,"start_index":977,"end_index":987,"average_cadence":70.5,"device_watts":true,"average_watts":80.3,"average_heartrate":114.6,"max_heartrate":133.0,"segment":{"id":20435916,"resource_state":2,"name":"TT
        Tracks to Tunnel sprint","activity_type":"Ride","distance":411.5,"average_grade":-0.4,"maximum_grade":1.8,"elevation_high":193.0,"elevation_low":188.6,"start_latlng":[41.562799,-87.466939],"end_latlng":[41.563422,-87.47164],"elevation_profile":null,"elevation_profiles":null,"climb_category":0,"city":"Highland","state":"Indiana","country":"United
        States","private":false,"hazardous":false,"starred":false},"pr_rank":null,"achievements":[],"visibility":"everyone","kom_rank":null,"hidden":false},{"id":15394978117,"resource_state":2,"name":"Cabella''s
        River Ridge","activity":{"id":630203151,"visibility":"everyone","resource_state":1},"athlete":{"id":2430215,"resource_state":1},"elapsed_time":133,"moving_time":133,"start_date":"2016-07-04T16:44:20Z","start_date_local":"2016-07-04T11:44:20Z","distance":857.2,"start_index":1012,"end_index":1032,"average_cadence":112.0,"device_watts":true,"average_watts":124.8,"average_heartrate":140.9,"max_heartrate":150.0,"segment":{"id":9427800,"resource_state":2,"name":"Cabella''s
        River Ridge","activity_type":"Ride","distance":857.2,"average_grade":-0.2,"maximum_grade":5.0,"elevation_high":181.7,"elevation_low":179.7,"start_latlng":[41.568476,-87.47588],"end_latlng":[41.56678,-87.485318],"elevation_profile":null,"elevation_profiles":null,"climb_category":0,"city":"Highland","state":"Indiana","country":"United
        States","private":false,"hazardous":false,"starred":false},"pr_rank":2,"achievements":[{"type_id":3,"type":"pr","rank":2}],"visibility":"everyone","kom_rank":null,"hidden":false},{"id":15394978154,"resource_state":2,"name":"Erie
        Lackawana Bike Trail NB to Calumet Ave.","activity":{"id":630203151,"visibility":"everyone","resource_state":1},"athlete":{"id":2430215,"resource_state":1},"elapsed_time":340,"moving_time":280,"start_date":"2016-07-04T17:02:46Z","start_date_local":"2016-07-04T12:02:46Z","distance":1968.8,"start_index":1128,"end_index":1180,"average_cadence":89.0,"device_watts":true,"average_watts":98.3,"average_heartrate":130.2,"max_heartrate":167.0,"segment":{"id":11666126,"resource_state":2,"name":"Erie
        Lackawana Bike Trail NB to Calumet Ave.","activity_type":"Ride","distance":1968.8,"average_grade":-0.1,"maximum_grade":1.9,"elevation_high":186.8,"elevation_low":182.2,"start_latlng":[41.58872,-87.496111],"end_latlng":[41.600545,-87.508562],"elevation_profile":null,"elevation_profiles":null,"climb_category":0,"city":"Hammond","state":"Indiana","country":"United
        States","private":false,"hazardous":false,"starred":false},"pr_rank":2,"achievements":[{"type_id":3,"type":"pr","rank":2}],"visibility":"everyone","kom_rank":null,"hidden":false},{"id":3222892919852609406,"resource_state":2,"name":"graveside
        hump north","activity":{"id":630203151,"visibility":"everyone","resource_state":1},"athlete":{"id":2430215,"resource_state":1},"elapsed_time":135,"moving_time":135,"start_date":"2016-07-04T17:02:50Z","start_date_local":"2016-07-04T12:02:50Z","distance":937.1,"start_index":1130,"end_index":1153,"average_cadence":86.8,"device_watts":true,"average_watts":133.2,"average_heartrate":139.5,"max_heartrate":167.0,"segment":{"id":36834922,"resource_state":2,"name":"graveside
        hump north","activity_type":"Ride","distance":937.1,"average_grade":0.1,"maximum_grade":5.6,"elevation_high":192.2,"elevation_low":183.8,"start_latlng":[41.588655,-87.496479],"end_latlng":[41.595345,-87.502965],"elevation_profile":null,"elevation_profiles":null,"climb_category":0,"city":"Hammond","state":"Indiana","country":"USA","private":false,"hazardous":false,"starred":false},"pr_rank":null,"achievements":[],"visibility":"everyone","kom_rank":null,"hidden":false},{"id":67572219378,"resource_state":2,"name":"NB
        Calumet \u0026 Conkey pedestrian flyover ","activity":{"id":630203151,"visibility":"everyone","resource_state":1},"athlete":{"id":2430215,"resource_state":1},"elapsed_time":95,"moving_time":95,"start_date":"2016-07-04T17:07:53Z","start_date_local":"2016-07-04T12:07:53Z","distance":455.2,"start_index":1172,"end_index":1188,"average_cadence":78.4,"device_watts":true,"average_watts":112.5,"average_heartrate":119.1,"max_heartrate":133.0,"segment":{"id":21775702,"resource_state":2,"name":"NB
        Calumet \u0026 Conkey pedestrian flyover ","activity_type":"Ride","distance":455.2,"average_grade":-0.6,"maximum_grade":4.7,"elevation_high":199.6,"elevation_low":191.6,"start_latlng":[41.599331,-87.507106],"end_latlng":[41.602477,-87.510543],"elevation_profile":null,"elevation_profiles":null,"climb_category":0,"city":null,"state":null,"country":null,"private":false,"hazardous":false,"starred":false},"pr_rank":null,"achievements":[],"visibility":"everyone","kom_rank":null,"hidden":false},{"id":3414848237694010328,"resource_state":2,"name":"Eggers
        North","activity":{"id":630203151,"visibility":"everyone","resource_state":1},"athlete":{"id":2430215,"resource_state":1},"elapsed_time":195,"moving_time":195,"start_date":"2016-07-04T17:10:21Z","start_date_local":"2016-07-04T12:10:21Z","distance":1279.8,"start_index":1195,"end_index":1233,"average_cadence":101.9,"device_watts":true,"average_watts":101.2,"average_heartrate":135.6,"max_heartrate":144.0,"segment":{"id":40356940,"resource_state":2,"name":"Eggers
        North","activity_type":"Ride","distance":1279.8,"average_grade":-0.1,"maximum_grade":1.3,"elevation_high":181.2,"elevation_low":180.1,"start_latlng":[41.604756,-87.512561],"end_latlng":[41.61467,-87.518798],"elevation_profile":null,"elevation_profiles":null,"climb_category":0,"city":"Hammond","state":"Indiana","country":"USA","private":false,"hazardous":false,"starred":false},"pr_rank":null,"achievements":[],"visibility":"everyone","kom_rank":null,"hidden":false},{"id":3222386158942631042,"resource_state":2,"name":"hohman
        hammer north","activity":{"id":630203151,"visibility":"everyone","resource_state":1},"athlete":{"id":2430215,"resource_state":1},"elapsed_time":81,"moving_time":81,"start_date":"2016-07-04T17:15:36Z","start_date_local":"2016-07-04T12:15:36Z","distance":627.5,"start_index":1255,"end_index":1271,"average_cadence":54.7,"device_watts":true,"average_watts":163.5,"average_heartrate":139.6,"max_heartrate":161.0,"segment":{"id":36826739,"resource_state":2,"name":"hohman
        hammer north","activity_type":"Ride","distance":627.5,"average_grade":-0.1,"maximum_grade":7.7,"elevation_high":189.3,"elevation_low":179.6,"start_latlng":[41.619365,-87.521108],"end_latlng":[41.624437,-87.518072],"elevation_profile":null,"elevation_profiles":null,"climb_category":0,"city":"Hammond","state":"Indiana","country":"USA","private":false,"hazardous":false,"starred":false},"pr_rank":null,"achievements":[],"visibility":"everyone","kom_rank":null,"hidden":false},{"id":15394978252,"resource_state":2,"name":"Hohman
        Hump North","activity":{"id":630203151,"visibility":"everyone","resource_state":1},"athlete":{"id":2430215,"resource_state":1},"elapsed_time":50,"moving_time":50,"start_date":"2016-07-04T17:15:39Z","start_date_local":"2016-07-04T12:15:39Z","distance":246.9,"start_index":1257,"end_index":1262,"average_cadence":98.8,"device_watts":true,"average_watts":238.4,"average_heartrate":148.5,"max_heartrate":161.0,"segment":{"id":4888957,"resource_state":2,"name":"Hohman
        Hump North","activity_type":"Ride","distance":246.9,"average_grade":4.7,"maximum_grade":9.9,"elevation_high":191.0,"elevation_low":179.0,"start_latlng":[41.619673,-87.520914],"end_latlng":[41.62176,-87.519637],"elevation_profile":null,"elevation_profiles":null,"climb_category":0,"city":"Hammond","state":"IN","country":"United
        States","private":false,"hazardous":false,"starred":false},"pr_rank":1,"achievements":[{"type_id":3,"type":"pr","rank":1}],"visibility":"everyone","kom_rank":null,"hidden":false},{"id":3222383565105375362,"resource_state":2,"name":"michigan
        green","activity":{"id":630203151,"visibility":"everyone","resource_state":1},"athlete":{"id":2430215,"resource_state":1},"elapsed_time":61,"moving_time":61,"start_date":"2016-07-04T17:16:29Z","start_date_local":"2016-07-04T12:16:29Z","distance":540.5,"start_index":1262,"end_index":1276,"average_cadence":20.3,"device_watts":true,"average_watts":8.3,"average_heartrate":125.5,"max_heartrate":154.0,"segment":{"id":36826782,"resource_state":2,"name":"michigan
        green","activity_type":"Ride","distance":540.5,"average_grade":-1.4,"maximum_grade":0.4,"elevation_high":186.6,"elevation_low":179.1,"start_latlng":[41.621662,-87.51974],"end_latlng":[41.626067,-87.517276],"elevation_profile":null,"elevation_profiles":null,"climb_category":0,"city":"Hammond","state":"Indiana","country":"USA","private":false,"hazardous":false,"starred":false},"pr_rank":null,"achievements":[],"visibility":"everyone","kom_rank":null,"hidden":false},{"id":20620178077,"resource_state":2,"name":"Sheffy
        to end of 129","activity":{"id":630203151,"visibility":"everyone","resource_state":1},"athlete":{"id":2430215,"resource_state":1},"elapsed_time":277,"moving_time":277,"start_date":"2016-07-04T17:25:38Z","start_date_local":"2016-07-04T12:25:38Z","distance":1768.3,"start_index":1336,"end_index":1377,"average_cadence":108.0,"device_watts":true,"average_watts":99.4,"average_heartrate":132.2,"max_heartrate":142.0,"segment":{"id":14058537,"resource_state":2,"name":"Sheffy
        to end of 129","activity_type":"Ride","distance":1768.3,"average_grade":0.1,"maximum_grade":0.9,"elevation_high":178.2,"elevation_low":176.0,"start_latlng":[41.648275,-87.516443],"end_latlng":[41.660897,-87.516258],"elevation_profile":null,"elevation_profiles":null,"climb_category":0,"city":"Hammond","state":"Indiana","country":"United
        States","private":false,"hazardous":false,"starred":false},"pr_rank":null,"achievements":[],"visibility":"everyone","kom_rank":null,"hidden":false},{"id":15394978321,"resource_state":2,"name":"Wolf
        Lake eastern crossing NB","activity":{"id":630203151,"visibility":"everyone","resource_state":1},"athlete":{"id":2430215,"resource_state":1},"elapsed_time":370,"moving_time":370,"start_date":"2016-07-04T17:30:33Z","start_date_local":"2016-07-04T12:30:33Z","distance":2359.8,"start_index":1380,"end_index":1429,"average_cadence":103.7,"device_watts":true,"average_watts":96.9,"average_heartrate":130.7,"max_heartrate":139.0,"segment":{"id":7051609,"resource_state":2,"name":"Wolf
        Lake eastern crossing NB","activity_type":"Ride","distance":2359.8,"average_grade":-0.1,"maximum_grade":4.6,"elevation_high":181.9,"elevation_low":177.6,"start_latlng":[41.661548,-87.516758],"end_latlng":[41.681247,-87.521248],"elevation_profile":null,"elevation_profiles":null,"climb_category":0,"city":"Hammond","state":"IN","country":"United
        States","private":false,"hazardous":false,"starred":false},"pr_rank":2,"achievements":[{"type_id":3,"type":"pr","rank":2}],"visibility":"everyone","kom_rank":null,"hidden":false},{"id":15394978346,"resource_state":2,"name":"Wolf
        Lake NB from 129th to 112th","activity":{"id":630203151,"visibility":"everyone","resource_state":1},"athlete":{"id":2430215,"resource_state":1},"elapsed_time":586,"moving_time":586,"start_date":"2016-07-04T17:30:33Z","start_date_local":"2016-07-04T12:30:33Z","distance":3735.2,"start_index":1380,"end_index":1460,"average_cadence":101.0,"device_watts":true,"average_watts":103.8,"average_heartrate":130.7,"max_heartrate":139.0,"segment":{"id":10801439,"resource_state":2,"name":"Wolf
        Lake NB from 129th to 112th","activity_type":"Ride","distance":3735.2,"average_grade":-0.1,"maximum_grade":16.6,"elevation_high":185.6,"elevation_low":177.6,"start_latlng":[41.661285,-87.516784],"end_latlng":[41.691373,-87.524253],"elevation_profile":null,"elevation_profiles":null,"climb_category":0,"city":"Hammond","state":"Indiana","country":"United
        States","private":false,"hazardous":false,"starred":false},"pr_rank":2,"achievements":[{"type_id":3,"type":"pr","rank":2}],"visibility":"everyone","kom_rank":null,"hidden":false},{"id":30701734425,"resource_state":2,"name":"Powerline
        Path North","activity":{"id":630203151,"visibility":"everyone","resource_state":1},"athlete":{"id":2430215,"resource_state":1},"elapsed_time":135,"moving_time":135,"start_date":"2016-07-04T17:37:48Z","start_date_local":"2016-07-04T12:37:48Z","distance":882.1,"start_index":1442,"end_index":1458,"average_cadence":95.9,"device_watts":true,"average_watts":128.4,"average_heartrate":131.0,"max_heartrate":138.0,"segment":{"id":16332379,"resource_state":2,"name":"Powerline
        Path North","activity_type":"Ride","distance":882.1,"average_grade":-0.1,"maximum_grade":1.4,"elevation_high":199.8,"elevation_low":197.8,"start_latlng":[41.683035,-87.524538],"end_latlng":[41.690896,-87.52425],"elevation_profile":null,"elevation_profiles":null,"climb_category":0,"city":null,"state":null,"country":null,"private":false,"hazardous":false,"starred":false},"pr_rank":null,"achievements":[],"visibility":"everyone","kom_rank":null,"hidden":false},{"id":2935308166192892034,"resource_state":2,"name":"Calumet
        Park Corner to Finish","activity":{"id":630203151,"visibility":"everyone","resource_state":1},"athlete":{"id":2430215,"resource_state":1},"elapsed_time":1263,"moving_time":131,"start_date":"2016-07-04T17:54:45Z","start_date_local":"2016-07-04T12:54:45Z","distance":610.1,"start_index":1565,"end_index":1576,"average_cadence":83.5,"device_watts":true,"average_watts":53.0,"average_heartrate":107.7,"max_heartrate":132.0,"segment":{"id":31174075,"resource_state":2,"name":"Calumet
        Park Corner to Finish","activity_type":"Ride","distance":610.1,"average_grade":0.2,"maximum_grade":2.3,"elevation_high":169.2,"elevation_low":166.8,"start_latlng":[41.717472,-87.528913],"end_latlng":[41.721677,-87.53329],"elevation_profile":null,"elevation_profiles":null,"climb_category":0,"city":"Chicago","state":"Illinois","country":"United
        States","private":false,"hazardous":false,"starred":false},"pr_rank":null,"achievements":[],"visibility":"everyone","kom_rank":null,"hidden":false},{"id":67719835025,"resource_state":2,"name":"The
        Tundra: north","activity":{"id":630203151,"visibility":"everyone","resource_state":1},"athlete":{"id":2430215,"resource_state":1},"elapsed_time":438,"moving_time":438,"start_date":"2016-07-04T18:18:58Z","start_date_local":"2016-07-04T13:18:58Z","distance":3071.8,"start_index":1601,"end_index":1660,"average_cadence":99.8,"device_watts":true,"average_watts":97.1,"average_heartrate":134.0,"max_heartrate":144.0,"segment":{"id":21793839,"resource_state":2,"name":"The
        Tundra: north","activity_type":"Ride","distance":3071.8,"average_grade":-0.1,"maximum_grade":3.4,"elevation_high":109.4,"elevation_low":101.2,"start_latlng":[41.728669,-87.542497],"end_latlng":[41.752111,-87.547956],"elevation_profile":null,"elevation_profiles":null,"climb_category":0,"city":null,"state":null,"country":null,"private":false,"hazardous":false,"starred":false},"pr_rank":null,"achievements":[],"visibility":"everyone","kom_rank":null,"hidden":false},{"id":15394978481,"resource_state":2,"name":"South
        Lake Shore Drive (North)","activity":{"id":630203151,"visibility":"everyone","resource_state":1},"athlete":{"id":2430215,"resource_state":1},"elapsed_time":735,"moving_time":702,"start_date":"2016-07-04T18:19:05Z","start_date_local":"2016-07-04T13:19:05Z","distance":5058.5,"start_index":1602,"end_index":1700,"average_cadence":105.8,"device_watts":true,"average_watts":113.9,"average_heartrate":141.3,"max_heartrate":159.0,"segment":{"id":7110884,"resource_state":2,"name":"South
        Lake Shore Drive (North)","activity_type":"Ride","distance":5058.5,"average_grade":-0.0,"maximum_grade":1.7,"elevation_high":182.3,"elevation_low":178.3,"start_latlng":[41.728926,-87.542262],"end_latlng":[41.766143,-87.562545],"elevation_profile":null,"elevation_profiles":null,"climb_category":0,"city":"Chicago","state":"IL","country":"United
        States","private":false,"hazardous":false,"starred":false},"pr_rank":3,"achievements":[{"type_id":3,"type":"pr","rank":3}],"visibility":"everyone","kom_rank":null,"hidden":false},{"id":45221015155,"resource_state":2,"name":"LSD
        Ewing to 87th ","activity":{"id":630203151,"visibility":"everyone","resource_state":1},"athlete":{"id":2430215,"resource_state":1},"elapsed_time":138,"moving_time":138,"start_date":"2016-07-04T18:19:05Z","start_date_local":"2016-07-04T13:19:05Z","distance":871.8,"start_index":1602,"end_index":1619,"average_cadence":93.1,"device_watts":true,"average_watts":105.3,"average_heartrate":134.3,"max_heartrate":143.0,"segment":{"id":18676052,"resource_state":2,"name":"LSD
        Ewing to 87th ","activity_type":"Ride","distance":871.8,"average_grade":0.0,"maximum_grade":1.2,"elevation_high":194.6,"elevation_low":191.8,"start_latlng":[41.729121,-87.542138],"end_latlng":[41.736387,-87.540289],"elevation_profile":null,"elevation_profiles":null,"climb_category":0,"city":"Chicago","state":"Illinois","country":"United
        States","private":false,"hazardous":false,"starred":false},"pr_rank":null,"achievements":[],"visibility":"everyone","kom_rank":null,"hidden":false},{"id":15394978383,"resource_state":2,"name":"Calumet
        Sprint","activity":{"id":630203151,"visibility":"everyone","resource_state":1},"athlete":{"id":2430215,"resource_state":1},"elapsed_time":48,"moving_time":48,"start_date":"2016-07-04T18:19:29Z","start_date_local":"2016-07-04T13:19:29Z","distance":297.752,"start_index":1605,"end_index":1611,"average_cadence":102.3,"device_watts":true,"average_watts":88.3,"average_heartrate":133.5,"max_heartrate":136.0,"segment":{"id":3782946,"resource_state":2,"name":"Calumet
        Sprint","activity_type":"Ride","distance":297.752,"average_grade":-0.3,"maximum_grade":0.0,"elevation_high":136.4,"elevation_low":135.4,"start_latlng":[41.73003341071308,-87.5409066863358],"end_latlng":[41.73253373242915,-87.54012205637991],"elevation_profile":null,"elevation_profiles":null,"climb_category":0,"city":"Chicago","state":"IL","country":"United
        States","private":false,"hazardous":false,"starred":false},"pr_rank":null,"achievements":[],"visibility":"everyone","kom_rank":null,"hidden":false},{"id":15394978406,"resource_state":2,"name":"The
        False Flat..rip it north","activity":{"id":630203151,"visibility":"everyone","resource_state":1},"athlete":{"id":2430215,"resource_state":1},"elapsed_time":281,"moving_time":281,"start_date":"2016-07-04T18:20:01Z","start_date_local":"2016-07-04T13:20:01Z","distance":1893.2,"start_index":1609,"end_index":1646,"average_cadence":100.9,"device_watts":true,"average_watts":111.0,"average_heartrate":134.4,"max_heartrate":141.0,"segment":{"id":7683022,"resource_state":2,"name":"The
        False Flat..rip it north","activity_type":"Ride","distance":1893.2,"average_grade":0.2,"maximum_grade":1.1,"elevation_high":182.1,"elevation_low":178.6,"start_latlng":[41.731537,-87.540039],"end_latlng":[41.74851,-87.540378],"elevation_profile":null,"elevation_profiles":null,"climb_category":0,"city":"Chicago","state":"IL","country":"United
        States","private":false,"hazardous":false,"starred":false},"pr_rank":3,"achievements":[{"type_id":3,"type":"pr","rank":3}],"visibility":"everyone","kom_rank":null,"hidden":false},{"id":15394978427,"resource_state":2,"name":"from
        light to light","activity":{"id":630203151,"visibility":"everyone","resource_state":1},"athlete":{"id":2430215,"resource_state":1},"elapsed_time":237,"moving_time":237,"start_date":"2016-07-04T18:21:39Z","start_date_local":"2016-07-04T13:21:39Z","distance":1662.0,"start_index":1621,"end_index":1655,"average_cadence":108.1,"device_watts":true,"average_watts":105.9,"average_heartrate":136.5,"max_heartrate":144.0,"segment":{"id":9401746,"resource_state":2,"name":"from
        light to light","activity_type":"Ride","distance":1662.0,"average_grade":0.2,"maximum_grade":1.9,"elevation_high":53.0,"elevation_low":49.0,"start_latlng":[41.737472,-87.54016],"end_latlng":[41.751007,-87.54381],"elevation_profile":null,"elevation_profiles":null,"climb_category":0,"city":"Chicago","state":"Illinois","country":"United
        States","private":false,"hazardous":false,"starred":false},"pr_rank":null,"achievements":[],"visibility":"everyone","kom_rank":null,"hidden":false},{"id":49106086239,"resource_state":2,"name":"DARC
        - South Works Sprint","activity":{"id":630203151,"visibility":"everyone","resource_state":1},"athlete":{"id":2430215,"resource_state":1},"elapsed_time":56,"moving_time":56,"start_date":"2016-07-04T18:23:38Z","start_date_local":"2016-07-04T13:23:38Z","distance":381.7,"start_index":1638,"end_index":1645,"average_cadence":106.0,"device_watts":true,"average_watts":153.9,"average_heartrate":136.7,"max_heartrate":141.0,"segment":{"id":19269835,"resource_state":2,"name":"DARC
        - South Works Sprint","activity_type":"Ride","distance":381.7,"average_grade":0.5,"maximum_grade":3.4,"elevation_high":184.2,"elevation_low":179.4,"start_latlng":[41.744901,-87.540351],"end_latlng":[41.748337,-87.540432],"elevation_profile":null,"elevation_profiles":null,"climb_category":0,"city":"Chicago","state":"Illinois","country":"United
        States","private":false,"hazardous":false,"starred":false},"pr_rank":null,"achievements":[],"visibility":"everyone","kom_rank":null,"hidden":false},{"id":16680849957,"resource_state":2,"name":"41
        - Around the Bend N","activity":{"id":630203151,"visibility":"everyone","resource_state":1},"athlete":{"id":2430215,"resource_state":1},"elapsed_time":199,"moving_time":166,"start_date":"2016-07-04T18:23:46Z","start_date_local":"2016-07-04T13:23:46Z","distance":1251.8,"start_index":1639,"end_index":1663,"average_cadence":100.3,"device_watts":true,"average_watts":100.1,"average_heartrate":133.4,"max_heartrate":144.0,"segment":{"id":12940864,"resource_state":2,"name":"41
        - Around the Bend N","activity_type":"Ride","distance":1251.8,"average_grade":-0.1,"maximum_grade":0.4,"elevation_high":182.2,"elevation_low":179.7,"start_latlng":[41.745374,-87.540427],"end_latlng":[41.75282,-87.548895],"elevation_profile":null,"elevation_profiles":null,"climb_category":0,"city":"Chicago","state":"Illinois","country":"United
        States","private":false,"hazardous":false,"starred":false},"pr_rank":null,"achievements":[],"visibility":"everyone","kom_rank":null,"hidden":false},{"id":2893201168913592536,"resource_state":2,"name":"Lakefront
        Trail | South Trail End to 67th Street","activity":{"id":630203151,"visibility":"everyone","resource_state":1},"athlete":{"id":2430215,"resource_state":1},"elapsed_time":176,"moving_time":176,"start_date":"2016-07-04T18:31:20Z","start_date_local":"2016-07-04T13:31:20Z","distance":1110.9,"start_index":1700,"end_index":1731,"average_cadence":95.0,"device_watts":true,"average_watts":131.7,"average_heartrate":143.8,"max_heartrate":158.0,"segment":{"id":30358665,"resource_state":2,"name":"Lakefront
        Trail | South Trail End to 67th Street","activity_type":"Ride","distance":1110.9,"average_grade":0.0,"maximum_grade":1.5,"elevation_high":179.1,"elevation_low":178.5,"start_latlng":[41.766264,-87.562666],"end_latlng":[41.773614,-87.566696],"elevation_profile":null,"elevation_profiles":null,"climb_category":0,"city":"Chicago","state":"Illinois","country":"United
        States","private":false,"hazardous":false,"starred":false},"pr_rank":2,"achievements":[{"type_id":3,"type":"pr","rank":2}],"visibility":"everyone","kom_rank":null,"hidden":false},{"id":15394978613,"resource_state":2,"name":"FOUR!!!
        North....","activity":{"id":630203151,"visibility":"everyone","resource_state":1},"athlete":{"id":2430215,"resource_state":1},"elapsed_time":102,"moving_time":102,"start_date":"2016-07-04T18:32:24Z","start_date_local":"2016-07-04T13:32:24Z","distance":707.8,"start_index":1715,"end_index":1729,"average_cadence":105.1,"device_watts":true,"average_watts":161.5,"average_heartrate":146.0,"max_heartrate":158.0,"segment":{"id":4167627,"resource_state":2,"name":"FOUR!!!
        North....","activity_type":"Ride","distance":707.8,"average_grade":0.0,"maximum_grade":0.0,"elevation_high":235.8,"elevation_low":235.8,"start_latlng":[41.766776,-87.566281],"end_latlng":[41.773104,-87.566486],"elevation_profile":null,"elevation_profiles":null,"climb_category":0,"city":"Chicago","state":"IL","country":"United
        States","private":false,"hazardous":false,"starred":false},"pr_rank":2,"achievements":[{"type_id":3,"type":"pr","rank":2}],"visibility":"everyone","kom_rank":null,"hidden":false},{"id":2893203706702320856,"resource_state":2,"name":"Lakefront
        Trail | 67th Street to La Rabida","activity":{"id":630203151,"visibility":"everyone","resource_state":1},"athlete":{"id":2430215,"resource_state":1},"elapsed_time":91,"moving_time":91,"start_date":"2016-07-04T18:34:16Z","start_date_local":"2016-07-04T13:34:16Z","distance":486.3,"start_index":1731,"end_index":1742,"average_cadence":55.8,"device_watts":true,"average_watts":146.5,"average_heartrate":137.0,"max_heartrate":153.0,"segment":{"id":30358711,"resource_state":2,"name":"Lakefront
        Trail | 67th Street to La Rabida","activity_type":"Ride","distance":486.3,"average_grade":0.2,"maximum_grade":2.7,"elevation_high":182.6,"elevation_low":179.1,"start_latlng":[41.773614,-87.566696],"end_latlng":[41.775762,-87.571528],"elevation_profile":null,"elevation_profiles":null,"climb_category":0,"city":"Chicago","state":"Illinois","country":"United
        States","private":false,"hazardous":false,"starred":false},"pr_rank":2,"achievements":[{"type_id":3,"type":"pr","rank":2}],"visibility":"everyone","kom_rank":null,"hidden":false},{"id":2893202937649136220,"resource_state":2,"name":"Lakefront
        Trail | La Rabida to 63rd Street Beach","activity":{"id":630203151,"visibility":"everyone","resource_state":1},"athlete":{"id":2430215,"resource_state":1},"elapsed_time":127,"moving_time":127,"start_date":"2016-07-04T18:35:47Z","start_date_local":"2016-07-04T13:35:47Z","distance":868.8,"start_index":1742,"end_index":1759,"average_cadence":80.7,"device_watts":true,"average_watts":101.1,"average_heartrate":132.8,"max_heartrate":141.0,"segment":{"id":30358745,"resource_state":2,"name":"Lakefront
        Trail | La Rabida to 63rd Street Beach","activity_type":"Ride","distance":868.8,"average_grade":0.0,"maximum_grade":3.0,"elevation_high":180.4,"elevation_low":178.2,"start_latlng":[41.775762,-87.571528],"end_latlng":[41.780589,-87.574469],"elevation_profile":null,"elevation_profiles":null,"climb_category":0,"city":"Chicago","state":"Illinois","country":"United
        States","private":false,"hazardous":false,"starred":false},"pr_rank":null,"achievements":[],"visibility":"everyone","kom_rank":null,"hidden":false},{"id":28761518236,"resource_state":2,"name":"59th
        to 63rd Street South African Sprint","activity":{"id":630203151,"visibility":"everyone","resource_state":1},"athlete":{"id":2430215,"resource_state":1},"elapsed_time":110,"moving_time":110,"start_date":"2016-07-04T18:38:20Z","start_date_local":"2016-07-04T13:38:20Z","distance":774.8,"start_index":1761,"end_index":1775,"average_cadence":95.4,"device_watts":true,"average_watts":147.8,"average_heartrate":135.8,"max_heartrate":144.0,"segment":{"id":15930357,"resource_state":2,"name":"59th
        to 63rd Street South African Sprint","activity_type":"Ride","distance":774.8,"average_grade":0.0,"maximum_grade":1.6,"elevation_high":174.2,"elevation_low":173.2,"start_latlng":[41.781257,-87.574651],"end_latlng":[41.787763,-87.57764],"elevation_profile":null,"elevation_profiles":null,"climb_category":0,"city":"Chicago","state":"Illinois","country":"United
        States","private":false,"hazardous":false,"starred":false},"pr_rank":null,"achievements":[],"visibility":"everyone","kom_rank":null,"hidden":false},{"id":15394978650,"resource_state":2,"name":"Hyde
        Park Dragstrip","activity":{"id":630203151,"visibility":"everyone","resource_state":1},"athlete":{"id":2430215,"resource_state":1},"elapsed_time":117,"moving_time":117,"start_date":"2016-07-04T18:45:33Z","start_date_local":"2016-07-04T13:45:33Z","distance":709.14,"start_index":1811,"end_index":1830,"average_cadence":87.2,"device_watts":true,"average_watts":80.6,"average_heartrate":123.9,"max_heartrate":130.0,"segment":{"id":1226133,"resource_state":2,"name":"Hyde
        Park Dragstrip","activity_type":"Ride","distance":709.14,"average_grade":-0.2,"maximum_grade":0.0,"elevation_high":181.2,"elevation_low":179.7,"start_latlng":[41.7951456,-87.58812938333334],"end_latlng":[41.79504051666667,-87.59620835],"elevation_profile":null,"elevation_profiles":null,"climb_category":0,"city":"Chicago","state":"IL","country":"United
        States","private":false,"hazardous":false,"starred":false},"pr_rank":2,"achievements":[{"type_id":3,"type":"pr","rank":2}],"visibility":"everyone","kom_rank":null,"hidden":false},{"id":15394978693,"resource_state":2,"name":"Westbound
        31st (Princeton to Halsted)","activity":{"id":630203151,"visibility":"everyone","resource_state":1},"athlete":{"id":2430215,"resource_state":1},"elapsed_time":182,"moving_time":182,"start_date":"2016-07-04T19:12:42Z","start_date_local":"2016-07-04T14:12:42Z","distance":1049.2,"start_index":1988,"end_index":2009,"average_cadence":74.3,"device_watts":true,"average_watts":65.0,"average_heartrate":121.4,"max_heartrate":131.0,"segment":{"id":6051967,"resource_state":2,"name":"Westbound
        31st (Princeton to Halsted)","activity_type":"Ride","distance":1049.2,"average_grade":0.1,"maximum_grade":1.6,"elevation_high":182.8,"elevation_low":180.5,"start_latlng":[41.837955,-87.634186],"end_latlng":[41.838106,-87.646226],"elevation_profile":null,"elevation_profiles":null,"climb_category":0,"city":"Chicago","state":"IL","country":"United
        States","private":false,"hazardous":false,"starred":false},"pr_rank":1,"achievements":[{"type_id":3,"type":"pr","rank":1}],"visibility":"everyone","kom_rank":null,"hidden":false},{"id":15394978766,"resource_state":2,"name":"Halsted
        south of Cermak","activity":{"id":630203151,"visibility":"everyone","resource_state":1},"athlete":{"id":2430215,"resource_state":1},"elapsed_time":305,"moving_time":305,"start_date":"2016-07-04T19:15:57Z","start_date_local":"2016-07-04T14:15:57Z","distance":1584.45,"start_index":2010,"end_index":2043,"average_cadence":92.3,"device_watts":true,"average_watts":108.3,"average_heartrate":125.1,"max_heartrate":148.0,"segment":{"id":1594351,"resource_state":2,"name":"Halsted
        south of Cermak","activity_type":"Ride","distance":1584.45,"average_grade":-0.1,"maximum_grade":0.0,"elevation_high":182.3,"elevation_low":179.9,"start_latlng":[41.83840606,-87.64616799],"end_latlng":[41.85263656,-87.64648188],"elevation_profile":null,"elevation_profiles":null,"climb_category":0,"city":"Chicago","state":"IL","country":"United
        States","private":false,"hazardous":false,"starred":false},"pr_rank":3,"achievements":[{"type_id":3,"type":"pr","rank":3}],"visibility":"everyone","kom_rank":null,"hidden":false},{"id":15394979100,"resource_state":2,"name":"Halsted
        26th to Harrison","activity":{"id":630203151,"visibility":"everyone","resource_state":1},"athlete":{"id":2430215,"resource_state":1},"elapsed_time":654,"moving_time":538,"start_date":"2016-07-04T19:18:31Z","start_date_local":"2016-07-04T14:18:31Z","distance":3248.4,"start_index":2028,"end_index":2099,"average_cadence":92.4,"device_watts":true,"average_watts":106.8,"average_heartrate":127.6,"max_heartrate":148.0,"segment":{"id":4746885,"resource_state":2,"name":"Halsted
        26th to Harrison","activity_type":"Ride","distance":3248.4,"average_grade":-0.0,"maximum_grade":17.2,"elevation_high":182.8,"elevation_low":175.5,"start_latlng":[41.845507,-87.646246],"end_latlng":[41.874018,-87.646973],"elevation_profile":null,"elevation_profiles":null,"climb_category":0,"city":"Chicago","state":"IL","country":"United
        States","private":false,"hazardous":false,"starred":false},"pr_rank":null,"achievements":[],"visibility":"everyone","kom_rank":null,"hidden":false},{"id":15643697847,"resource_state":2,"name":"counts
        as a hill","activity":{"id":630203151,"visibility":"everyone","resource_state":1},"athlete":{"id":2430215,"resource_state":1},"elapsed_time":56,"moving_time":56,"start_date":"2016-07-04T19:19:36Z","start_date_local":"2016-07-04T14:19:36Z","distance":349.9,"start_index":2032,"end_index":2039,"average_cadence":95.9,"device_watts":true,"average_watts":154.4,"average_heartrate":133.8,"max_heartrate":148.0,"segment":{"id":12614636,"resource_state":2,"name":"counts
        as a hill","activity_type":"Ride","distance":349.9,"average_grade":-0.8,"maximum_grade":15.4,"elevation_high":182.7,"elevation_low":175.5,"start_latlng":[41.847576,-87.646486],"end_latlng":[41.850715,-87.646447],"elevation_profile":null,"elevation_profiles":null,"climb_category":0,"city":"Chicago","state":"Illinois","country":"United
        States","private":false,"hazardous":false,"starred":false},"pr_rank":null,"achievements":[],"visibility":"everyone","kom_rank":null,"hidden":false},{"id":3380611828430250992,"resource_state":2,"name":"Halsted-
        South Bridge to 18th","activity":{"id":630203151,"visibility":"everyone","resource_state":1},"athlete":{"id":2430215,"resource_state":1},"elapsed_time":162,"moving_time":162,"start_date":"2016-07-04T19:19:55Z","start_date_local":"2016-07-04T14:19:55Z","distance":994.0,"start_index":2034,"end_index":2059,"average_cadence":75.0,"device_watts":true,"average_watts":98.2,"average_heartrate":129.6,"max_heartrate":148.0,"segment":{"id":39643334,"resource_state":2,"name":"Halsted-
        South Bridge to 18th","activity_type":"Ride","distance":994.0,"average_grade":-0.1,"maximum_grade":4.7,"elevation_high":183.6,"elevation_low":179.8,"start_latlng":[41.848599,-87.646632],"end_latlng":[41.857559,-87.646617],"elevation_profile":null,"elevation_profiles":null,"climb_category":0,"city":"Chicago","state":"Illinois","country":"USA","private":false,"hazardous":false,"starred":false},"pr_rank":3,"achievements":[{"type_id":3,"type":"pr","rank":3}],"visibility":"everyone","kom_rank":null,"hidden":false},{"id":15394978809,"resource_state":2,"name":"Point
        SIX","activity":{"id":630203151,"visibility":"everyone","resource_state":1},"athlete":{"id":2430215,"resource_state":1},"elapsed_time":200,"moving_time":155,"start_date":"2016-07-04T19:22:15Z","start_date_local":"2016-07-04T14:22:15Z","distance":1073.0,"start_index":2057,"end_index":2080,"average_cadence":102.6,"device_watts":true,"average_watts":108.3,"average_heartrate":132.8,"max_heartrate":140.0,"segment":{"id":11239270,"resource_state":2,"name":"Point
        SIX","activity_type":"Ride","distance":1073.0,"average_grade":0.1,"maximum_grade":1.9,"elevation_high":194.8,"elevation_low":191.0,"start_latlng":[41.855983,-87.646517],"end_latlng":[41.865634,-87.646842],"elevation_profile":null,"elevation_profiles":null,"climb_category":0,"city":null,"state":null,"country":null,"private":false,"hazardous":false,"starred":false},"pr_rank":null,"achievements":[],"visibility":"everyone","kom_rank":null,"hidden":false},{"id":2886087834621259410,"resource_state":2,"name":"18th
        to Van Buren","activity":{"id":630203151,"visibility":"everyone","resource_state":1},"athlete":{"id":2430215,"resource_state":1},"elapsed_time":397,"moving_time":326,"start_date":"2016-07-04T19:23:30Z","start_date_local":"2016-07-04T14:23:30Z","distance":2091.8,"start_index":2061,"end_index":2104,"average_cadence":75.5,"device_watts":true,"average_watts":120.5,"average_heartrate":127.7,"max_heartrate":140.0,"segment":{"id":30198746,"resource_state":2,"name":"18th
        to Van Buren","activity_type":"Ride","distance":2091.8,"average_grade":0.0,"maximum_grade":2.7,"elevation_high":183.0,"elevation_low":179.2,"start_latlng":[41.858061,-87.646457],"end_latlng":[41.876321,-87.647026],"elevation_profile":null,"elevation_profiles":null,"climb_category":0,"city":"Chicago","state":"Illinois","country":"United
        States","private":false,"hazardous":false,"starred":false},"pr_rank":2,"achievements":[{"type_id":3,"type":"pr","rank":2}],"visibility":"everyone","kom_rank":null,"hidden":false},{"id":63507116901,"resource_state":2,"name":"Flat-out","activity":{"id":630203151,"visibility":"everyone","resource_state":1},"athlete":{"id":2430215,"resource_state":1},"elapsed_time":143,"moving_time":143,"start_date":"2016-07-04T19:27:11Z","start_date_local":"2016-07-04T14:27:11Z","distance":746.5,"start_index":2084,"end_index":2100,"average_cadence":90.1,"device_watts":true,"average_watts":114.8,"average_heartrate":124.4,"max_heartrate":136.0,"segment":{"id":21136982,"resource_state":2,"name":"Flat-out","activity_type":"Ride","distance":746.5,"average_grade":-0.0,"maximum_grade":1.0,"elevation_high":180.9,"elevation_low":180.2,"start_latlng":[41.867226,-87.64679],"end_latlng":[41.874141,-87.647006],"elevation_profile":null,"elevation_profiles":null,"climb_category":0,"city":null,"state":null,"country":null,"private":false,"hazardous":false,"starred":false},"pr_rank":null,"achievements":[],"visibility":"everyone","kom_rank":null,"hidden":false},{"id":15394979145,"resource_state":2,"name":"Halsted:
        Taylor to Jackson","activity":{"id":630203151,"visibility":"everyone","resource_state":1},"athlete":{"id":2430215,"resource_state":1},"elapsed_time":171,"moving_time":171,"start_date":"2016-07-04T19:28:13Z","start_date_local":"2016-07-04T14:28:13Z","distance":932.2,"start_index":2091,"end_index":2107,"average_cadence":87.6,"device_watts":true,"average_watts":133.0,"average_heartrate":124.5,"max_heartrate":138.0,"segment":{"id":10539804,"resource_state":2,"name":"Halsted:
        Taylor to Jackson","activity_type":"Ride","distance":932.2,"average_grade":-0.2,"maximum_grade":4.1,"elevation_high":180.6,"elevation_low":175.9,"start_latlng":[41.869724,-87.646906],"end_latlng":[41.877989,-87.647404],"elevation_profile":null,"elevation_profiles":null,"climb_category":0,"city":"Chicago","state":"Illinois","country":"United
        States","private":false,"hazardous":false,"starred":false},"pr_rank":null,"achievements":[],"visibility":"everyone","kom_rank":null,"hidden":false},{"id":15394979162,"resource_state":2,"name":"Halsted:
        Jackson to Lake","activity":{"id":630203151,"visibility":"everyone","resource_state":1},"athlete":{"id":2430215,"resource_state":1},"elapsed_time":291,"moving_time":144,"start_date":"2016-07-04T19:30:29Z","start_date_local":"2016-07-04T14:30:29Z","distance":873.1,"start_index":2106,"end_index":2123,"average_cadence":98.3,"device_watts":true,"average_watts":125.4,"average_heartrate":120.2,"max_heartrate":131.0,"segment":{"id":10539765,"resource_state":2,"name":"Halsted:
        Jackson to Lake","activity_type":"Ride","distance":873.1,"average_grade":-0.1,"maximum_grade":1.5,"elevation_high":179.0,"elevation_low":177.9,"start_latlng":[41.877891,-87.647416],"end_latlng":[41.885544,-87.647455],"elevation_profile":null,"elevation_profiles":null,"climb_category":0,"city":"Chicago","state":"Illinois","country":"United
        States","private":false,"hazardous":false,"starred":false},"pr_rank":null,"achievements":[],"visibility":"everyone","kom_rank":null,"hidden":false},{"id":15394979196,"resource_state":2,"name":"Halsted
        NB (Lake to Hubbard)","activity":{"id":630203151,"visibility":"everyone","resource_state":1},"athlete":{"id":2430215,"resource_state":1},"elapsed_time":74,"moving_time":74,"start_date":"2016-07-04T19:36:10Z","start_date_local":"2016-07-04T14:36:10Z","distance":494.9,"start_index":2124,"end_index":2133,"average_cadence":86.4,"device_watts":true,"average_watts":166.4,"average_heartrate":140.6,"max_heartrate":151.0,"segment":{"id":5801671,"resource_state":2,"name":"Halsted
        NB (Lake to Hubbard)","activity_type":"Ride","distance":494.9,"average_grade":0.9,"maximum_grade":3.8,"elevation_high":183.1,"elevation_low":178.2,"start_latlng":[41.88555,-87.647388],"end_latlng":[41.889963,-87.647601],"elevation_profile":null,"elevation_profiles":null,"climb_category":0,"city":"Chicago","state":"IL","country":"United
        States","private":false,"hazardous":false,"starred":false},"pr_rank":1,"achievements":[{"type_id":3,"type":"pr","rank":1}],"visibility":"everyone","kom_rank":null,"hidden":false},{"id":15394979601,"resource_state":2,"name":"Milwaukee
        Ave - Grand to Chicago","activity":{"id":630203151,"visibility":"everyone","resource_state":1},"athlete":{"id":2430215,"resource_state":1},"elapsed_time":226,"moving_time":109,"start_date":"2016-07-04T19:37:42Z","start_date_local":"2016-07-04T14:37:42Z","distance":770.677,"start_index":2137,"end_index":2155,"average_cadence":77.9,"device_watts":true,"average_watts":72.9,"average_heartrate":123.3,"max_heartrate":137.0,"segment":{"id":1042319,"resource_state":2,"name":"Milwaukee
        Ave - Grand to Chicago","activity_type":"Ride","distance":770.677,"average_grade":-0.0,"maximum_grade":2.6,"elevation_high":180.4,"elevation_low":176.4,"start_latlng":[41.89130741666666,-87.64785116666667],"end_latlng":[41.8958768,-87.65465118333333],"elevation_profile":null,"elevation_profiles":null,"climb_category":0,"city":"Chicago","state":"IL","country":"United
        States","private":false,"hazardous":false,"starred":false},"pr_rank":null,"achievements":[],"visibility":"everyone","kom_rank":null,"hidden":false},{"id":18702709961,"resource_state":2,"name":"Elston
        - Milwaukee to Cortland","activity":{"id":630203151,"visibility":"everyone","resource_state":1},"athlete":{"id":2430215,"resource_state":1},"elapsed_time":378,"moving_time":331,"start_date":"2016-07-04T19:42:17Z","start_date_local":"2016-07-04T14:42:17Z","distance":2362.3,"start_index":2161,"end_index":2211,"average_cadence":100.2,"device_watts":true,"average_watts":110.5,"average_heartrate":140.4,"max_heartrate":154.0,"segment":{"id":13574367,"resource_state":2,"name":"Elston
        - Milwaukee to Cortland","activity_type":"Ride","distance":2362.3,"average_grade":-0.0,"maximum_grade":6.3,"elevation_high":182.7,"elevation_low":177.7,"start_latlng":[41.897134,-87.656417],"end_latlng":[41.916406,-87.666376],"elevation_profile":null,"elevation_profiles":null,"climb_category":0,"city":"Chicago","state":"Illinois","country":"United
        States","private":false,"hazardous":false,"starred":false},"pr_rank":null,"achievements":[],"visibility":"everyone","kom_rank":null,"hidden":false},{"id":15394980021,"resource_state":2,"name":"606
        Ashland to Rockwell","activity":{"id":630203151,"visibility":"everyone","resource_state":1},"athlete":{"id":2430215,"resource_state":1},"elapsed_time":332,"moving_time":332,"start_date":"2016-07-04T19:50:33Z","start_date_local":"2016-07-04T14:50:33Z","distance":1965.9,"start_index":2226,"end_index":2271,"average_cadence":87.6,"device_watts":true,"average_watts":94.4,"average_heartrate":128.2,"max_heartrate":141.0,"segment":{"id":12294533,"resource_state":2,"name":"606
        Ashland to Rockwell","activity_type":"Ride","distance":1965.9,"average_grade":0.0,"maximum_grade":5.6,"elevation_high":184.5,"elevation_low":181.3,"start_latlng":[41.914628,-87.668829],"end_latlng":[41.913921,-87.69114],"elevation_profile":null,"elevation_profiles":null,"climb_category":0,"city":"Chicago","state":"Illinois","country":"United
        States","private":false,"hazardous":false,"starred":false},"pr_rank":null,"achievements":[],"visibility":"everyone","kom_rank":null,"hidden":false},{"id":15394979971,"resource_state":2,"name":"606-
        Marshfield to Damen","activity":{"id":630203151,"visibility":"everyone","resource_state":1},"athlete":{"id":2430215,"resource_state":1},"elapsed_time":109,"moving_time":109,"start_date":"2016-07-04T19:51:02Z","start_date_local":"2016-07-04T14:51:02Z","distance":826.3,"start_index":2231,"end_index":2247,"average_cadence":101.9,"device_watts":true,"average_watts":94.0,"average_heartrate":135.3,"max_heartrate":141.0,"segment":{"id":10084611,"resource_state":2,"name":"606-
        Marshfield to Damen","activity_type":"Ride","distance":826.3,"average_grade":0.0,"maximum_grade":2.2,"elevation_high":184.5,"elevation_low":181.8,"start_latlng":[41.914598,-87.668701],"end_latlng":[41.914193,-87.677104],"elevation_profile":null,"elevation_profiles":null,"climb_category":0,"city":"Chicago","state":"Illinois","country":"United
        States","private":false,"hazardous":false,"starred":false},"pr_rank":null,"achievements":[],"visibility":"everyone","kom_rank":null,"hidden":false},{"id":15394980345,"resource_state":2,"name":"606  Damen
        to Kedzie on the death trail","activity":{"id":630203151,"visibility":"everyone","resource_state":1},"athlete":{"id":2430215,"resource_state":1},"elapsed_time":388,"moving_time":388,"start_date":"2016-07-04T19:52:57Z","start_date_local":"2016-07-04T14:52:57Z","distance":2472.6,"start_index":2250,"end_index":2302,"average_cadence":85.3,"device_watts":true,"average_watts":87.3,"average_heartrate":125.0,"max_heartrate":134.0,"segment":{"id":9666110,"resource_state":2,"name":"606  Damen
        to Kedzie on the death trail","activity_type":"Ride","distance":2472.6,"average_grade":0.0,"maximum_grade":4.8,"elevation_high":182.8,"elevation_low":181.3,"start_latlng":[41.914216,-87.677558],"end_latlng":[41.913802,-87.707123],"elevation_profile":null,"elevation_profiles":null,"climb_category":0,"city":"Chicago","state":"Illinois","country":"United
        States","private":false,"hazardous":false,"starred":false},"pr_rank":null,"achievements":[],"visibility":"everyone","kom_rank":null,"hidden":false},{"id":15394980099,"resource_state":2,"name":"Bloomingdale
        Trail - California to Kedzie","activity":{"id":630203151,"visibility":"everyone","resource_state":1},"athlete":{"id":2430215,"resource_state":1},"elapsed_time":123,"moving_time":123,"start_date":"2016-07-04T19:57:22Z","start_date_local":"2016-07-04T14:57:22Z","distance":790.4,"start_index":2284,"end_index":2302,"average_cadence":81.3,"device_watts":true,"average_watts":96.3,"average_heartrate":127.2,"max_heartrate":134.0,"segment":{"id":9694373,"resource_state":2,"name":"Bloomingdale
        Trail - California to Kedzie","activity_type":"Ride","distance":790.4,"average_grade":0.3,"maximum_grade":7.3,"elevation_high":248.2,"elevation_low":246.2,"start_latlng":[41.913863,-87.697122],"end_latlng":[41.913808,-87.706652],"elevation_profile":null,"elevation_profiles":null,"climb_category":0,"city":"Chicago","state":"Illinois","country":"United
        States","private":false,"hazardous":false,"starred":false},"pr_rank":null,"achievements":[],"visibility":"everyone","kom_rank":null,"hidden":false}],"splits_metric":[{"distance":1041.1,"elapsed_time":281,"elevation_difference":6.5,"moving_time":225,"split":1,"average_speed":4.63,"average_grade_adjusted_speed":null,"average_heartrate":124.95555555555555,"pace_zone":0},{"distance":995.9,"elapsed_time":303,"elevation_difference":1.3,"moving_time":175,"split":2,"average_speed":5.69,"average_grade_adjusted_speed":null,"average_heartrate":140.66257668711657,"pace_zone":0},{"distance":964.3,"elapsed_time":144,"elevation_difference":2.1,"moving_time":144,"split":3,"average_speed":6.7,"average_grade_adjusted_speed":null,"average_heartrate":153.39583333333334,"pace_zone":0},{"distance":1085.7,"elapsed_time":212,"elevation_difference":-0.1,"moving_time":162,"split":4,"average_speed":6.7,"average_grade_adjusted_speed":null,"average_heartrate":140.9433962264151,"pace_zone":0},{"distance":962.7,"elapsed_time":218,"elevation_difference":-0.7,"moving_time":154,"split":5,"average_speed":6.25,"average_grade_adjusted_speed":null,"average_heartrate":136.66883116883116,"pace_zone":0},{"distance":978.8,"elapsed_time":151,"elevation_difference":-2.8,"moving_time":151,"split":6,"average_speed":6.48,"average_grade_adjusted_speed":null,"average_heartrate":138.25827814569536,"pace_zone":0},{"distance":1015.9,"elapsed_time":153,"elevation_difference":1.7,"moving_time":153,"split":7,"average_speed":6.64,"average_grade_adjusted_speed":null,"average_heartrate":145.68627450980392,"pace_zone":0},{"distance":968.3,"elapsed_time":384,"elevation_difference":0.2,"moving_time":167,"split":8,"average_speed":5.8,"average_grade_adjusted_speed":null,"average_heartrate":131.64670658682635,"pace_zone":0},{"distance":1026.0,"elapsed_time":166,"elevation_difference":-0.3,"moving_time":166,"split":9,"average_speed":6.18,"average_grade_adjusted_speed":null,"average_heartrate":127.42168674698796,"pace_zone":0},{"distance":974.9,"elapsed_time":165,"elevation_difference":-2.9,"moving_time":165,"split":10,"average_speed":5.91,"average_grade_adjusted_speed":null,"average_heartrate":133.12121212121212,"pace_zone":0},{"distance":1002.3,"elapsed_time":150,"elevation_difference":1.0,"moving_time":150,"split":11,"average_speed":6.68,"average_grade_adjusted_speed":null,"average_heartrate":139.20666666666668,"pace_zone":0},{"distance":984.2,"elapsed_time":157,"elevation_difference":-0.7,"moving_time":157,"split":12,"average_speed":6.27,"average_grade_adjusted_speed":null,"average_heartrate":130.343949044586,"pace_zone":0},{"distance":1012.2,"elapsed_time":185,"elevation_difference":0.1,"moving_time":185,"split":13,"average_speed":5.47,"average_grade_adjusted_speed":null,"average_heartrate":124.37297297297297,"pace_zone":0},{"distance":990.7,"elapsed_time":181,"elevation_difference":0.3,"moving_time":181,"split":14,"average_speed":5.47,"average_grade_adjusted_speed":null,"average_heartrate":138.41988950276243,"pace_zone":0},{"distance":1018.7,"elapsed_time":158,"elevation_difference":-0.4,"moving_time":158,"split":15,"average_speed":6.45,"average_grade_adjusted_speed":null,"average_heartrate":139.75316455696202,"pace_zone":0},{"distance":1018.7,"elapsed_time":152,"elevation_difference":0.4,"moving_time":152,"split":16,"average_speed":6.7,"average_grade_adjusted_speed":null,"average_heartrate":142.98026315789474,"pace_zone":0},{"distance":1007.7,"elapsed_time":150,"elevation_difference":5.2,"moving_time":150,"split":17,"average_speed":6.72,"average_grade_adjusted_speed":null,"average_heartrate":146.11333333333334,"pace_zone":0},{"distance":986.5,"elapsed_time":147,"elevation_difference":3.2,"moving_time":147,"split":18,"average_speed":6.71,"average_grade_adjusted_speed":null,"average_heartrate":156.96598639455783,"pace_zone":0},{"distance":1019.5,"elapsed_time":152,"elevation_difference":2.9,"moving_time":130,"split":19,"average_speed":7.84,"average_grade_adjusted_speed":null,"average_heartrate":154.3230769230769,"pace_zone":0},{"distance":949.1,"elapsed_time":134,"elevation_difference":-3.9,"moving_time":134,"split":20,"average_speed":7.08,"average_grade_adjusted_speed":null,"average_heartrate":141.5597014925373,"pace_zone":0},{"distance":1002.4,"elapsed_time":164,"elevation_difference":-2.0,"moving_time":164,"split":21,"average_speed":6.11,"average_grade_adjusted_speed":null,"average_heartrate":129.71951219512195,"pace_zone":0},{"distance":1046.1,"elapsed_time":165,"elevation_difference":-3.1,"moving_time":165,"split":22,"average_speed":6.34,"average_grade_adjusted_speed":null,"average_heartrate":132.73939393939395,"pace_zone":0},{"distance":980.7,"elapsed_time":138,"elevation_difference":5.4,"moving_time":138,"split":23,"average_speed":7.11,"average_grade_adjusted_speed":null,"average_heartrate":146.7246376811594,"pace_zone":0},{"distance":995.4,"elapsed_time":144,"elevation_difference":-0.6,"moving_time":144,"split":24,"average_speed":6.91,"average_grade_adjusted_speed":null,"average_heartrate":135.64583333333334,"pace_zone":0},{"distance":1018.4,"elapsed_time":157,"elevation_difference":-5.1,"moving_time":157,"split":25,"average_speed":6.49,"average_grade_adjusted_speed":null,"average_heartrate":121.05095541401273,"pace_zone":0},{"distance":956.3,"elapsed_time":157,"elevation_difference":1.7,"moving_time":157,"split":26,"average_speed":6.09,"average_grade_adjusted_speed":null,"average_heartrate":125.77070063694268,"pace_zone":0},{"distance":1020.3,"elapsed_time":986,"elevation_difference":-0.9,"moving_time":176,"split":27,"average_speed":5.8,"average_grade_adjusted_speed":null,"average_heartrate":119.01704545454545,"pace_zone":0},{"distance":1013.7,"elapsed_time":145,"elevation_difference":1.6,"moving_time":145,"split":28,"average_speed":6.99,"average_grade_adjusted_speed":null,"average_heartrate":142.0344827586207,"pace_zone":0},{"distance":1010.3,"elapsed_time":197,"elevation_difference":4.3,"moving_time":166,"split":29,"average_speed":6.09,"average_grade_adjusted_speed":null,"average_heartrate":138.0,"pace_zone":0},{"distance":968.9,"elapsed_time":138,"elevation_difference":-4.8,"moving_time":138,"split":30,"average_speed":7.02,"average_grade_adjusted_speed":null,"average_heartrate":128.1304347826087,"pace_zone":0},{"distance":993.0,"elapsed_time":170,"elevation_difference":0.0,"moving_time":170,"split":31,"average_speed":5.84,"average_grade_adjusted_speed":null,"average_heartrate":130.01764705882354,"pace_zone":0},{"distance":1021.2,"elapsed_time":191,"elevation_difference":-1.6,"moving_time":156,"split":32,"average_speed":6.55,"average_grade_adjusted_speed":null,"average_heartrate":120.18324607329843,"pace_zone":0},{"distance":1057.1,"elapsed_time":160,"elevation_difference":-3.0,"moving_time":160,"split":33,"average_speed":6.61,"average_grade_adjusted_speed":null,"average_heartrate":129.8125,"pace_zone":0},{"distance":946.0,"elapsed_time":164,"elevation_difference":-1.5,"moving_time":127,"split":34,"average_speed":7.45,"average_grade_adjusted_speed":null,"average_heartrate":131.3779527559055,"pace_zone":0},{"distance":990.1,"elapsed_time":137,"elevation_difference":-0.3,"moving_time":137,"split":35,"average_speed":7.23,"average_grade_adjusted_speed":null,"average_heartrate":126.05109489051095,"pace_zone":0},{"distance":1002.1,"elapsed_time":173,"elevation_difference":4.9,"moving_time":139,"split":36,"average_speed":7.21,"average_grade_adjusted_speed":null,"average_heartrate":132.9364161849711,"pace_zone":0},{"distance":999.2,"elapsed_time":243,"elevation_difference":-10.5,"moving_time":159,"split":37,"average_speed":6.28,"average_grade_adjusted_speed":null,"average_heartrate":124.49685534591195,"pace_zone":0},{"distance":1010.3,"elapsed_time":204,"elevation_difference":1.1,"moving_time":178,"split":38,"average_speed":5.68,"average_grade_adjusted_speed":null,"average_heartrate":121.36516853932584,"pace_zone":0},{"distance":1012.0,"elapsed_time":165,"elevation_difference":-2.7,"moving_time":165,"split":39,"average_speed":6.13,"average_grade_adjusted_speed":null,"average_heartrate":140.44848484848484,"pace_zone":0},{"distance":1004.0,"elapsed_time":154,"elevation_difference":2.3,"moving_time":154,"split":40,"average_speed":6.52,"average_grade_adjusted_speed":null,"average_heartrate":133.51298701298703,"pace_zone":0},{"distance":963.0,"elapsed_time":624,"elevation_difference":1.2,"moving_time":144,"split":41,"average_speed":6.69,"average_grade_adjusted_speed":null,"average_heartrate":132.90277777777777,"pace_zone":0},{"distance":1016.3,"elapsed_time":168,"elevation_difference":0.9,"moving_time":168,"split":42,"average_speed":6.05,"average_grade_adjusted_speed":null,"average_heartrate":132.29761904761904,"pace_zone":0},{"distance":998.6,"elapsed_time":168,"elevation_difference":2.5,"moving_time":168,"split":43,"average_speed":5.94,"average_grade_adjusted_speed":null,"average_heartrate":143.98214285714286,"pace_zone":0},{"distance":980.9,"elapsed_time":192,"elevation_difference":-3.9,"moving_time":132,"split":44,"average_speed":7.43,"average_grade_adjusted_speed":null,"average_heartrate":121.03787878787878,"pace_zone":0},{"distance":996.6,"elapsed_time":190,"elevation_difference":-1.6,"moving_time":190,"split":45,"average_speed":5.25,"average_grade_adjusted_speed":null,"average_heartrate":122.85263157894737,"pace_zone":0},{"distance":1027.2,"elapsed_time":148,"elevation_difference":-1.1,"moving_time":148,"split":46,"average_speed":6.94,"average_grade_adjusted_speed":null,"average_heartrate":137.9391891891892,"pace_zone":0},{"distance":1002.1,"elapsed_time":189,"elevation_difference":-0.4,"moving_time":189,"split":47,"average_speed":5.3,"average_grade_adjusted_speed":null,"average_heartrate":128.0952380952381,"pace_zone":0},{"distance":995.3,"elapsed_time":141,"elevation_difference":-0.2,"moving_time":141,"split":48,"average_speed":7.06,"average_grade_adjusted_speed":null,"average_heartrate":121.7872340425532,"pace_zone":0},{"distance":982.3,"elapsed_time":204,"elevation_difference":-1.0,"moving_time":154,"split":49,"average_speed":6.38,"average_grade_adjusted_speed":null,"average_heartrate":125.11688311688312,"pace_zone":0},{"distance":1034.4,"elapsed_time":184,"elevation_difference":-0.4,"moving_time":145,"split":50,"average_speed":7.13,"average_grade_adjusted_speed":null,"average_heartrate":122.52717391304348,"pace_zone":0},{"distance":980.7,"elapsed_time":146,"elevation_difference":4.3,"moving_time":146,"split":51,"average_speed":6.72,"average_grade_adjusted_speed":null,"average_heartrate":133.28082191780823,"pace_zone":0},{"distance":985.4,"elapsed_time":163,"elevation_difference":-1.1,"moving_time":163,"split":52,"average_speed":6.05,"average_grade_adjusted_speed":null,"average_heartrate":131.33742331288343,"pace_zone":0},{"distance":1038.7,"elapsed_time":154,"elevation_difference":-3.3,"moving_time":154,"split":53,"average_speed":6.74,"average_grade_adjusted_speed":null,"average_heartrate":133.9935064935065,"pace_zone":0},{"distance":983.1,"elapsed_time":164,"elevation_difference":0.1,"moving_time":164,"split":54,"average_speed":5.99,"average_grade_adjusted_speed":null,"average_heartrate":126.84756097560975,"pace_zone":0},{"distance":971.4,"elapsed_time":148,"elevation_difference":0.0,"moving_time":148,"split":55,"average_speed":6.56,"average_grade_adjusted_speed":null,"average_heartrate":132.61486486486487,"pace_zone":0},{"distance":1024.7,"elapsed_time":178,"elevation_difference":0.0,"moving_time":178,"split":56,"average_speed":5.76,"average_grade_adjusted_speed":null,"average_heartrate":124.15168539325843,"pace_zone":0},{"distance":970.6,"elapsed_time":198,"elevation_difference":0.0,"moving_time":198,"split":57,"average_speed":4.9,"average_grade_adjusted_speed":null,"average_heartrate":109.16161616161617,"pace_zone":0},{"distance":1071.2,"elapsed_time":199,"elevation_difference":1.2,"moving_time":199,"split":58,"average_speed":5.38,"average_grade_adjusted_speed":null,"average_heartrate":124.57286432160804,"pace_zone":0},{"distance":944.9,"elapsed_time":229,"elevation_difference":0.9,"moving_time":150,"split":59,"average_speed":6.3,"average_grade_adjusted_speed":null,"average_heartrate":129.04666666666665,"pace_zone":0},{"distance":1112.8,"elapsed_time":228,"elevation_difference":-0.6,"moving_time":228,"split":60,"average_speed":4.88,"average_grade_adjusted_speed":null,"average_heartrate":117.01315789473684,"pace_zone":0},{"distance":917.5,"elapsed_time":1313,"elevation_difference":0.1,"moving_time":181,"split":61,"average_speed":5.07,"average_grade_adjusted_speed":null,"average_heartrate":117.92817679558011,"pace_zone":0},{"distance":962.7,"elapsed_time":147,"elevation_difference":-1.0,"moving_time":147,"split":62,"average_speed":6.55,"average_grade_adjusted_speed":null,"average_heartrate":136.39455782312925,"pace_zone":0},{"distance":1009.1,"elapsed_time":153,"elevation_difference":1.0,"moving_time":153,"split":63,"average_speed":6.6,"average_grade_adjusted_speed":null,"average_heartrate":132.7450980392157,"pace_zone":0},{"distance":980.7,"elapsed_time":144,"elevation_difference":2.3,"moving_time":144,"split":64,"average_speed":6.81,"average_grade_adjusted_speed":null,"average_heartrate":136.11111111111111,"pace_zone":0},{"distance":1035.9,"elapsed_time":164,"elevation_difference":-2.4,"moving_time":131,"split":65,"average_speed":7.91,"average_grade_adjusted_speed":null,"average_heartrate":134.29007633587787,"pace_zone":0},{"distance":967.4,"elapsed_time":132,"elevation_difference":-0.8,"moving_time":132,"split":66,"average_speed":7.33,"average_grade_adjusted_speed":null,"average_heartrate":154.21969696969697,"pace_zone":0},{"distance":1039.4,"elapsed_time":147,"elevation_difference":-0.6,"moving_time":147,"split":67,"average_speed":7.07,"average_grade_adjusted_speed":null,"average_heartrate":151.72108843537416,"pace_zone":0},{"distance":994.1,"elapsed_time":155,"elevation_difference":1.6,"moving_time":155,"split":68,"average_speed":6.41,"average_grade_adjusted_speed":null,"average_heartrate":143.89032258064515,"pace_zone":0},{"distance":983.5,"elapsed_time":152,"elevation_difference":-1.6,"moving_time":152,"split":69,"average_speed":6.47,"average_grade_adjusted_speed":null,"average_heartrate":135.30263157894737,"pace_zone":0},{"distance":979.0,"elapsed_time":162,"elevation_difference":1.0,"moving_time":162,"split":70,"average_speed":6.04,"average_grade_adjusted_speed":null,"average_heartrate":131.3827160493827,"pace_zone":0},{"distance":1024.8,"elapsed_time":185,"elevation_difference":0.4,"moving_time":164,"split":71,"average_speed":6.25,"average_grade_adjusted_speed":null,"average_heartrate":127.75675675675676,"pace_zone":0},{"distance":995.2,"elapsed_time":215,"elevation_difference":0.0,"moving_time":173,"split":72,"average_speed":5.75,"average_grade_adjusted_speed":null,"average_heartrate":126.21387283236994,"pace_zone":0},{"distance":1008.6,"elapsed_time":209,"elevation_difference":1.0,"moving_time":159,"split":73,"average_speed":6.34,"average_grade_adjusted_speed":null,"average_heartrate":127.74842767295597,"pace_zone":0},{"distance":1016.7,"elapsed_time":193,"elevation_difference":0.6,"moving_time":155,"split":74,"average_speed":6.56,"average_grade_adjusted_speed":null,"average_heartrate":131.33548387096775,"pace_zone":0},{"distance":956.3,"elapsed_time":205,"elevation_difference":0.5,"moving_time":134,"split":75,"average_speed":7.14,"average_grade_adjusted_speed":null,"average_heartrate":129.6492537313433,"pace_zone":0},{"distance":1017.5,"elapsed_time":186,"elevation_difference":0.8,"moving_time":143,"split":76,"average_speed":7.12,"average_grade_adjusted_speed":null,"average_heartrate":129.13978494623655,"pace_zone":0},{"distance":1009.2,"elapsed_time":176,"elevation_difference":0.9,"moving_time":146,"split":77,"average_speed":6.91,"average_grade_adjusted_speed":null,"average_heartrate":132.72602739726028,"pace_zone":0},{"distance":1053.1,"elapsed_time":192,"elevation_difference":-1.1,"moving_time":192,"split":78,"average_speed":5.48,"average_grade_adjusted_speed":null,"average_heartrate":123.1875,"pace_zone":0},{"distance":977.7,"elapsed_time":247,"elevation_difference":-1.0,"moving_time":154,"split":79,"average_speed":6.35,"average_grade_adjusted_speed":null,"average_heartrate":121.9560975609756,"pace_zone":0},{"distance":954.4,"elapsed_time":169,"elevation_difference":0.1,"moving_time":169,"split":80,"average_speed":5.65,"average_grade_adjusted_speed":null,"average_heartrate":124.49112426035504,"pace_zone":0},{"distance":1030.4,"elapsed_time":198,"elevation_difference":0.3,"moving_time":198,"split":81,"average_speed":5.2,"average_grade_adjusted_speed":null,"average_heartrate":119.97979797979798,"pace_zone":0},{"distance":999.6,"elapsed_time":217,"elevation_difference":0.4,"moving_time":148,"split":82,"average_speed":6.75,"average_grade_adjusted_speed":null,"average_heartrate":122.53456221198157,"pace_zone":0},{"distance":1073.0,"elapsed_time":171,"elevation_difference":-0.8,"moving_time":171,"split":83,"average_speed":6.27,"average_grade_adjusted_speed":null,"average_heartrate":129.35087719298247,"pace_zone":0},{"distance":896.1,"elapsed_time":178,"elevation_difference":-0.8,"moving_time":133,"split":84,"average_speed":6.74,"average_grade_adjusted_speed":null,"average_heartrate":133.2330827067669,"pace_zone":0},{"distance":1029.1,"elapsed_time":246,"elevation_difference":-1.4,"moving_time":175,"split":85,"average_speed":5.88,"average_grade_adjusted_speed":null,"average_heartrate":125.58285714285714,"pace_zone":0},{"distance":990.6,"elapsed_time":309,"elevation_difference":-1.0,"moving_time":127,"split":86,"average_speed":7.8,"average_grade_adjusted_speed":null,"average_heartrate":122.85802469135803,"pace_zone":0},{"distance":975.7,"elapsed_time":301,"elevation_difference":-0.7,"moving_time":134,"split":87,"average_speed":7.28,"average_grade_adjusted_speed":null,"average_heartrate":133.71641791044777,"pace_zone":0},{"distance":1047.0,"elapsed_time":174,"elevation_difference":5.1,"moving_time":153,"split":88,"average_speed":6.84,"average_grade_adjusted_speed":null,"average_heartrate":124.24137931034483,"pace_zone":0},{"distance":949.2,"elapsed_time":179,"elevation_difference":-1.8,"moving_time":132,"split":89,"average_speed":7.19,"average_grade_adjusted_speed":null,"average_heartrate":133.52272727272728,"pace_zone":0},{"distance":1038.0,"elapsed_time":147,"elevation_difference":-2.6,"moving_time":147,"split":90,"average_speed":7.06,"average_grade_adjusted_speed":null,"average_heartrate":147.3265306122449,"pace_zone":0},{"distance":988.0,"elapsed_time":229,"elevation_difference":4.6,"moving_time":170,"split":91,"average_speed":5.81,"average_grade_adjusted_speed":null,"average_heartrate":135.08235294117648,"pace_zone":0},{"distance":1001.5,"elapsed_time":162,"elevation_difference":0.0,"moving_time":162,"split":92,"average_speed":6.18,"average_grade_adjusted_speed":null,"average_heartrate":127.20370370370371,"pace_zone":0},{"distance":1001.0,"elapsed_time":160,"elevation_difference":0.0,"moving_time":160,"split":93,"average_speed":6.26,"average_grade_adjusted_speed":null,"average_heartrate":123.54375,"pace_zone":0},{"distance":970.5,"elapsed_time":146,"elevation_difference":1.5,"moving_time":146,"split":94,"average_speed":6.65,"average_grade_adjusted_speed":null,"average_heartrate":128.13013698630138,"pace_zone":0},{"distance":1000.4,"elapsed_time":192,"elevation_difference":-0.5,"moving_time":192,"split":95,"average_speed":5.21,"average_grade_adjusted_speed":null,"average_heartrate":123.39583333333333,"pace_zone":0},{"distance":646.7,"elapsed_time":140,"elevation_difference":-0.6,"moving_time":108,"split":96,"average_speed":5.99,"average_grade_adjusted_speed":null,"average_heartrate":128.75,"pace_zone":0}],"splits_standard":[{"distance":1618.7,"elapsed_time":369,"elevation_difference":6.5,"moving_time":313,"split":1,"average_speed":5.17,"average_grade_adjusted_speed":null,"average_heartrate":130.79552715654953,"pace_zone":0},{"distance":1640.1,"elapsed_time":444,"elevation_difference":3.2,"moving_time":266,"split":2,"average_speed":6.17,"average_grade_adjusted_speed":null,"average_heartrate":140.51315789473685,"pace_zone":0},{"distance":1577.6,"elapsed_time":308,"elevation_difference":0.4,"moving_time":244,"split":3,"average_speed":6.47,"average_grade_adjusted_speed":null,"average_heartrate":145.2704918032787,"pace_zone":0},{"distance":1609.0,"elapsed_time":250,"elevation_difference":-2.1,"moving_time":250,"split":4,"average_speed":6.44,"average_grade_adjusted_speed":null,"average_heartrate":139.86,"pace_zone":0},{"distance":1622.9,"elapsed_time":484,"elevation_difference":0.2,"moving_time":267,"split":5,"average_speed":6.08,"average_grade_adjusted_speed":null,"average_heartrate":136.1123595505618,"pace_zone":0},{"distance":1634.2,"elapsed_time":255,"elevation_difference":-0.1,"moving_time":255,"split":6,"average_speed":6.41,"average_grade_adjusted_speed":null,"average_heartrate":131.2078431372549,"pace_zone":0},{"distance":1611.5,"elapsed_time":258,"elevation_difference":-2.9,"moving_time":258,"split":7,"average_speed":6.25,"average_grade_adjusted_speed":null,"average_heartrate":135.11627906976744,"pace_zone":0},{"distance":1593.2,"elapsed_time":284,"elevation_difference":-0.1,"moving_time":284,"split":8,"average_speed":5.61,"average_grade_adjusted_speed":null,"average_heartrate":125.15492957746478,"pace_zone":0},{"distance":1593.7,"elapsed_time":278,"elevation_difference":0.6,"moving_time":278,"split":9,"average_speed":5.73,"average_grade_adjusted_speed":null,"average_heartrate":138.24820143884892,"pace_zone":0},{"distance":1593.6,"elapsed_time":238,"elevation_difference":0.2,"moving_time":238,"split":10,"average_speed":6.7,"average_grade_adjusted_speed":null,"average_heartrate":143.02100840336135,"pace_zone":0},{"distance":1640.6,"elapsed_time":245,"elevation_difference":6.3,"moving_time":245,"split":11,"average_speed":6.7,"average_grade_adjusted_speed":null,"average_heartrate":150.24897959183673,"pace_zone":0},{"distance":1604.4,"elapsed_time":238,"elevation_difference":6.5,"moving_time":216,"split":12,"average_speed":7.43,"average_grade_adjusted_speed":null,"average_heartrate":153.69444444444446,"pace_zone":0},{"distance":1601.0,"elapsed_time":247,"elevation_difference":-7.6,"moving_time":247,"split":13,"average_speed":6.48,"average_grade_adjusted_speed":null,"average_heartrate":133.40080971659918,"pace_zone":0},{"distance":1599.3,"elapsed_time":243,"elevation_difference":0.0,"moving_time":243,"split":14,"average_speed":6.58,"average_grade_adjusted_speed":null,"average_heartrate":134.90946502057614,"pace_zone":0},{"distance":1602.0,"elapsed_time":230,"elevation_difference":1.4,"moving_time":230,"split":15,"average_speed":6.97,"average_grade_adjusted_speed":null,"average_heartrate":139.69130434782608,"pace_zone":0},{"distance":1620.7,"elapsed_time":260,"elevation_difference":-4.2,"moving_time":260,"split":16,"average_speed":6.23,"average_grade_adjusted_speed":null,"average_heartrate":122.52692307692308,"pace_zone":0},{"distance":1597.2,"elapsed_time":1072,"elevation_difference":1.0,"moving_time":262,"split":17,"average_speed":6.1,"average_grade_adjusted_speed":null,"average_heartrate":123.25954198473282,"pace_zone":0},{"distance":1633.4,"elapsed_time":282,"elevation_difference":5.0,"moving_time":251,"split":18,"average_speed":6.51,"average_grade_adjusted_speed":null,"average_heartrate":141.09561752988049,"pace_zone":0},{"distance":1620.0,"elapsed_time":236,"elevation_difference":-3.6,"moving_time":236,"split":19,"average_speed":6.86,"average_grade_adjusted_speed":null,"average_heartrate":133.71186440677965,"pace_zone":0},{"distance":1611.3,"elapsed_time":305,"elevation_difference":-4.0,"moving_time":270,"split":20,"average_speed":5.97,"average_grade_adjusted_speed":null,"average_heartrate":120.63934426229508,"pace_zone":0},{"distance":1593.3,"elapsed_time":265,"elevation_difference":-2.7,"moving_time":228,"split":21,"average_speed":6.99,"average_grade_adjusted_speed":null,"average_heartrate":129.76754385964912,"pace_zone":0},{"distance":1613.0,"elapsed_time":223,"elevation_difference":-0.1,"moving_time":223,"split":22,"average_speed":7.23,"average_grade_adjusted_speed":null,"average_heartrate":130.41255605381167,"pace_zone":0},{"distance":1593.7,"elapsed_time":358,"elevation_difference":-6.3,"moving_time":240,"split":23,"average_speed":6.64,"average_grade_adjusted_speed":null,"average_heartrate":126.96350364963503,"pace_zone":0},{"distance":1634.7,"elapsed_time":313,"elevation_difference":-1.7,"moving_time":287,"split":24,"average_speed":5.7,"average_grade_adjusted_speed":null,"average_heartrate":127.62020905923345,"pace_zone":0},{"distance":1601.9,"elapsed_time":242,"elevation_difference":2.8,"moving_time":242,"split":25,"average_speed":6.62,"average_grade_adjusted_speed":null,"average_heartrate":137.58264462809916,"pace_zone":0},{"distance":1593.6,"elapsed_time":735,"elevation_difference":1.7,"moving_time":255,"split":26,"average_speed":6.25,"average_grade_adjusted_speed":null,"average_heartrate":130.8470588235294,"pace_zone":0},{"distance":1603.4,"elapsed_time":300,"elevation_difference":0.2,"moving_time":240,"split":27,"average_speed":6.68,"average_grade_adjusted_speed":null,"average_heartrate":138.35833333333332,"pace_zone":0},{"distance":1608.9,"elapsed_time":284,"elevation_difference":-3.1,"moving_time":284,"split":28,"average_speed":5.67,"average_grade_adjusted_speed":null,"average_heartrate":122.83802816901408,"pace_zone":0},{"distance":1636.9,"elapsed_time":269,"elevation_difference":-1.6,"moving_time":269,"split":29,"average_speed":6.09,"average_grade_adjusted_speed":null,"average_heartrate":130.08921933085503,"pace_zone":0},{"distance":1637.4,"elapsed_time":249,"elevation_difference":-0.5,"moving_time":249,"split":30,"average_speed":6.58,"average_grade_adjusted_speed":null,"average_heartrate":127.5421686746988,"pace_zone":0},{"distance":1571.2,"elapsed_time":319,"elevation_difference":-1.1,"moving_time":230,"split":31,"average_speed":6.83,"average_grade_adjusted_speed":null,"average_heartrate":123.03345724907064,"pace_zone":0},{"distance":1623.6,"elapsed_time":241,"elevation_difference":0.9,"moving_time":241,"split":32,"average_speed":6.74,"average_grade_adjusted_speed":null,"average_heartrate":134.24066390041494,"pace_zone":0},{"distance":1621.7,"elapsed_time":258,"elevation_difference":0.2,"moving_time":258,"split":33,"average_speed":6.29,"average_grade_adjusted_speed":null,"average_heartrate":131.49612403100775,"pace_zone":0},{"distance":1577.1,"elapsed_time":254,"elevation_difference":0.3,"moving_time":254,"split":34,"average_speed":6.21,"average_grade_adjusted_speed":null,"average_heartrate":128.32677165354332,"pace_zone":0},{"distance":1599.8,"elapsed_time":288,"elevation_difference":-1.4,"moving_time":288,"split":35,"average_speed":5.55,"average_grade_adjusted_speed":null,"average_heartrate":121.63888888888889,"pace_zone":0},{"distance":1607.2,"elapsed_time":304,"elevation_difference":0.0,"moving_time":304,"split":36,"average_speed":5.29,"average_grade_adjusted_speed":null,"average_heartrate":118.71381578947368,"pace_zone":0},{"distance":1615.5,"elapsed_time":372,"elevation_difference":0.8,"moving_time":293,"split":37,"average_speed":5.51,"average_grade_adjusted_speed":null,"average_heartrate":123.81228668941979,"pace_zone":0},{"distance":1598.7,"elapsed_time":1439,"elevation_difference":0.8,"moving_time":307,"split":38,"average_speed":5.21,"average_grade_adjusted_speed":null,"average_heartrate":118.36156351791531,"pace_zone":0},{"distance":1649.2,"elapsed_time":253,"elevation_difference":-0.2,"moving_time":253,"split":39,"average_speed":6.52,"average_grade_adjusted_speed":null,"average_heartrate":134.29644268774703,"pace_zone":0},{"distance":1594.5,"elapsed_time":229,"elevation_difference":2.3,"moving_time":229,"split":40,"average_speed":6.96,"average_grade_adjusted_speed":null,"average_heartrate":136.764192139738,"pace_zone":0},{"distance":1604.5,"elapsed_time":242,"elevation_difference":-3.0,"moving_time":209,"split":41,"average_speed":7.68,"average_grade_adjusted_speed":null,"average_heartrate":145.51674641148324,"pace_zone":0},{"distance":1635.1,"elapsed_time":237,"elevation_difference":0.0,"moving_time":237,"split":42,"average_speed":6.9,"average_grade_adjusted_speed":null,"average_heartrate":146.86919831223628,"pace_zone":0},{"distance":1594.3,"elapsed_time":259,"elevation_difference":1.3,"moving_time":259,"split":43,"average_speed":6.16,"average_grade_adjusted_speed":null,"average_heartrate":137.8996138996139,"pace_zone":0},{"distance":1607.6,"elapsed_time":255,"elevation_difference":-1.3,"moving_time":255,"split":44,"average_speed":6.3,"average_grade_adjusted_speed":null,"average_heartrate":129.35294117647058,"pace_zone":0},{"distance":1581.3,"elapsed_time":376,"elevation_difference":0.8,"moving_time":263,"split":45,"average_speed":6.01,"average_grade_adjusted_speed":null,"average_heartrate":126.54577464788733,"pace_zone":0},{"distance":1623.0,"elapsed_time":291,"elevation_difference":1.6,"moving_time":253,"split":46,"average_speed":6.42,"average_grade_adjusted_speed":null,"average_heartrate":131.01581027667984,"pace_zone":0},{"distance":1644.7,"elapsed_time":342,"elevation_difference":1.1,"moving_time":228,"split":47,"average_speed":7.21,"average_grade_adjusted_speed":null,"average_heartrate":128.86346863468634,"pace_zone":0},{"distance":1608.1,"elapsed_time":287,"elevation_difference":1.2,"moving_time":257,"split":48,"average_speed":6.26,"average_grade_adjusted_speed":null,"average_heartrate":130.98054474708172,"pace_zone":0},{"distance":1583.2,"elapsed_time":339,"elevation_difference":-2.0,"moving_time":246,"split":49,"average_speed":6.44,"average_grade_adjusted_speed":null,"average_heartrate":122.02020202020202,"pace_zone":0},{"distance":1602.0,"elapsed_time":286,"elevation_difference":0.7,"moving_time":286,"split":50,"average_speed":5.6,"average_grade_adjusted_speed":null,"average_heartrate":124.33916083916084,"pace_zone":0},{"distance":1615.7,"elapsed_time":345,"elevation_difference":-1.5,"moving_time":276,"split":51,"average_speed":5.85,"average_grade_adjusted_speed":null,"average_heartrate":120.43188405797102,"pace_zone":0},{"distance":1599.1,"elapsed_time":289,"elevation_difference":-0.2,"moving_time":244,"split":52,"average_speed":6.55,"average_grade_adjusted_speed":null,"average_heartrate":130.11065573770492,"pace_zone":0},{"distance":1691.2,"elapsed_time":345,"elevation_difference":-1.7,"moving_time":274,"split":53,"average_speed":6.17,"average_grade_adjusted_speed":null,"average_heartrate":128.4817518248175,"pace_zone":0},{"distance":1552.6,"elapsed_time":439,"elevation_difference":0.6,"moving_time":207,"split":54,"average_speed":7.5,"average_grade_adjusted_speed":null,"average_heartrate":127.61570247933884,"pace_zone":0},{"distance":1578.6,"elapsed_time":364,"elevation_difference":-0.9,"moving_time":226,"split":55,"average_speed":6.98,"average_grade_adjusted_speed":null,"average_heartrate":127.95951417004049,"pace_zone":0},{"distance":1678.3,"elapsed_time":283,"elevation_difference":2.7,"moving_time":236,"split":56,"average_speed":7.11,"average_grade_adjusted_speed":null,"average_heartrate":141.27966101694915,"pace_zone":0},{"distance":1547.7,"elapsed_time":320,"elevation_difference":1.5,"moving_time":261,"split":57,"average_speed":5.93,"average_grade_adjusted_speed":null,"average_heartrate":131.01532567049807,"pace_zone":0},{"distance":1619.9,"elapsed_time":259,"elevation_difference":0.0,"moving_time":259,"split":58,"average_speed":6.25,"average_grade_adjusted_speed":null,"average_heartrate":124.94594594594595,"pace_zone":0},{"distance":1589.2,"elapsed_time":276,"elevation_difference":1.1,"moving_time":276,"split":59,"average_speed":5.76,"average_grade_adjusted_speed":null,"average_heartrate":125.6340579710145,"pace_zone":0},{"distance":694.7,"elapsed_time":150,"elevation_difference":-0.7,"moving_time":118,"split":60,"average_speed":5.89,"average_grade_adjusted_speed":null,"average_heartrate":127.46610169491525,"pace_zone":0}],"laps":[{"id":1924773347,"resource_state":2,"name":"Lap
        1","activity":{"id":630203151,"visibility":"everyone","resource_state":1},"athlete":{"id":2430215,"resource_state":1},"elapsed_time":20293,"moving_time":15170,"start_date":"2016-07-04T14:36:55Z","start_date_local":"2016-07-04T09:36:55Z","distance":96941.1,"average_speed":6.39,"max_speed":15.4,"lap_index":1,"split":1,"start_index":0,"end_index":2351,"total_elevation_gain":11.0,"average_cadence":93.8,"device_watts":true,"average_watts":108.7,"average_heartrate":131.2,"max_heartrate":167.0}],"photos":{"primary":{"unique_id":"7D6D4B68-81C6-4831-BFD9-C36F0C46CB41","urls":{"600":"https://dgtzuqphqg23d.cloudfront.net/3xxlmNZNWWBLPBEdUPxXaZ0X6acdl6c5D5R6StX5egc-768x576.jpg","100":"https://dgtzuqphqg23d.cloudfront.net/3xxlmNZNWWBLPBEdUPxXaZ0X6acdl6c5D5R6StX5egc-128x96.jpg"},"source":1,"media_type":1},"use_primary_photo":false,"count":2},"stats_visibility":[{"type":"heart_rate","visibility":"everyone"},{"type":"pace","visibility":"everyone"},{"type":"power","visibility":"everyone"},{"type":"speed","visibility":"everyone"},{"type":"calories","visibility":"everyone"}],"hide_from_home":false,"embed_token":"14515a35ecbfe5a757f1952960e5e22a448dc09d","available_zones":["heartrate","power"]}'
  recorded_at: Fri, 27 Feb 2026 23:49:00 GMT
recorded_with: VCR 6.4.0
