// Jest Snapshot v1, https://goo.gl/fbAQLP

exports[`<MultiSerialSearch /> mount rendered matches the snapshot 1`] = `
<MultiSerialSearch>
  <h4
    className="multi-search-toggle"
  >
    <a
      href=""
      onClick={[Function]}
    >
      Show
       Multiple Serial Search
    </a>
  </h4>
</MultiSerialSearch>
`;
